Archive member included to satisfy reference by file (symbol)

c:/st/stm32cubeide_1.3.0/stm32cubeide/plugins/com.st.stm32cube.ide.mcu.externaltools.gnu-tools-for-stm32.7-2018-q2-update.win32_1.0.0.201904181610/tools/bin/../lib/gcc/arm-none-eabi/7.3.1/../../../../arm-none-eabi/lib/thumb/v7-m\libc_nano.a(lib_a-errno.o)
                              Core/Src/syscalls.o (__errno)
c:/st/stm32cubeide_1.3.0/stm32cubeide/plugins/com.st.stm32cube.ide.mcu.externaltools.gnu-tools-for-stm32.7-2018-q2-update.win32_1.0.0.201904181610/tools/bin/../lib/gcc/arm-none-eabi/7.3.1/../../../../arm-none-eabi/lib/thumb/v7-m\libc_nano.a(lib_a-exit.o)
                              c:/st/stm32cubeide_1.3.0/stm32cubeide/plugins/com.st.stm32cube.ide.mcu.externaltools.gnu-tools-for-stm32.7-2018-q2-update.win32_1.0.0.201904181610/tools/bin/../lib/gcc/arm-none-eabi/7.3.1/../../../../arm-none-eabi/lib/thumb/v7-m/crt0.o (exit)
c:/st/stm32cubeide_1.3.0/stm32cubeide/plugins/com.st.stm32cube.ide.mcu.externaltools.gnu-tools-for-stm32.7-2018-q2-update.win32_1.0.0.201904181610/tools/bin/../lib/gcc/arm-none-eabi/7.3.1/../../../../arm-none-eabi/lib/thumb/v7-m\libc_nano.a(lib_a-impure.o)
                              c:/st/stm32cubeide_1.3.0/stm32cubeide/plugins/com.st.stm32cube.ide.mcu.externaltools.gnu-tools-for-stm32.7-2018-q2-update.win32_1.0.0.201904181610/tools/bin/../lib/gcc/arm-none-eabi/7.3.1/../../../../arm-none-eabi/lib/thumb/v7-m\libc_nano.a(lib_a-exit.o) (_global_impure_ptr)
c:/st/stm32cubeide_1.3.0/stm32cubeide/plugins/com.st.stm32cube.ide.mcu.externaltools.gnu-tools-for-stm32.7-2018-q2-update.win32_1.0.0.201904181610/tools/bin/../lib/gcc/arm-none-eabi/7.3.1/../../../../arm-none-eabi/lib/thumb/v7-m\libc_nano.a(lib_a-init.o)
                              c:/st/stm32cubeide_1.3.0/stm32cubeide/plugins/com.st.stm32cube.ide.mcu.externaltools.gnu-tools-for-stm32.7-2018-q2-update.win32_1.0.0.201904181610/tools/bin/../lib/gcc/arm-none-eabi/7.3.1/../../../../arm-none-eabi/lib/thumb/v7-m/crt0.o (__libc_init_array)
c:/st/stm32cubeide_1.3.0/stm32cubeide/plugins/com.st.stm32cube.ide.mcu.externaltools.gnu-tools-for-stm32.7-2018-q2-update.win32_1.0.0.201904181610/tools/bin/../lib/gcc/arm-none-eabi/7.3.1/../../../../arm-none-eabi/lib/thumb/v7-m\libc_nano.a(lib_a-memcpy-stub.o)
                              USB_DEVICE/App/usbd_storage_if.o (memcpy)
c:/st/stm32cubeide_1.3.0/stm32cubeide/plugins/com.st.stm32cube.ide.mcu.externaltools.gnu-tools-for-stm32.7-2018-q2-update.win32_1.0.0.201904181610/tools/bin/../lib/gcc/arm-none-eabi/7.3.1/../../../../arm-none-eabi/lib/thumb/v7-m\libc_nano.a(lib_a-memset.o)
                              c:/st/stm32cubeide_1.3.0/stm32cubeide/plugins/com.st.stm32cube.ide.mcu.externaltools.gnu-tools-for-stm32.7-2018-q2-update.win32_1.0.0.201904181610/tools/bin/../lib/gcc/arm-none-eabi/7.3.1/../../../../arm-none-eabi/lib/thumb/v7-m/crt0.o (memset)

Allocating common symbols
Common symbol       size              file

hUsbDeviceFS        0x2c4             USB_DEVICE/App/usb_device.o
uwTick              0x4               Drivers/STM32F1xx_HAL_Driver/Src/stm32f1xx_hal.o
pFlash              0x20              Drivers/STM32F1xx_HAL_Driver/Src/stm32f1xx_hal_flash.o
hpcd_USB_FS         0x26c             USB_DEVICE/Target/usbd_conf.o
USBD_StrDesc        0x200             USB_DEVICE/App/usbd_desc.o

Discarded input sections

 .text          0x0000000000000000        0x0 c:/st/stm32cubeide_1.3.0/stm32cubeide/plugins/com.st.stm32cube.ide.mcu.externaltools.gnu-tools-for-stm32.7-2018-q2-update.win32_1.0.0.201904181610/tools/bin/../lib/gcc/arm-none-eabi/7.3.1/thumb/v7-m/crti.o
 .data          0x0000000000000000        0x0 c:/st/stm32cubeide_1.3.0/stm32cubeide/plugins/com.st.stm32cube.ide.mcu.externaltools.gnu-tools-for-stm32.7-2018-q2-update.win32_1.0.0.201904181610/tools/bin/../lib/gcc/arm-none-eabi/7.3.1/thumb/v7-m/crti.o
 .bss           0x0000000000000000        0x0 c:/st/stm32cubeide_1.3.0/stm32cubeide/plugins/com.st.stm32cube.ide.mcu.externaltools.gnu-tools-for-stm32.7-2018-q2-update.win32_1.0.0.201904181610/tools/bin/../lib/gcc/arm-none-eabi/7.3.1/thumb/v7-m/crti.o
 .data          0x0000000000000000        0x4 c:/st/stm32cubeide_1.3.0/stm32cubeide/plugins/com.st.stm32cube.ide.mcu.externaltools.gnu-tools-for-stm32.7-2018-q2-update.win32_1.0.0.201904181610/tools/bin/../lib/gcc/arm-none-eabi/7.3.1/thumb/v7-m/crtbegin.o
 .text          0x0000000000000000       0x74 c:/st/stm32cubeide_1.3.0/stm32cubeide/plugins/com.st.stm32cube.ide.mcu.externaltools.gnu-tools-for-stm32.7-2018-q2-update.win32_1.0.0.201904181610/tools/bin/../lib/gcc/arm-none-eabi/7.3.1/../../../../arm-none-eabi/lib/thumb/v7-m/crt0.o
 .data          0x0000000000000000        0x0 c:/st/stm32cubeide_1.3.0/stm32cubeide/plugins/com.st.stm32cube.ide.mcu.externaltools.gnu-tools-for-stm32.7-2018-q2-update.win32_1.0.0.201904181610/tools/bin/../lib/gcc/arm-none-eabi/7.3.1/../../../../arm-none-eabi/lib/thumb/v7-m/crt0.o
[...]
Memory Configuration

Name             Origin             Length             Attributes
RAM              0x0000000020000000 0x0000000000002800 xrw
FLASH            0x0000000008000000 0x0000000000008000 xr
*default*        0x0000000000000000 0xffffffffffffffff

Linker script and memory map

LOAD c:/st/stm32cubeide_1.3.0/stm32cubeide/plugins/com.st.stm32cube.ide.mcu.externaltools.gnu-tools-for-stm32.7-2018-q2-update.win32_1.0.0.201904181610/tools/bin/../lib/gcc/arm-none-eabi/7.3.1/thumb/v7-m/crti.o
LOAD c:/st/stm32cubeide_1.3.0/stm32cubeide/plugins/com.st.stm32cube.ide.mcu.externaltools.gnu-tools-for-stm32.7-2018-q2-update.win32_1.0.0.201904181610/tools/bin/../lib/gcc/arm-none-eabi/7.3.1/thumb/v7-m/crtbegin.o
LOAD c:/st/stm32cubeide_1.3.0/stm32cubeide/plugins/com.st.stm32cube.ide.mcu.externaltools.gnu-tools-for-stm32.7-2018-q2-update.win32_1.0.0.201904181610/tools/bin/../lib/gcc/arm-none-eabi/7.3.1/../../../../arm-none-eabi/lib/thumb/v7-m/crt0.o
LOAD Core/Src/main.o
LOAD Core/Src/stm32f1xx_hal_msp.o
LOAD Core/Src/stm32f1xx_it.o
LOAD Core/Src/syscalls.o
LOAD Core/Src/sysmem.o
LOAD Core/Src/system_stm32f1xx.o
LOAD Core/Startup/startup_stm32f103c6tx.o
LOAD Drivers/STM32F1xx_HAL_Driver/Src/stm32f1xx_hal.o
LOAD Drivers/STM32F1xx_HAL_Driver/Src/stm32f1xx_hal_cortex.o
LOAD Drivers/STM32F1xx_HAL_Driver/Src/stm32f1xx_hal_dma.o
LOAD Drivers/STM32F1xx_HAL_Driver/Src/stm32f1xx_hal_exti.o
LOAD Drivers/STM32F1xx_HAL_Driver/Src/stm32f1xx_hal_flash.o
LOAD Drivers/STM32F1xx_HAL_Driver/Src/stm32f1xx_hal_flash_ex.o
LOAD Drivers/STM32F1xx_HAL_Driver/Src/stm32f1xx_hal_gpio.o
LOAD Drivers/STM32F1xx_HAL_Driver/Src/stm32f1xx_hal_gpio_ex.o
LOAD Drivers/STM32F1xx_HAL_Driver/Src/stm32f1xx_hal_pcd.o
LOAD Drivers/STM32F1xx_HAL_Driver/Src/stm32f1xx_hal_pcd_ex.o
LOAD Drivers/STM32F1xx_HAL_Driver/Src/stm32f1xx_hal_pwr.o
LOAD Drivers/STM32F1xx_HAL_Driver/Src/stm32f1xx_hal_rcc.o
LOAD Drivers/STM32F1xx_HAL_Driver/Src/stm32f1xx_hal_rcc_ex.o
LOAD Drivers/STM32F1xx_HAL_Driver/Src/stm32f1xx_hal_tim.o
LOAD Drivers/STM32F1xx_HAL_Driver/Src/stm32f1xx_hal_tim_ex.o
LOAD Drivers/STM32F1xx_HAL_Driver/Src/stm32f1xx_ll_usb.o
LOAD Middlewares/ST/STM32_USB_Device_Library/Class/MSC/Src/usbd_msc.o
LOAD Middlewares/ST/STM32_USB_Device_Library/Class/MSC/Src/usbd_msc_bot.o
LOAD Middlewares/ST/STM32_USB_Device_Library/Class/MSC/Src/usbd_msc_data.o
LOAD Middlewares/ST/STM32_USB_Device_Library/Class/MSC/Src/usbd_msc_scsi.o
LOAD Middlewares/ST/STM32_USB_Device_Library/Core/Src/usbd_core.o
LOAD Middlewares/ST/STM32_USB_Device_Library/Core/Src/usbd_ctlreq.o
LOAD Middlewares/ST/STM32_USB_Device_Library/Core/Src/usbd_ioreq.o
LOAD USB_DEVICE/App/usb_device.o
LOAD USB_DEVICE/App/usbd_desc.o
LOAD USB_DEVICE/App/usbd_storage_if.o
LOAD USB_DEVICE/Target/usbd_conf.o
START GROUP
LOAD c:/st/stm32cubeide_1.3.0/stm32cubeide/plugins/com.st.stm32cube.ide.mcu.externaltools.gnu-tools-for-stm32.7-2018-q2-update.win32_1.0.0.201904181610/tools/bin/../lib/gcc/arm-none-eabi/7.3.1/../../../../arm-none-eabi/lib/thumb/v7-m\libc_nano.a
LOAD c:/st/stm32cubeide_1.3.0/stm32cubeide/plugins/com.st.stm32cube.ide.mcu.externaltools.gnu-tools-for-stm32.7-2018-q2-update.win32_1.0.0.201904181610/tools/bin/../lib/gcc/arm-none-eabi/7.3.1/../../../../arm-none-eabi/lib/thumb/v7-m\libm.a
END GROUP
START GROUP
LOAD c:/st/stm32cubeide_1.3.0/stm32cubeide/plugins/com.st.stm32cube.ide.mcu.externaltools.gnu-tools-for-stm32.7-2018-q2-update.win32_1.0.0.201904181610/tools/bin/../lib/gcc/arm-none-eabi/7.3.1/thumb/v7-m\libgcc.a
LOAD c:/st/stm32cubeide_1.3.0/stm32cubeide/plugins/com.st.stm32cube.ide.mcu.externaltools.gnu-tools-for-stm32.7-2018-q2-update.win32_1.0.0.201904181610/tools/bin/../lib/gcc/arm-none-eabi/7.3.1/../../../../arm-none-eabi/lib/thumb/v7-m\libc_nano.a
END GROUP
START GROUP
LOAD c:/st/stm32cubeide_1.3.0/stm32cubeide/plugins/com.st.stm32cube.ide.mcu.externaltools.gnu-tools-for-stm32.7-2018-q2-update.win32_1.0.0.201904181610/tools/bin/../lib/gcc/arm-none-eabi/7.3.1/thumb/v7-m\libgcc.a
LOAD c:/st/stm32cubeide_1.3.0/stm32cubeide/plugins/com.st.stm32cube.ide.mcu.externaltools.gnu-tools-for-stm32.7-2018-q2-update.win32_1.0.0.201904181610/tools/bin/../lib/gcc/arm-none-eabi/7.3.1/../../../../arm-none-eabi/lib/thumb/v7-m\libc_nano.a
LOAD c:/st/stm32cubeide_1.3.0/stm32cubeide/plugins/com.st.stm32cube.ide.mcu.externaltools.gnu-tools-for-stm32.7-2018-q2-update.win32_1.0.0.201904181610/tools/bin/../lib/gcc/arm-none-eabi/7.3.1/../../../../arm-none-eabi/lib/thumb/v7-m\libnosys.a
END GROUP
START GROUP
LOAD c:/st/stm32cubeide_1.3.0/stm32cubeide/plugins/com.st.stm32cube.ide.mcu.externaltools.gnu-tools-for-stm32.7-2018-q2-update.win32_1.0.0.201904181610/tools/bin/../lib/gcc/arm-none-eabi/7.3.1/thumb/v7-m\libgcc.a
LOAD c:/st/stm32cubeide_1.3.0/stm32cubeide/plugins/com.st.stm32cube.ide.mcu.externaltools.gnu-tools-for-stm32.7-2018-q2-update.win32_1.0.0.201904181610/tools/bin/../lib/gcc/arm-none-eabi/7.3.1/../../../../arm-none-eabi/lib/thumb/v7-m\libc_nano.a
LOAD c:/st/stm32cubeide_1.3.0/stm32cubeide/plugins/com.st.stm32cube.ide.mcu.externaltools.gnu-tools-for-stm32.7-2018-q2-update.win32_1.0.0.201904181610/tools/bin/../lib/gcc/arm-none-eabi/7.3.1/../../../../arm-none-eabi/lib/thumb/v7-m\libnosys.a
END GROUP
LOAD c:/st/stm32cubeide_1.3.0/stm32cubeide/plugins/com.st.stm32cube.ide.mcu.externaltools.gnu-tools-for-stm32.7-2018-q2-update.win32_1.0.0.201904181610/tools/bin/../lib/gcc/arm-none-eabi/7.3.1/thumb/v7-m/crtend.o
LOAD c:/st/stm32cubeide_1.3.0/stm32cubeide/plugins/com.st.stm32cube.ide.mcu.externaltools.gnu-tools-for-stm32.7-2018-q2-update.win32_1.0.0.201904181610/tools/bin/../lib/gcc/arm-none-eabi/7.3.1/thumb/v7-m/crtn.o
                0x0000000020002800                _estack = (ORIGIN (RAM) + LENGTH (RAM))
                0x0000000000000200                _Min_Heap_Size = 0x200
                0x0000000000000400                _Min_Stack_Size = 0x400

.isr_vector     0x0000000008000000      0x10c
                0x0000000008000000                . = ALIGN (0x4)
 *(.isr_vector)
 .isr_vector    0x0000000008000000      0x10c Core/Startup/startup_stm32f103c6tx.o
                0x0000000008000000                g_pfnVectors
                0x000000000800010c                . = ALIGN (0x4)

.text           0x000000000800010c     0x625c
                0x000000000800010c                . = ALIGN (0x4)
 *(.text)
 .text          0x000000000800010c       0x40 c:/st/stm32cubeide_1.3.0/stm32cubeide/plugins/com.st.stm32cube.ide.mcu.externaltools.gnu-tools-for-stm32.7-2018-q2-update.win32_1.0.0.201904181610/tools/bin/../lib/gcc/arm-none-eabi/7.3.1/thumb/v7-m/crtbegin.o
 *(.text*)
 .text.main     0x000000000800014c       0x2c Core/Src/main.o
                0x000000000800014c                main
 .text.SystemClock_Config
                0x0000000008000178       0xb4 Core/Src/main.o
                0x0000000008000178                SystemClock_Config
 .text.MX_GPIO_Init
                0x000000000800022c       0x98 Core/Src/main.o
 .text.Error_Handler
                0x00000000080002c4        0xc Core/Src/main.o
                0x00000000080002c4                Error_Handler
 .text.HAL_MspInit
                0x00000000080002d0       0x64 Core/Src/stm32f1xx_hal_msp.o
                0x00000000080002d0                HAL_MspInit
 .text.NMI_Handler
                0x0000000008000334        0xc Core/Src/stm32f1xx_it.o
                0x0000000008000334                NMI_Handler
 .text.HardFault_Handler
                0x0000000008000340        0x6 Core/Src/stm32f1xx_it.o
                0x0000000008000340                HardFault_Handler
 .text.MemManage_Handler
                0x0000000008000346        0x6 Core/Src/stm32f1xx_it.o
                0x0000000008000346                MemManage_Handler
 .text.BusFault_Handler
                0x000000000800034c        0x6 Core/Src/stm32f1xx_it.o
                0x000000000800034c                BusFault_Handler
 .text.UsageFault_Handler
                0x0000000008000352        0x6 Core/Src/stm32f1xx_it.o
                0x0000000008000352                UsageFault_Handler
 .text.SVC_Handler
                0x0000000008000358        0xc Core/Src/stm32f1xx_it.o
                0x0000000008000358                SVC_Handler
 .text.DebugMon_Handler
                0x0000000008000364        0xc Core/Src/stm32f1xx_it.o
                0x0000000008000364                DebugMon_Handler
 .text.PendSV_Handler
                0x0000000008000370        0xc Core/Src/stm32f1xx_it.o
                0x0000000008000370                PendSV_Handler
 .text.SysTick_Handler
                0x000000000800037c        0xc Core/Src/stm32f1xx_it.o
                0x000000000800037c                SysTick_Handler
 .text.USB_LP_CAN1_RX0_IRQHandler
                0x0000000008000388       0x14 Core/Src/stm32f1xx_it.o
                0x0000000008000388                USB_LP_CAN1_RX0_IRQHandler
 .text.SystemInit
                0x000000000800039c       0x68 Core/Src/system_stm32f1xx.o
                0x000000000800039c                SystemInit
 .text.Reset_Handler
                0x0000000008000404       0x48 Core/Startup/startup_stm32f103c6tx.o
                0x0000000008000404                Reset_Handler
 .text.Default_Handler
                0x000000000800044c        0x2 Core/Startup/startup_stm32f103c6tx.o
                0x000000000800044c                RTC_Alarm_IRQHandler
                0x000000000800044c                EXTI2_IRQHandler
                0x000000000800044c                TIM1_CC_IRQHandler
                0x000000000800044c                PVD_IRQHandler
                0x000000000800044c                EXTI3_IRQHandler
                0x000000000800044c                EXTI0_IRQHandler
                0x000000000800044c                ADC1_2_IRQHandler
                0x000000000800044c                SPI1_IRQHandler
                0x000000000800044c                TAMPER_IRQHandler
                0x000000000800044c                DMA1_Channel4_IRQHandler
                0x000000000800044c                RTC_IRQHandler
                0x000000000800044c                DMA1_Channel7_IRQHandler
                0x000000000800044c                CAN1_RX1_IRQHandler
                0x000000000800044c                I2C1_EV_IRQHandler
                0x000000000800044c                DMA1_Channel6_IRQHandler
                0x000000000800044c                TIM3_IRQHandler
                0x000000000800044c                RCC_IRQHandler
                0x000000000800044c                TIM1_TRG_COM_IRQHandler
                0x000000000800044c                DMA1_Channel1_IRQHandler
                0x000000000800044c                Default_Handler
                0x000000000800044c                EXTI15_10_IRQHandler
                0x000000000800044c                EXTI9_5_IRQHandler
                0x000000000800044c                DMA1_Channel5_IRQHandler
                0x000000000800044c                EXTI4_IRQHandler
                0x000000000800044c                USB_HP_CAN1_TX_IRQHandler
                0x000000000800044c                DMA1_Channel3_IRQHandler
                0x000000000800044c                TIM1_UP_IRQHandler
                0x000000000800044c                WWDG_IRQHandler
                0x000000000800044c                TIM2_IRQHandler
                0x000000000800044c                TIM1_BRK_IRQHandler
                0x000000000800044c                EXTI1_IRQHandler
                0x000000000800044c                USART2_IRQHandler
                0x000000000800044c                DMA1_Channel2_IRQHandler
                0x000000000800044c                CAN1_SCE_IRQHandler
                0x000000000800044c                FLASH_IRQHandler
                0x000000000800044c                USART1_IRQHandler
                0x000000000800044c                I2C1_ER_IRQHandler
                0x000000000800044c                USBWakeUp_IRQHandler
 *fill*         0x000000000800044e        0x2 
 .text.HAL_Init
                0x0000000008000450       0x2c Drivers/STM32F1xx_HAL_Driver/Src/stm32f1xx_hal.o
                0x0000000008000450                HAL_Init
 .text.HAL_InitTick
                0x000000000800047c       0x60 Drivers/STM32F1xx_HAL_Driver/Src/stm32f1xx_hal.o
                0x000000000800047c                HAL_InitTick
 .text.HAL_IncTick
                0x00000000080004dc       0x24 Drivers/STM32F1xx_HAL_Driver/Src/stm32f1xx_hal.o
                0x00000000080004dc                HAL_IncTick
 .text.HAL_GetTick
                0x0000000008000500       0x14 Drivers/STM32F1xx_HAL_Driver/Src/stm32f1xx_hal.o
                0x0000000008000500                HAL_GetTick
 .text.HAL_Delay
                0x0000000008000514       0x44 Drivers/STM32F1xx_HAL_Driver/Src/stm32f1xx_hal.o
                0x0000000008000514                HAL_Delay
 .text.__NVIC_SetPriorityGrouping
                0x0000000008000558       0x48 Drivers/STM32F1xx_HAL_Driver/Src/stm32f1xx_hal_cortex.o
 .text.__NVIC_GetPriorityGrouping
                0x00000000080005a0       0x1c Drivers/STM32F1xx_HAL_Driver/Src/stm32f1xx_hal_cortex.o
 .text.__NVIC_EnableIRQ
                0x00000000080005bc       0x38 Drivers/STM32F1xx_HAL_Driver/Src/stm32f1xx_hal_cortex.o
 .text.__NVIC_SetPriority
                0x00000000080005f4       0x54 Drivers/STM32F1xx_HAL_Driver/Src/stm32f1xx_hal_cortex.o
 .text.NVIC_EncodePriority
                0x0000000008000648       0x64 Drivers/STM32F1xx_HAL_Driver/Src/stm32f1xx_hal_cortex.o
 .text.SysTick_Config
                0x00000000080006ac       0x44 Drivers/STM32F1xx_HAL_Driver/Src/stm32f1xx_hal_cortex.o
 .text.HAL_NVIC_SetPriorityGrouping
                0x00000000080006f0       0x16 Drivers/STM32F1xx_HAL_Driver/Src/stm32f1xx_hal_cortex.o
                0x00000000080006f0                HAL_NVIC_SetPriorityGrouping
 .text.HAL_NVIC_SetPriority
                0x0000000008000706       0x38 Drivers/STM32F1xx_HAL_Driver/Src/stm32f1xx_hal_cortex.o
                0x0000000008000706                HAL_NVIC_SetPriority
 .text.HAL_NVIC_EnableIRQ
                0x000000000800073e       0x1c Drivers/STM32F1xx_HAL_Driver/Src/stm32f1xx_hal_cortex.o
                0x000000000800073e                HAL_NVIC_EnableIRQ
 .text.HAL_SYSTICK_Config
                0x000000000800075a       0x18 Drivers/STM32F1xx_HAL_Driver/Src/stm32f1xx_hal_cortex.o
                0x000000000800075a                HAL_SYSTICK_Config
 *fill*         0x0000000008000772        0x2 
 .text.HAL_GPIO_Init
                0x0000000008000774      0x2a4 Drivers/STM32F1xx_HAL_Driver/Src/stm32f1xx_hal_gpio.o
                0x0000000008000774                HAL_GPIO_Init
 .text.HAL_GPIO_WritePin
                0x0000000008000a18       0x30 Drivers/STM32F1xx_HAL_Driver/Src/stm32f1xx_hal_gpio.o
                0x0000000008000a18                HAL_GPIO_WritePin
 .text.HAL_GPIO_TogglePin
                0x0000000008000a48       0x30 Drivers/STM32F1xx_HAL_Driver/Src/stm32f1xx_hal_gpio.o
                0x0000000008000a48                HAL_GPIO_TogglePin
 .text.HAL_PCD_Init
                0x0000000008000a78      0x1c2 Drivers/STM32F1xx_HAL_Driver/Src/stm32f1xx_hal_pcd.o
                0x0000000008000a78                HAL_PCD_Init
 .text.HAL_PCD_Start
                0x0000000008000c3a       0x4c Drivers/STM32F1xx_HAL_Driver/Src/stm32f1xx_hal_pcd.o
                0x0000000008000c3a                HAL_PCD_Start
 .text.HAL_PCD_IRQHandler
                0x0000000008000c86      0x21c Drivers/STM32F1xx_HAL_Driver/Src/stm32f1xx_hal_pcd.o
                0x0000000008000c86                HAL_PCD_IRQHandler
 .text.HAL_PCD_SetAddress
                0x0000000008000ea2       0x4a Drivers/STM32F1xx_HAL_Driver/Src/stm32f1xx_hal_pcd.o
                0x0000000008000ea2                HAL_PCD_SetAddress
 .text.HAL_PCD_EP_Open
                0x0000000008000eec       0xc0 Drivers/STM32F1xx_HAL_Driver/Src/stm32f1xx_hal_pcd.o
                0x0000000008000eec                HAL_PCD_EP_Open
 .text.HAL_PCD_EP_Close
                0x0000000008000fac       0x84 Drivers/STM32F1xx_HAL_Driver/Src/stm32f1xx_hal_pcd.o
                0x0000000008000fac                HAL_PCD_EP_Close
 .text.HAL_PCD_EP_Receive
                0x0000000008001030       0x74 Drivers/STM32F1xx_HAL_Driver/Src/stm32f1xx_hal_pcd.o
                0x0000000008001030                HAL_PCD_EP_Receive
 .text.HAL_PCD_EP_GetRxCount
                0x00000000080010a4       0x28 Drivers/STM32F1xx_HAL_Driver/Src/stm32f1xx_hal_pcd.o
                0x00000000080010a4                HAL_PCD_EP_GetRxCount
 .text.HAL_PCD_EP_Transmit
                0x00000000080010cc       0x72 Drivers/STM32F1xx_HAL_Driver/Src/stm32f1xx_hal_pcd.o
                0x00000000080010cc                HAL_PCD_EP_Transmit
 .text.HAL_PCD_EP_SetStall
                0x000000000800113e       0xb4 Drivers/STM32F1xx_HAL_Driver/Src/stm32f1xx_hal_pcd.o
                0x000000000800113e                HAL_PCD_EP_SetStall
 .text.HAL_PCD_EP_ClrStall
                0x00000000080011f2       0x9c Drivers/STM32F1xx_HAL_Driver/Src/stm32f1xx_hal_pcd.o
                0x00000000080011f2                HAL_PCD_EP_ClrStall
 .text.HAL_PCD_EP_Flush
                0x000000000800128e       0x5a Drivers/STM32F1xx_HAL_Driver/Src/stm32f1xx_hal_pcd.o
                0x000000000800128e                HAL_PCD_EP_Flush
 .text.PCD_EP_ISR_Handler
                0x00000000080012e8      0x534 Drivers/STM32F1xx_HAL_Driver/Src/stm32f1xx_hal_pcd.o
 .text.HAL_PCDEx_PMAConfig
                0x000000000800181c       0x78 Drivers/STM32F1xx_HAL_Driver/Src/stm32f1xx_hal_pcd_ex.o
                0x000000000800181c                HAL_PCDEx_PMAConfig
 .text.HAL_RCC_OscConfig
                0x0000000008001894      0x500 Drivers/STM32F1xx_HAL_Driver/Src/stm32f1xx_hal_rcc.o
                0x0000000008001894                HAL_RCC_OscConfig
 .text.HAL_RCC_ClockConfig
                0x0000000008001d94      0x1d4 Drivers/STM32F1xx_HAL_Driver/Src/stm32f1xx_hal_rcc.o
                0x0000000008001d94                HAL_RCC_ClockConfig
 .text.HAL_RCC_GetSysClockFreq
                0x0000000008001f68       0xc4 Drivers/STM32F1xx_HAL_Driver/Src/stm32f1xx_hal_rcc.o
                0x0000000008001f68                HAL_RCC_GetSysClockFreq
 .text.RCC_Delay
                0x000000000800202c       0x3c Drivers/STM32F1xx_HAL_Driver/Src/stm32f1xx_hal_rcc.o
 .text.HAL_RCCEx_PeriphCLKConfig
                0x0000000008002068      0x16c Drivers/STM32F1xx_HAL_Driver/Src/stm32f1xx_hal_rcc_ex.o
                0x0000000008002068                HAL_RCCEx_PeriphCLKConfig
 .text.USB_CoreInit
                0x00000000080021d4       0x20 Drivers/STM32F1xx_HAL_Driver/Src/stm32f1xx_ll_usb.o
                0x00000000080021d4                USB_CoreInit
 .text.USB_EnableGlobalInt
                0x00000000080021f4       0x2e Drivers/STM32F1xx_HAL_Driver/Src/stm32f1xx_ll_usb.o
                0x00000000080021f4                USB_EnableGlobalInt
 .text.USB_DisableGlobalInt
                0x0000000008002222       0x38 Drivers/STM32F1xx_HAL_Driver/Src/stm32f1xx_ll_usb.o
                0x0000000008002222                USB_DisableGlobalInt
 .text.USB_SetCurrentMode
                0x000000000800225a       0x18 Drivers/STM32F1xx_HAL_Driver/Src/stm32f1xx_ll_usb.o
                0x000000000800225a                USB_SetCurrentMode
 .text.USB_DevInit
                0x0000000008002272       0x48 Drivers/STM32F1xx_HAL_Driver/Src/stm32f1xx_ll_usb.o
                0x0000000008002272                USB_DevInit
 .text.USB_FlushTxFifo
                0x00000000080022ba       0x16 Drivers/STM32F1xx_HAL_Driver/Src/stm32f1xx_ll_usb.o
                0x00000000080022ba                USB_FlushTxFifo
 .text.USB_FlushRxFifo
                0x00000000080022d0       0x14 Drivers/STM32F1xx_HAL_Driver/Src/stm32f1xx_ll_usb.o
                0x00000000080022d0                USB_FlushRxFifo
 .text.USB_ActivateEndpoint
                0x00000000080022e4      0x5dc Drivers/STM32F1xx_HAL_Driver/Src/stm32f1xx_ll_usb.o
                0x00000000080022e4                USB_ActivateEndpoint
 .text.USB_DeactivateEndpoint
                0x00000000080028c0      0x32c Drivers/STM32F1xx_HAL_Driver/Src/stm32f1xx_ll_usb.o
                0x00000000080028c0                USB_DeactivateEndpoint
 .text.USB_EPStartXfer
                0x0000000008002bec      0x570 Drivers/STM32F1xx_HAL_Driver/Src/stm32f1xx_ll_usb.o
                0x0000000008002bec                USB_EPStartXfer
 .text.USB_EPSetStall
                0x000000000800315c       0x84 Drivers/STM32F1xx_HAL_Driver/Src/stm32f1xx_ll_usb.o
                0x000000000800315c                USB_EPSetStall
 .text.USB_EPClearStall
                0x00000000080031e0      0x128 Drivers/STM32F1xx_HAL_Driver/Src/stm32f1xx_ll_usb.o
                0x00000000080031e0                USB_EPClearStall
 .text.USB_SetDevAddress
                0x0000000008003308       0x26 Drivers/STM32F1xx_HAL_Driver/Src/stm32f1xx_ll_usb.o
                0x0000000008003308                USB_SetDevAddress
 .text.USB_DevConnect
                0x000000000800332e       0x14 Drivers/STM32F1xx_HAL_Driver/Src/stm32f1xx_ll_usb.o
                0x000000000800332e                USB_DevConnect
 .text.USB_DevDisconnect
                0x0000000008003342       0x14 Drivers/STM32F1xx_HAL_Driver/Src/stm32f1xx_ll_usb.o
                0x0000000008003342                USB_DevDisconnect
 .text.USB_ReadInterrupts
                0x0000000008003356       0x1e Drivers/STM32F1xx_HAL_Driver/Src/stm32f1xx_ll_usb.o
                0x0000000008003356                USB_ReadInterrupts
 .text.USB_EP0_OutStart
                0x0000000008003374       0x16 Drivers/STM32F1xx_HAL_Driver/Src/stm32f1xx_ll_usb.o
                0x0000000008003374                USB_EP0_OutStart
 .text.USB_WritePMA
                0x000000000800338a       0x88 Drivers/STM32F1xx_HAL_Driver/Src/stm32f1xx_ll_usb.o
                0x000000000800338a                USB_WritePMA
 .text.USB_ReadPMA
                0x0000000008003412       0x9e Drivers/STM32F1xx_HAL_Driver/Src/stm32f1xx_ll_usb.o
                0x0000000008003412                USB_ReadPMA
 .text.USBD_MSC_Init
                0x00000000080034b0       0x94 Middlewares/ST/STM32_USB_Device_Library/Class/MSC/Src/usbd_msc.o
                0x00000000080034b0                USBD_MSC_Init
 .text.USBD_MSC_DeInit
                0x0000000008003544       0x58 Middlewares/ST/STM32_USB_Device_Library/Class/MSC/Src/usbd_msc.o
                0x0000000008003544                USBD_MSC_DeInit
 .text.USBD_MSC_Setup
                0x000000000800359c      0x26c Middlewares/ST/STM32_USB_Device_Library/Class/MSC/Src/usbd_msc.o
                0x000000000800359c                USBD_MSC_Setup
 .text.USBD_MSC_DataIn
                0x0000000008003808       0x20 Middlewares/ST/STM32_USB_Device_Library/Class/MSC/Src/usbd_msc.o
                0x0000000008003808                USBD_MSC_DataIn
 .text.USBD_MSC_DataOut
                0x0000000008003828       0x20 Middlewares/ST/STM32_USB_Device_Library/Class/MSC/Src/usbd_msc.o
                0x0000000008003828                USBD_MSC_DataOut
 .text.USBD_MSC_GetHSCfgDesc
                0x0000000008003848       0x20 Middlewares/ST/STM32_USB_Device_Library/Class/MSC/Src/usbd_msc.o
                0x0000000008003848                USBD_MSC_GetHSCfgDesc
 .text.USBD_MSC_GetFSCfgDesc
                0x0000000008003868       0x20 Middlewares/ST/STM32_USB_Device_Library/Class/MSC/Src/usbd_msc.o
                0x0000000008003868                USBD_MSC_GetFSCfgDesc
 .text.USBD_MSC_GetOtherSpeedCfgDesc
                0x0000000008003888       0x20 Middlewares/ST/STM32_USB_Device_Library/Class/MSC/Src/usbd_msc.o
                0x0000000008003888                USBD_MSC_GetOtherSpeedCfgDesc
 .text.USBD_MSC_GetDeviceQualifierDescriptor
                0x00000000080038a8       0x20 Middlewares/ST/STM32_USB_Device_Library/Class/MSC/Src/usbd_msc.o
                0x00000000080038a8                USBD_MSC_GetDeviceQualifierDescriptor
 .text.USBD_MSC_RegisterStorage
                0x00000000080038c8       0x24 Middlewares/ST/STM32_USB_Device_Library/Class/MSC/Src/usbd_msc.o
                0x00000000080038c8                USBD_MSC_RegisterStorage
 .text.MSC_BOT_Init
                0x00000000080038ec       0x60 Middlewares/ST/STM32_USB_Device_Library/Class/MSC/Src/usbd_msc_bot.o
                0x00000000080038ec                MSC_BOT_Init
 .text.MSC_BOT_Reset
                0x000000000800394c       0x34 Middlewares/ST/STM32_USB_Device_Library/Class/MSC/Src/usbd_msc_bot.o
                0x000000000800394c                MSC_BOT_Reset
 .text.MSC_BOT_DeInit
                0x0000000008003980       0x20 Middlewares/ST/STM32_USB_Device_Library/Class/MSC/Src/usbd_msc_bot.o
                0x0000000008003980                MSC_BOT_DeInit
 .text.MSC_BOT_DataIn
                0x00000000080039a0       0x62 Middlewares/ST/STM32_USB_Device_Library/Class/MSC/Src/usbd_msc_bot.o
                0x00000000080039a0                MSC_BOT_DataIn
 .text.MSC_BOT_DataOut
                0x0000000008003a02       0x56 Middlewares/ST/STM32_USB_Device_Library/Class/MSC/Src/usbd_msc_bot.o
                0x0000000008003a02                MSC_BOT_DataOut
 .text.MSC_BOT_CBW_Decode
                0x0000000008003a58      0x10c Middlewares/ST/STM32_USB_Device_Library/Class/MSC/Src/usbd_msc_bot.o
 .text.MSC_BOT_SendData
                0x0000000008003b64       0x62 Middlewares/ST/STM32_USB_Device_Library/Class/MSC/Src/usbd_msc_bot.o
 *fill*         0x0000000008003bc6        0x2 
 .text.MSC_BOT_SendCSW
                0x0000000008003bc8       0x58 Middlewares/ST/STM32_USB_Device_Library/Class/MSC/Src/usbd_msc_bot.o
                0x0000000008003bc8                MSC_BOT_SendCSW
 .text.MSC_BOT_Abort
                0x0000000008003c20       0x5c Middlewares/ST/STM32_USB_Device_Library/Class/MSC/Src/usbd_msc_bot.o
 .text.MSC_BOT_CplClrFeature
                0x0000000008003c7c       0x4e Middlewares/ST/STM32_USB_Device_Library/Class/MSC/Src/usbd_msc_bot.o
                0x0000000008003c7c                MSC_BOT_CplClrFeature
 *fill*         0x0000000008003cca        0x2 
 .text.SCSI_ProcessCmd
                0x0000000008003ccc      0x250 Middlewares/ST/STM32_USB_Device_Library/Class/MSC/Src/usbd_msc_scsi.o
                0x0000000008003ccc                SCSI_ProcessCmd
 .text.SCSI_TestUnitReady
                0x0000000008003f1c       0x72 Middlewares/ST/STM32_USB_Device_Library/Class/MSC/Src/usbd_msc_scsi.o
 *fill*         0x0000000008003f8e        0x2 
 .text.SCSI_Inquiry
                0x0000000008003f90       0xbc Middlewares/ST/STM32_USB_Device_Library/Class/MSC/Src/usbd_msc_scsi.o
 .text.SCSI_ReadCapacity10
                0x000000000800404c       0xce Middlewares/ST/STM32_USB_Device_Library/Class/MSC/Src/usbd_msc_scsi.o
 .text.SCSI_ReadFormatCapacity
                0x000000000800411a       0xc8 Middlewares/ST/STM32_USB_Device_Library/Class/MSC/Src/usbd_msc_scsi.o
 *fill*         0x00000000080041e2        0x2 
 .text.SCSI_ModeSense6
                0x00000000080041e4       0x50 Middlewares/ST/STM32_USB_Device_Library/Class/MSC/Src/usbd_msc_scsi.o
 .text.SCSI_ModeSense10
                0x0000000008004234       0x50 Middlewares/ST/STM32_USB_Device_Library/Class/MSC/Src/usbd_msc_scsi.o
 .text.SCSI_RequestSense
                0x0000000008004284       0xd4 Middlewares/ST/STM32_USB_Device_Library/Class/MSC/Src/usbd_msc_scsi.o
 .text.SCSI_SenseCode
                0x0000000008004358       0x72 Middlewares/ST/STM32_USB_Device_Library/Class/MSC/Src/usbd_msc_scsi.o
                0x0000000008004358                SCSI_SenseCode
 .text.SCSI_StartStopUnit
                0x00000000080043ca       0x28 Middlewares/ST/STM32_USB_Device_Library/Class/MSC/Src/usbd_msc_scsi.o
 .text.SCSI_Read10
                0x00000000080043f2      0x118 Middlewares/ST/STM32_USB_Device_Library/Class/MSC/Src/usbd_msc_scsi.o
 .text.SCSI_Write10
                0x000000000800450a      0x160 Middlewares/ST/STM32_USB_Device_Library/Class/MSC/Src/usbd_msc_scsi.o
 .text.SCSI_Verify10
                0x000000000800466a       0x66 Middlewares/ST/STM32_USB_Device_Library/Class/MSC/Src/usbd_msc_scsi.o
 .text.SCSI_CheckAddressRange
                0x00000000080046d0       0x44 Middlewares/ST/STM32_USB_Device_Library/Class/MSC/Src/usbd_msc_scsi.o
 .text.SCSI_ProcessRead
                0x0000000008004714       0xe8 Middlewares/ST/STM32_USB_Device_Library/Class/MSC/Src/usbd_msc_scsi.o
 .text.SCSI_ProcessWrite
                0x00000000080047fc      0x108 Middlewares/ST/STM32_USB_Device_Library/Class/MSC/Src/usbd_msc_scsi.o
 .text.USBD_Init
                0x0000000008004904       0x56 Middlewares/ST/STM32_USB_Device_Library/Core/Src/usbd_core.o
                0x0000000008004904                USBD_Init
 .text.USBD_RegisterClass
                0x000000000800495a       0x32 Middlewares/ST/STM32_USB_Device_Library/Core/Src/usbd_core.o
                0x000000000800495a                USBD_RegisterClass
 .text.USBD_Start
                0x000000000800498c       0x18 Middlewares/ST/STM32_USB_Device_Library/Core/Src/usbd_core.o
                0x000000000800498c                USBD_Start
 .text.USBD_RunTestMode
                0x00000000080049a4       0x14 Middlewares/ST/STM32_USB_Device_Library/Core/Src/usbd_core.o
                0x00000000080049a4                USBD_RunTestMode
 .text.USBD_SetClassConfig
                0x00000000080049b8       0x3e Middlewares/ST/STM32_USB_Device_Library/Core/Src/usbd_core.o
                0x00000000080049b8                USBD_SetClassConfig
 .text.USBD_ClrClassConfig
                0x00000000080049f6       0x26 Middlewares/ST/STM32_USB_Device_Library/Core/Src/usbd_core.o
                0x00000000080049f6                USBD_ClrClassConfig
 .text.USBD_LL_SetupStage
                0x0000000008004a1c       0x96 Middlewares/ST/STM32_USB_Device_Library/Core/Src/usbd_core.o
                0x0000000008004a1c                USBD_LL_SetupStage
 .text.USBD_LL_DataOutStage
                0x0000000008004ab2       0xe2 Middlewares/ST/STM32_USB_Device_Library/Core/Src/usbd_core.o
                0x0000000008004ab2                USBD_LL_DataOutStage
 .text.USBD_LL_DataInStage
                0x0000000008004b94      0x14a Middlewares/ST/STM32_USB_Device_Library/Core/Src/usbd_core.o
                0x0000000008004b94                USBD_LL_DataInStage
 .text.USBD_LL_Reset
                0x0000000008004cde       0x82 Middlewares/ST/STM32_USB_Device_Library/Core/Src/usbd_core.o
                0x0000000008004cde                USBD_LL_Reset
 .text.USBD_LL_SetSpeed
                0x0000000008004d60       0x1e Middlewares/ST/STM32_USB_Device_Library/Core/Src/usbd_core.o
                0x0000000008004d60                USBD_LL_SetSpeed
 .text.USBD_LL_Suspend
                0x0000000008004d7e       0x28 Middlewares/ST/STM32_USB_Device_Library/Core/Src/usbd_core.o
                0x0000000008004d7e                USBD_LL_Suspend
 .text.USBD_LL_Resume
                0x0000000008004da6       0x2a Middlewares/ST/STM32_USB_Device_Library/Core/Src/usbd_core.o
                0x0000000008004da6                USBD_LL_Resume
 .text.USBD_LL_SOF
                0x0000000008004dd0       0x34 Middlewares/ST/STM32_USB_Device_Library/Core/Src/usbd_core.o
                0x0000000008004dd0                USBD_LL_SOF
 .text.USBD_StdDevReq
                0x0000000008004e04       0xd4 Middlewares/ST/STM32_USB_Device_Library/Core/Src/usbd_ctlreq.o
                0x0000000008004e04                USBD_StdDevReq
 .text.USBD_StdItfReq
                0x0000000008004ed8       0x8c Middlewares/ST/STM32_USB_Device_Library/Core/Src/usbd_ctlreq.o
                0x0000000008004ed8                USBD_StdItfReq
 .text.USBD_StdEPReq
                0x0000000008004f64      0x2ba Middlewares/ST/STM32_USB_Device_Library/Core/Src/usbd_ctlreq.o
                0x0000000008004f64                USBD_StdEPReq
 *fill*         0x000000000800521e        0x2 
 .text.USBD_GetDescriptor
                0x0000000008005220      0x2d0 Middlewares/ST/STM32_USB_Device_Library/Core/Src/usbd_ctlreq.o
 .text.USBD_SetAddress
                0x00000000080054f0       0x84 Middlewares/ST/STM32_USB_Device_Library/Core/Src/usbd_ctlreq.o
 .text.USBD_SetConfig
                0x0000000008005574      0x11c Middlewares/ST/STM32_USB_Device_Library/Core/Src/usbd_ctlreq.o
 .text.USBD_GetConfig
                0x0000000008005690       0x68 Middlewares/ST/STM32_USB_Device_Library/Core/Src/usbd_ctlreq.o
 .text.USBD_GetStatus
                0x00000000080056f8       0x66 Middlewares/ST/STM32_USB_Device_Library/Core/Src/usbd_ctlreq.o
 .text.USBD_SetFeature
                0x000000000800575e       0x28 Middlewares/ST/STM32_USB_Device_Library/Core/Src/usbd_ctlreq.o
 .text.USBD_ClrFeature
                0x0000000008005786       0x42 Middlewares/ST/STM32_USB_Device_Library/Core/Src/usbd_ctlreq.o
 .text.USBD_ParseSetupRequest
                0x00000000080057c8       0x78 Middlewares/ST/STM32_USB_Device_Library/Core/Src/usbd_ctlreq.o
                0x00000000080057c8                USBD_ParseSetupRequest
 .text.USBD_CtlError
                0x0000000008005840       0x22 Middlewares/ST/STM32_USB_Device_Library/Core/Src/usbd_ctlreq.o
                0x0000000008005840                USBD_CtlError
 .text.USBD_GetString
                0x0000000008005862       0x84 Middlewares/ST/STM32_USB_Device_Library/Core/Src/usbd_ctlreq.o
                0x0000000008005862                USBD_GetString
 .text.USBD_GetLen
                0x00000000080058e6       0x2e Middlewares/ST/STM32_USB_Device_Library/Core/Src/usbd_ctlreq.o
 .text.USBD_CtlSendData
                0x0000000008005914       0x38 Middlewares/ST/STM32_USB_Device_Library/Core/Src/usbd_ioreq.o
                0x0000000008005914                USBD_CtlSendData
 .text.USBD_CtlContinueSendData
                0x000000000800594c       0x24 Middlewares/ST/STM32_USB_Device_Library/Core/Src/usbd_ioreq.o
                0x000000000800594c                USBD_CtlContinueSendData
 .text.USBD_CtlContinueRx
                0x0000000008005970       0x24 Middlewares/ST/STM32_USB_Device_Library/Core/Src/usbd_ioreq.o
                0x0000000008005970                USBD_CtlContinueRx
 .text.USBD_CtlSendStatus
                0x0000000008005994       0x26 Middlewares/ST/STM32_USB_Device_Library/Core/Src/usbd_ioreq.o
                0x0000000008005994                USBD_CtlSendStatus
 .text.USBD_CtlReceiveStatus
                0x00000000080059ba       0x26 Middlewares/ST/STM32_USB_Device_Library/Core/Src/usbd_ioreq.o
                0x00000000080059ba                USBD_CtlReceiveStatus
 .text.MX_USB_DEVICE_Init
                0x00000000080059e0       0x60 USB_DEVICE/App/usb_device.o
                0x00000000080059e0                MX_USB_DEVICE_Init
 .text.USBD_FS_DeviceDescriptor
                0x0000000008005a40       0x24 USB_DEVICE/App/usbd_desc.o
                0x0000000008005a40                USBD_FS_DeviceDescriptor
 .text.USBD_FS_LangIDStrDescriptor
                0x0000000008005a64       0x24 USB_DEVICE/App/usbd_desc.o
                0x0000000008005a64                USBD_FS_LangIDStrDescriptor
 .text.USBD_FS_ProductStrDescriptor
                0x0000000008005a88       0x3c USB_DEVICE/App/usbd_desc.o
                0x0000000008005a88                USBD_FS_ProductStrDescriptor
 .text.USBD_FS_ManufacturerStrDescriptor
                0x0000000008005ac4       0x28 USB_DEVICE/App/usbd_desc.o
                0x0000000008005ac4                USBD_FS_ManufacturerStrDescriptor
 .text.USBD_FS_SerialStrDescriptor
                0x0000000008005aec       0x24 USB_DEVICE/App/usbd_desc.o
                0x0000000008005aec                USBD_FS_SerialStrDescriptor
 .text.USBD_FS_ConfigStrDescriptor
                0x0000000008005b10       0x3c USB_DEVICE/App/usbd_desc.o
                0x0000000008005b10                USBD_FS_ConfigStrDescriptor
 .text.USBD_FS_InterfaceStrDescriptor
                0x0000000008005b4c       0x3c USB_DEVICE/App/usbd_desc.o
                0x0000000008005b4c                USBD_FS_InterfaceStrDescriptor
 .text.Get_SerialNum
                0x0000000008005b88       0x58 USB_DEVICE/App/usbd_desc.o
 .text.IntToUnicode
                0x0000000008005be0       0x7a USB_DEVICE/App/usbd_desc.o
 .text.STORAGE_Init_FS
                0x0000000008005c5a       0x16 USB_DEVICE/App/usbd_storage_if.o
 .text.STORAGE_GetCapacity_FS
                0x0000000008005c70       0x28 USB_DEVICE/App/usbd_storage_if.o
 .text.STORAGE_IsReady_FS
                0x0000000008005c98       0x16 USB_DEVICE/App/usbd_storage_if.o
 .text.STORAGE_IsWriteProtected_FS
                0x0000000008005cae       0x16 USB_DEVICE/App/usbd_storage_if.o
 .text.STORAGE_Read_FS
                0x0000000008005cc4       0x54 USB_DEVICE/App/usbd_storage_if.o
 .text.STORAGE_Write_FS
                0x0000000008005d18       0x54 USB_DEVICE/App/usbd_storage_if.o
 .text.STORAGE_GetMaxLun_FS
                0x0000000008005d6c        0xe USB_DEVICE/App/usbd_storage_if.o
 *fill*         0x0000000008005d7a        0x2 
 .text.HAL_PCD_MspInit
                0x0000000008005d7c       0x4c USB_DEVICE/Target/usbd_conf.o
                0x0000000008005d7c                HAL_PCD_MspInit
 .text.HAL_PCD_SetupStageCallback
                0x0000000008005dc8       0x24 USB_DEVICE/Target/usbd_conf.o
                0x0000000008005dc8                HAL_PCD_SetupStageCallback
 .text.HAL_PCD_DataOutStageCallback
                0x0000000008005dec       0x30 USB_DEVICE/Target/usbd_conf.o
                0x0000000008005dec                HAL_PCD_DataOutStageCallback
 .text.HAL_PCD_DataInStageCallback
                0x0000000008005e1c       0x2e USB_DEVICE/Target/usbd_conf.o
                0x0000000008005e1c                HAL_PCD_DataInStageCallback
 .text.HAL_PCD_SOFCallback
                0x0000000008005e4a       0x1c USB_DEVICE/Target/usbd_conf.o
                0x0000000008005e4a                HAL_PCD_SOFCallback
 .text.HAL_PCD_ResetCallback
                0x0000000008005e66       0x3c USB_DEVICE/Target/usbd_conf.o
                0x0000000008005e66                HAL_PCD_ResetCallback
 *fill*         0x0000000008005ea2        0x2 
 .text.HAL_PCD_SuspendCallback
                0x0000000008005ea4       0x34 USB_DEVICE/Target/usbd_conf.o
                0x0000000008005ea4                HAL_PCD_SuspendCallback
 .text.HAL_PCD_ResumeCallback
                0x0000000008005ed8       0x1c USB_DEVICE/Target/usbd_conf.o
                0x0000000008005ed8                HAL_PCD_ResumeCallback
 .text.USBD_LL_Init
                0x0000000008005ef4       0xa0 USB_DEVICE/Target/usbd_conf.o
                0x0000000008005ef4                USBD_LL_Init
 .text.USBD_LL_Start
                0x0000000008005f94       0x36 USB_DEVICE/Target/usbd_conf.o
                0x0000000008005f94                USBD_LL_Start
 .text.USBD_LL_OpenEP
                0x0000000008005fca       0x4c USB_DEVICE/Target/usbd_conf.o
                0x0000000008005fca                USBD_LL_OpenEP
 .text.USBD_LL_CloseEP
                0x0000000008006016       0x3e USB_DEVICE/Target/usbd_conf.o
                0x0000000008006016                USBD_LL_CloseEP
 .text.USBD_LL_FlushEP
                0x0000000008006054       0x3e USB_DEVICE/Target/usbd_conf.o
                0x0000000008006054                USBD_LL_FlushEP
 .text.USBD_LL_StallEP
                0x0000000008006092       0x3e USB_DEVICE/Target/usbd_conf.o
                0x0000000008006092                USBD_LL_StallEP
 .text.USBD_LL_ClearStallEP
                0x00000000080060d0       0x3e USB_DEVICE/Target/usbd_conf.o
                0x00000000080060d0                USBD_LL_ClearStallEP
 .text.USBD_LL_IsStallEP
                0x000000000800610e       0x4a USB_DEVICE/Target/usbd_conf.o
                0x000000000800610e                USBD_LL_IsStallEP
 .text.USBD_LL_SetUSBAddress
                0x0000000008006158       0x3e USB_DEVICE/Target/usbd_conf.o
                0x0000000008006158                USBD_LL_SetUSBAddress
 .text.USBD_LL_Transmit
                0x0000000008006196       0x46 USB_DEVICE/Target/usbd_conf.o
                0x0000000008006196                USBD_LL_Transmit
 .text.USBD_LL_PrepareReceive
                0x00000000080061dc       0x46 USB_DEVICE/Target/usbd_conf.o
                0x00000000080061dc                USBD_LL_PrepareReceive
 .text.USBD_LL_GetRxDataSize
                0x0000000008006222       0x26 USB_DEVICE/Target/usbd_conf.o
                0x0000000008006222                USBD_LL_GetRxDataSize
 .text.USBD_static_malloc
                0x0000000008006248       0x18 USB_DEVICE/Target/usbd_conf.o
                0x0000000008006248                USBD_static_malloc
 .text.USBD_static_free
                0x0000000008006260       0x12 USB_DEVICE/Target/usbd_conf.o
                0x0000000008006260                USBD_static_free
 .text.HAL_PCDEx_SetConnectionState
                0x0000000008006272       0x16 USB_DEVICE/Target/usbd_conf.o
                0x0000000008006272                HAL_PCDEx_SetConnectionState
 .text.USBD_Get_USB_Status
                0x0000000008006288       0x58 USB_DEVICE/Target/usbd_conf.o
 .text.__libc_init_array
                0x00000000080062e0       0x48 c:/st/stm32cubeide_1.3.0/stm32cubeide/plugins/com.st.stm32cube.ide.mcu.externaltools.gnu-tools-for-stm32.7-2018-q2-update.win32_1.0.0.201904181610/tools/bin/../lib/gcc/arm-none-eabi/7.3.1/../../../../arm-none-eabi/lib/thumb/v7-m\libc_nano.a(lib_a-init.o)
                0x00000000080062e0                __libc_init_array
 .text.memcpy   0x0000000008006328       0x16 c:/st/stm32cubeide_1.3.0/stm32cubeide/plugins/com.st.stm32cube.ide.mcu.externaltools.gnu-tools-for-stm32.7-2018-q2-update.win32_1.0.0.201904181610/tools/bin/../lib/gcc/arm-none-eabi/7.3.1/../../../../arm-none-eabi/lib/thumb/v7-m\libc_nano.a(lib_a-memcpy-stub.o)
                0x0000000008006328                memcpy
 .text.memset   0x000000000800633e       0x10 c:/st/stm32cubeide_1.3.0/stm32cubeide/plugins/com.st.stm32cube.ide.mcu.externaltools.gnu-tools-for-stm32.7-2018-q2-update.win32_1.0.0.201904181610/tools/bin/../lib/gcc/arm-none-eabi/7.3.1/../../../../arm-none-eabi/lib/thumb/v7-m\libc_nano.a(lib_a-memset.o)
                0x000000000800633e                memset
 *(.glue_7)
 .glue_7        0x000000000800634e        0x0 linker stubs
 *(.glue_7t)
 .glue_7t       0x000000000800634e        0x0 linker stubs
 *(.eh_frame)
 *fill*         0x000000000800634e        0x2 
 .eh_frame      0x0000000008006350        0x0 c:/st/stm32cubeide_1.3.0/stm32cubeide/plugins/com.st.stm32cube.ide.mcu.externaltools.gnu-tools-for-stm32.7-2018-q2-update.win32_1.0.0.201904181610/tools/bin/../lib/gcc/arm-none-eabi/7.3.1/thumb/v7-m/crtbegin.o
 *(.init)
 .init          0x0000000008006350        0x4 c:/st/stm32cubeide_1.3.0/stm32cubeide/plugins/com.st.stm32cube.ide.mcu.externaltools.gnu-tools-for-stm32.7-2018-q2-update.win32_1.0.0.201904181610/tools/bin/../lib/gcc/arm-none-eabi/7.3.1/thumb/v7-m/crti.o
                0x0000000008006350                _init
 .init          0x0000000008006354        0x8 c:/st/stm32cubeide_1.3.0/stm32cubeide/plugins/com.st.stm32cube.ide.mcu.externaltools.gnu-tools-for-stm32.7-2018-q2-update.win32_1.0.0.201904181610/tools/bin/../lib/gcc/arm-none-eabi/7.3.1/thumb/v7-m/crtn.o
 *(.fini)
 .fini          0x000000000800635c        0x4 c:/st/stm32cubeide_1.3.0/stm32cubeide/plugins/com.st.stm32cube.ide.mcu.externaltools.gnu-tools-for-stm32.7-2018-q2-update.win32_1.0.0.201904181610/tools/bin/../lib/gcc/arm-none-eabi/7.3.1/thumb/v7-m/crti.o
                0x000000000800635c                _fini
 .fini          0x0000000008006360        0x8 c:/st/stm32cubeide_1.3.0/stm32cubeide/plugins/com.st.stm32cube.ide.mcu.externaltools.gnu-tools-for-stm32.7-2018-q2-update.win32_1.0.0.201904181610/tools/bin/../lib/gcc/arm-none-eabi/7.3.1/thumb/v7-m/crtn.o
                0x0000000008006368                . = ALIGN (0x4)
                0x0000000008006368                _etext = .

.vfp11_veneer   0x0000000008006368        0x0
 .vfp11_veneer  0x0000000008006368        0x0 linker stubs

.v4_bx          0x0000000008006368        0x0
 .v4_bx         0x0000000008006368        0x0 linker stubs

.iplt           0x0000000008006368        0x0
 .iplt          0x0000000008006368        0x0 c:/st/stm32cubeide_1.3.0/stm32cubeide/plugins/com.st.stm32cube.ide.mcu.externaltools.gnu-tools-for-stm32.7-2018-q2-update.win32_1.0.0.201904181610/tools/bin/../lib/gcc/arm-none-eabi/7.3.1/thumb/v7-m/crtbegin.o

.rodata         0x0000000008006368       0xa4
                0x0000000008006368                . = ALIGN (0x4)
 *(.rodata)
 .rodata        0x0000000008006368       0x12 Drivers/STM32F1xx_HAL_Driver/Src/stm32f1xx_hal_rcc.o
 *fill*         0x000000000800637a        0x2 
 .rodata        0x000000000800637c       0x42 USB_DEVICE/App/usbd_desc.o
 *(.rodata*)
 *fill*         0x00000000080063be        0x2 
 .rodata.AHBPrescTable
                0x00000000080063c0       0x10 Core/Src/system_stm32f1xx.o
                0x00000000080063c0                AHBPrescTable
 .rodata.MSC_Page00_Inquiry_Data
                0x00000000080063d0        0x7 Middlewares/ST/STM32_USB_Device_Library/Class/MSC/Src/usbd_msc_data.o
                0x00000000080063d0                MSC_Page00_Inquiry_Data
 *fill*         0x00000000080063d7        0x1 
 .rodata.MSC_Mode_Sense6_data
                0x00000000080063d8        0x8 Middlewares/ST/STM32_USB_Device_Library/Class/MSC/Src/usbd_msc_data.o
                0x00000000080063d8                MSC_Mode_Sense6_data
 .rodata.MSC_Mode_Sense10_data
                0x00000000080063e0        0x8 Middlewares/ST/STM32_USB_Device_Library/Class/MSC/Src/usbd_msc_data.o
                0x00000000080063e0                MSC_Mode_Sense10_data
 .rodata.STORAGE_Inquirydata_FS
                0x00000000080063e8       0x24 USB_DEVICE/App/usbd_storage_if.o
                0x00000000080063e8                STORAGE_Inquirydata_FS
                0x000000000800640c                . = ALIGN (0x4)

.rel.dyn        0x000000000800640c        0x0
 .rel.iplt      0x000000000800640c        0x0 c:/st/stm32cubeide_1.3.0/stm32cubeide/plugins/com.st.stm32cube.ide.mcu.externaltools.gnu-tools-for-stm32.7-2018-q2-update.win32_1.0.0.201904181610/tools/bin/../lib/gcc/arm-none-eabi/7.3.1/thumb/v7-m/crtbegin.o

.ARM.extab      0x000000000800640c        0x0
                0x000000000800640c                . = ALIGN (0x4)
 *(.ARM.extab* .gnu.linkonce.armextab.*)
                0x000000000800640c                . = ALIGN (0x4)

.ARM            0x000000000800640c        0x0
                0x000000000800640c                . = ALIGN (0x4)
                0x000000000800640c                __exidx_start = .
 *(.ARM.exidx*)
                0x000000000800640c                __exidx_end = .
                0x000000000800640c                . = ALIGN (0x4)

.preinit_array  0x000000000800640c        0x0
                0x000000000800640c                . = ALIGN (0x4)
                0x000000000800640c                PROVIDE (__preinit_array_start = .)
 *(.preinit_array*)
                0x000000000800640c                PROVIDE (__preinit_array_end = .)
                0x000000000800640c                . = ALIGN (0x4)

.init_array     0x000000000800640c        0x4
                0x000000000800640c                . = ALIGN (0x4)
                0x000000000800640c                PROVIDE (__init_array_start = .)
 *(SORT_BY_NAME(.init_array.*))
 *(.init_array*)
 .init_array    0x000000000800640c        0x4 c:/st/stm32cubeide_1.3.0/stm32cubeide/plugins/com.st.stm32cube.ide.mcu.externaltools.gnu-tools-for-stm32.7-2018-q2-update.win32_1.0.0.201904181610/tools/bin/../lib/gcc/arm-none-eabi/7.3.1/thumb/v7-m/crtbegin.o
                0x0000000008006410                PROVIDE (__init_array_end = .)
                0x0000000008006410                . = ALIGN (0x4)

.fini_array     0x0000000008006410        0x4
                0x0000000008006410                . = ALIGN (0x4)
                [!provide]                        PROVIDE (__fini_array_start = .)
 *(SORT_BY_NAME(.fini_array.*))
 *(.fini_array*)
 .fini_array    0x0000000008006410        0x4 c:/st/stm32cubeide_1.3.0/stm32cubeide/plugins/com.st.stm32cube.ide.mcu.externaltools.gnu-tools-for-stm32.7-2018-q2-update.win32_1.0.0.201904181610/tools/bin/../lib/gcc/arm-none-eabi/7.3.1/thumb/v7-m/crtbegin.o
                [!provide]                        PROVIDE (__fini_array_end = .)
                0x0000000008006414                . = ALIGN (0x4)
                0x0000000008006414                _sidata = LOADADDR (.data)

.data           0x0000000020000000      0xb20 load address 0x0000000008006414
                0x0000000020000000                . = ALIGN (0x4)
                0x0000000020000000                _sdata = .
 *(.data)
 *(.data*)
 .data.SystemCoreClock
                0x0000000020000000        0x4 Core/Src/system_stm32f1xx.o
                0x0000000020000000                SystemCoreClock
 .data.uwTickPrio
                0x0000000020000004        0x4 Drivers/STM32F1xx_HAL_Driver/Src/stm32f1xx_hal.o
                0x0000000020000004                uwTickPrio
 .data.uwTickFreq
                0x0000000020000008        0x1 Drivers/STM32F1xx_HAL_Driver/Src/stm32f1xx_hal.o
                0x0000000020000008                uwTickFreq
 *fill*         0x0000000020000009        0x3 
 .data.USBD_MSC
                0x000000002000000c       0x38 Middlewares/ST/STM32_USB_Device_Library/Class/MSC/Src/usbd_msc.o
                0x000000002000000c                USBD_MSC
 .data.USBD_MSC_CfgHSDesc
                0x0000000020000044       0x20 Middlewares/ST/STM32_USB_Device_Library/Class/MSC/Src/usbd_msc.o
                0x0000000020000044                USBD_MSC_CfgHSDesc
 .data.USBD_MSC_CfgFSDesc
                0x0000000020000064       0x20 Middlewares/ST/STM32_USB_Device_Library/Class/MSC/Src/usbd_msc.o
                0x0000000020000064                USBD_MSC_CfgFSDesc
 .data.USBD_MSC_OtherSpeedCfgDesc
                0x0000000020000084       0x20 Middlewares/ST/STM32_USB_Device_Library/Class/MSC/Src/usbd_msc.o
                0x0000000020000084                USBD_MSC_OtherSpeedCfgDesc
 .data.USBD_MSC_DeviceQualifierDesc
                0x00000000200000a4        0xa Middlewares/ST/STM32_USB_Device_Library/Class/MSC/Src/usbd_msc.o
                0x00000000200000a4                USBD_MSC_DeviceQualifierDesc
 *fill*         0x00000000200000ae        0x2 
 .data.FS_Desc  0x00000000200000b0       0x1c USB_DEVICE/App/usbd_desc.o
                0x00000000200000b0                FS_Desc
 .data.USBD_FS_DeviceDesc
                0x00000000200000cc       0x12 USB_DEVICE/App/usbd_desc.o
                0x00000000200000cc                USBD_FS_DeviceDesc
 *fill*         0x00000000200000de        0x2 
 .data.USBD_LangIDDesc
                0x00000000200000e0        0x4 USB_DEVICE/App/usbd_desc.o
                0x00000000200000e0                USBD_LangIDDesc
 .data.USBD_StringSerial
                0x00000000200000e4       0x1a USB_DEVICE/App/usbd_desc.o
                0x00000000200000e4                USBD_StringSerial
 *fill*         0x00000000200000fe        0x2 
 .data.storage_buffer
                0x0000000020000100      0xa00 USB_DEVICE/App/usbd_storage_if.o
                0x0000000020000100                storage_buffer
 .data.USBD_Storage_Interface_fops_FS
                0x0000000020000b00       0x20 USB_DEVICE/App/usbd_storage_if.o
                0x0000000020000b00                USBD_Storage_Interface_fops_FS
                0x0000000020000b20                . = ALIGN (0x4)
                0x0000000020000b20                _edata = .

.igot.plt       0x0000000020000b20        0x0 load address 0x0000000008006f34
 .igot.plt      0x0000000020000b20        0x0 c:/st/stm32cubeide_1.3.0/stm32cubeide/plugins/com.st.stm32cube.ide.mcu.externaltools.gnu-tools-for-stm32.7-2018-q2-update.win32_1.0.0.201904181610/tools/bin/../lib/gcc/arm-none-eabi/7.3.1/thumb/v7-m/crtbegin.o
                0x0000000020000b20                . = ALIGN (0x4)

.bss            0x0000000020000b20      0x9c4 load address 0x0000000008006f34
                0x0000000020000b20                _sbss = .
                0x0000000020000b20                __bss_start__ = _sbss
 *(.bss)
 .bss           0x0000000020000b20       0x1c c:/st/stm32cubeide_1.3.0/stm32cubeide/plugins/com.st.stm32cube.ide.mcu.externaltools.gnu-tools-for-stm32.7-2018-q2-update.win32_1.0.0.201904181610/tools/bin/../lib/gcc/arm-none-eabi/7.3.1/thumb/v7-m/crtbegin.o
 *(.bss*)
 .bss.cfgidx.7619
                0x0000000020000b3c        0x1 Middlewares/ST/STM32_USB_Device_Library/Core/Src/usbd_ctlreq.o
 .bss.test_counter
                0x0000000020000b3d        0x1 USB_DEVICE/App/usbd_storage_if.o
 *fill*         0x0000000020000b3e        0x2 
 .bss.mem.7748  0x0000000020000b40      0x270 USB_DEVICE/Target/usbd_conf.o
 *(COMMON)
 COMMON         0x0000000020000db0        0x4 Drivers/STM32F1xx_HAL_Driver/Src/stm32f1xx_hal.o
                0x0000000020000db0                uwTick
 COMMON         0x0000000020000db4      0x2c4 USB_DEVICE/App/usb_device.o
                0x0000000020000db4                hUsbDeviceFS
 COMMON         0x0000000020001078      0x200 USB_DEVICE/App/usbd_desc.o
                0x0000000020001078                USBD_StrDesc
 COMMON         0x0000000020001278      0x26c USB_DEVICE/Target/usbd_conf.o
                0x0000000020001278                hpcd_USB_FS
                0x00000000200014e4                . = ALIGN (0x4)
                0x00000000200014e4                _ebss = .
                0x00000000200014e4                __bss_end__ = _ebss

._user_heap_stack
                0x00000000200014e4      0x604 load address 0x0000000008006f34
                0x00000000200014e8                . = ALIGN (0x8)
 *fill*         0x00000000200014e4        0x4 
                0x00000000200014e8                PROVIDE (end = .)
                [!provide]                        PROVIDE (_end = .)
                0x00000000200016e8                . = (. + _Min_Heap_Size)
 *fill*         0x00000000200014e8      0x200 
                0x0000000020001ae8                . = (. + _Min_Stack_Size)
 *fill*         0x00000000200016e8      0x400 
                0x0000000020001ae8                . = ALIGN (0x8)

/DISCARD/
 libc.a(*)
 libm.a(*)
 libgcc.a(*)

.ARM.attributes
                0x0000000000000000       0x29
 *(.ARM.attributes)
 .ARM.attributes
                0x0000000000000000       0x1d c:/st/stm32cubeide_1.3.0/stm32cubeide/plugins/com.st.stm32cube.ide.mcu.externaltools.gnu-tools-for-stm32.7-2018-q2-update.win32_1.0.0.201904181610/tools/bin/../lib/gcc/arm-none-eabi/7.3.1/thumb/v7-m/crti.o
 .ARM.attributes
                0x000000000000001d       0x2d c:/st/stm32cubeide_1.3.0/stm32cubeide/plugins/com.st.stm32cube.ide.mcu.externaltools.gnu-tools-for-stm32.7-2018-q2-update.win32_1.0.0.201904181610/tools/bin/../lib/gcc/arm-none-eabi/7.3.1/thumb/v7-m/crtbegin.o
 .ARM.attributes
                0x000000000000004a       0x33 Core/Src/main.o
 .ARM.attributes
                0x000000000000007d       0x33 Core/Src/stm32f1xx_hal_msp.o
 .ARM.attributes
                0x00000000000000b0       0x33 Core/Src/stm32f1xx_it.o
 .ARM.attributes
                0x00000000000000e3       0x33 Core/Src/system_stm32f1xx.o
 .ARM.attributes
                0x0000000000000116       0x21 Core/Startup/startup_stm32f103c6tx.o
 .ARM.attributes
                0x0000000000000137       0x33 Drivers/STM32F1xx_HAL_Driver/Src/stm32f1xx_hal.o
 .ARM.attributes
                0x000000000000016a       0x33 Drivers/STM32F1xx_HAL_Driver/Src/stm32f1xx_hal_cortex.o
 .ARM.attributes
                0x000000000000019d       0x33 Drivers/STM32F1xx_HAL_Driver/Src/stm32f1xx_hal_gpio.o
 .ARM.attributes
                0x00000000000001d0       0x33 Drivers/STM32F1xx_HAL_Driver/Src/stm32f1xx_hal_pcd.o
 .ARM.attributes
                0x0000000000000203       0x33 Drivers/STM32F1xx_HAL_Driver/Src/stm32f1xx_hal_pcd_ex.o
 .ARM.attributes
                0x0000000000000236       0x33 Drivers/STM32F1xx_HAL_Driver/Src/stm32f1xx_hal_rcc.o
 .ARM.attributes
                0x0000000000000269       0x33 Drivers/STM32F1xx_HAL_Driver/Src/stm32f1xx_hal_rcc_ex.o
 .ARM.attributes
                0x000000000000029c       0x33 Drivers/STM32F1xx_HAL_Driver/Src/stm32f1xx_ll_usb.o
 .ARM.attributes
                0x00000000000002cf       0x33 Middlewares/ST/STM32_USB_Device_Library/Class/MSC/Src/usbd_msc.o
 .ARM.attributes
                0x0000000000000302       0x33 Middlewares/ST/STM32_USB_Device_Library/Class/MSC/Src/usbd_msc_bot.o
 .ARM.attributes
                0x0000000000000335       0x33 Middlewares/ST/STM32_USB_Device_Library/Class/MSC/Src/usbd_msc_data.o
 .ARM.attributes
                0x0000000000000368       0x33 Middlewares/ST/STM32_USB_Device_Library/Class/MSC/Src/usbd_msc_scsi.o
 .ARM.attributes
                0x000000000000039b       0x33 Middlewares/ST/STM32_USB_Device_Library/Core/Src/usbd_core.o
 .ARM.attributes
                0x00000000000003ce       0x33 Middlewares/ST/STM32_USB_Device_Library/Core/Src/usbd_ctlreq.o
 .ARM.attributes
                0x0000000000000401       0x33 Middlewares/ST/STM32_USB_Device_Library/Core/Src/usbd_ioreq.o
 .ARM.attributes
                0x0000000000000434       0x33 USB_DEVICE/App/usb_device.o
 .ARM.attributes
                0x0000000000000467       0x33 USB_DEVICE/App/usbd_desc.o
 .ARM.attributes
                0x000000000000049a       0x33 USB_DEVICE/App/usbd_storage_if.o
 .ARM.attributes
                0x00000000000004cd       0x33 USB_DEVICE/Target/usbd_conf.o
 .ARM.attributes
                0x0000000000000500       0x2d c:/st/stm32cubeide_1.3.0/stm32cubeide/plugins/com.st.stm32cube.ide.mcu.externaltools.gnu-tools-for-stm32.7-2018-q2-update.win32_1.0.0.201904181610/tools/bin/../lib/gcc/arm-none-eabi/7.3.1/../../../../arm-none-eabi/lib/thumb/v7-m\libc_nano.a(lib_a-init.o)
 .ARM.attributes
                0x000000000000052d       0x2d c:/st/stm32cubeide_1.3.0/stm32cubeide/plugins/com.st.stm32cube.ide.mcu.externaltools.gnu-tools-for-stm32.7-2018-q2-update.win32_1.0.0.201904181610/tools/bin/../lib/gcc/arm-none-eabi/7.3.1/../../../../arm-none-eabi/lib/thumb/v7-m\libc_nano.a(lib_a-memcpy-stub.o)
 .ARM.attributes
                0x000000000000055a       0x2d c:/st/stm32cubeide_1.3.0/stm32cubeide/plugins/com.st.stm32cube.ide.mcu.externaltools.gnu-tools-for-stm32.7-2018-q2-update.win32_1.0.0.201904181610/tools/bin/../lib/gcc/arm-none-eabi/7.3.1/../../../../arm-none-eabi/lib/thumb/v7-m\libc_nano.a(lib_a-memset.o)
 .ARM.attributes
                0x0000000000000587       0x1d c:/st/stm32cubeide_1.3.0/stm32cubeide/plugins/com.st.stm32cube.ide.mcu.externaltools.gnu-tools-for-stm32.7-2018-q2-update.win32_1.0.0.201904181610/tools/bin/../lib/gcc/arm-none-eabi/7.3.1/thumb/v7-m/crtn.o
OUTPUT(test-usb-storage.elf elf32-littlearm)

.debug_info     0x0000000000000000    0x12fdd
 .debug_info    0x0000000000000000      0xd49 Core/Src/main.o
 .debug_info    0x0000000000000d49      0x2cb Core/Src/stm32f1xx_hal_msp.o
 .debug_info    0x0000000000001014      0x681 Core/Src/stm32f1xx_it.o
 .debug_info    0x0000000000001695      0x433 Core/Src/system_stm32f1xx.o
 .debug_info    0x0000000000001ac8       0x22 Core/Startup/startup_stm32f103c6tx.o
 .debug_info    0x0000000000001aea      0x6e0 Drivers/STM32F1xx_HAL_Driver/Src/stm32f1xx_hal.o
 .debug_info    0x00000000000021ca      0xb28 Drivers/STM32F1xx_HAL_Driver/Src/stm32f1xx_hal_cortex.o
 .debug_info    0x0000000000002cf2      0x681 Drivers/STM32F1xx_HAL_Driver/Src/stm32f1xx_hal_gpio.o
 .debug_info    0x0000000000003373      0xe38 Drivers/STM32F1xx_HAL_Driver/Src/stm32f1xx_hal_pcd.o
 .debug_info    0x00000000000041ab      0x760 Drivers/STM32F1xx_HAL_Driver/Src/stm32f1xx_hal_pcd_ex.o
 .debug_info    0x000000000000490b      0x804 Drivers/STM32F1xx_HAL_Driver/Src/stm32f1xx_hal_rcc.o
 .debug_info    0x000000000000510f      0x439 Drivers/STM32F1xx_HAL_Driver/Src/stm32f1xx_hal_rcc_ex.o
 .debug_info    0x0000000000005548     0x14f9 Drivers/STM32F1xx_HAL_Driver/Src/stm32f1xx_ll_usb.o
 .debug_info    0x0000000000006a41     0x13ea Middlewares/ST/STM32_USB_Device_Library/Class/MSC/Src/usbd_msc.o
 .debug_info    0x0000000000007e2b     0x138b Middlewares/ST/STM32_USB_Device_Library/Class/MSC/Src/usbd_msc_bot.o
 .debug_info    0x00000000000091b6      0x9ce Middlewares/ST/STM32_USB_Device_Library/Class/MSC/Src/usbd_msc_data.o
 .debug_info    0x0000000000009b84     0x1743 Middlewares/ST/STM32_USB_Device_Library/Class/MSC/Src/usbd_msc_scsi.o
 .debug_info    0x000000000000b2c7     0x11c2 Middlewares/ST/STM32_USB_Device_Library/Core/Src/usbd_core.o
 .debug_info    0x000000000000c489     0x1132 Middlewares/ST/STM32_USB_Device_Library/Core/Src/usbd_ctlreq.o
 .debug_info    0x000000000000d5bb      0xf23 Middlewares/ST/STM32_USB_Device_Library/Core/Src/usbd_ioreq.o
 .debug_info    0x000000000000e4de      0xf23 USB_DEVICE/App/usb_device.o
 .debug_info    0x000000000000f401      0xd07 USB_DEVICE/App/usbd_desc.o
 .debug_info    0x0000000000010108     0x10fb USB_DEVICE/App/usbd_storage_if.o
 .debug_info    0x0000000000011203     0x1dda USB_DEVICE/Target/usbd_conf.o

.debug_abbrev   0x0000000000000000     0x2fa3
 .debug_abbrev  0x0000000000000000      0x211 Core/Src/main.o
 .debug_abbrev  0x0000000000000211      0x109 Core/Src/stm32f1xx_hal_msp.o
 .debug_abbrev  0x000000000000031a      0x155 Core/Src/stm32f1xx_it.o
 .debug_abbrev  0x000000000000046f      0x134 Core/Src/system_stm32f1xx.o
 .debug_abbrev  0x00000000000005a3       0x12 Core/Startup/startup_stm32f103c6tx.o
 .debug_abbrev  0x00000000000005b5      0x1d8 Drivers/STM32F1xx_HAL_Driver/Src/stm32f1xx_hal.o
 .debug_abbrev  0x000000000000078d      0x2d5 Drivers/STM32F1xx_HAL_Driver/Src/stm32f1xx_hal_cortex.o
 .debug_abbrev  0x0000000000000a62      0x1c0 Drivers/STM32F1xx_HAL_Driver/Src/stm32f1xx_hal_gpio.o
 .debug_abbrev  0x0000000000000c22      0x263 Drivers/STM32F1xx_HAL_Driver/Src/stm32f1xx_hal_pcd.o
 .debug_abbrev  0x0000000000000e85      0x188 Drivers/STM32F1xx_HAL_Driver/Src/stm32f1xx_hal_pcd_ex.o
 .debug_abbrev  0x000000000000100d      0x243 Drivers/STM32F1xx_HAL_Driver/Src/stm32f1xx_hal_rcc.o
 .debug_abbrev  0x0000000000001250      0x175 Drivers/STM32F1xx_HAL_Driver/Src/stm32f1xx_hal_rcc_ex.o
 .debug_abbrev  0x00000000000013c5      0x1c5 Drivers/STM32F1xx_HAL_Driver/Src/stm32f1xx_ll_usb.o
 .debug_abbrev  0x000000000000158a      0x27b Middlewares/ST/STM32_USB_Device_Library/Class/MSC/Src/usbd_msc.o
 .debug_abbrev  0x0000000000001805      0x2ad Middlewares/ST/STM32_USB_Device_Library/Class/MSC/Src/usbd_msc_bot.o
 .debug_abbrev  0x0000000000001ab2      0x18b Middlewares/ST/STM32_USB_Device_Library/Class/MSC/Src/usbd_msc_data.o
 .debug_abbrev  0x0000000000001c3d      0x2e0 Middlewares/ST/STM32_USB_Device_Library/Class/MSC/Src/usbd_msc_scsi.o
 .debug_abbrev  0x0000000000001f1d      0x270 Middlewares/ST/STM32_USB_Device_Library/Core/Src/usbd_core.o
 .debug_abbrev  0x000000000000218d      0x2a0 Middlewares/ST/STM32_USB_Device_Library/Core/Src/usbd_ctlreq.o
 .debug_abbrev  0x000000000000242d      0x1e0 Middlewares/ST/STM32_USB_Device_Library/Core/Src/usbd_ioreq.o
 .debug_abbrev  0x000000000000260d      0x1c3 USB_DEVICE/App/usb_device.o
 .debug_abbrev  0x00000000000027d0      0x290 USB_DEVICE/App/usbd_desc.o
 .debug_abbrev  0x0000000000002a60      0x263 USB_DEVICE/App/usbd_storage_if.o
 .debug_abbrev  0x0000000000002cc3      0x2e0 USB_DEVICE/Target/usbd_conf.o

.debug_aranges  0x0000000000000000      0xb60
 .debug_aranges
                0x0000000000000000       0x38 Core/Src/main.o
 .debug_aranges
                0x0000000000000038       0x20 Core/Src/stm32f1xx_hal_msp.o
 .debug_aranges
                0x0000000000000058       0x68 Core/Src/stm32f1xx_it.o
 .debug_aranges
                0x00000000000000c0       0x28 Core/Src/system_stm32f1xx.o
 .debug_aranges
                0x00000000000000e8       0x28 Core/Startup/startup_stm32f103c6tx.o
 .debug_aranges
                0x0000000000000110       0xe0 Drivers/STM32F1xx_HAL_Driver/Src/stm32f1xx_hal.o
 .debug_aranges
                0x00000000000001f0      0x100 Drivers/STM32F1xx_HAL_Driver/Src/stm32f1xx_hal_cortex.o
 .debug_aranges
                0x00000000000002f0       0x58 Drivers/STM32F1xx_HAL_Driver/Src/stm32f1xx_hal_gpio.o
 .debug_aranges
                0x0000000000000348      0x120 Drivers/STM32F1xx_HAL_Driver/Src/stm32f1xx_hal_pcd.o
 .debug_aranges
                0x0000000000000468       0x38 Drivers/STM32F1xx_HAL_Driver/Src/stm32f1xx_hal_pcd_ex.o
 .debug_aranges
                0x00000000000004a0       0x90 Drivers/STM32F1xx_HAL_Driver/Src/stm32f1xx_hal_rcc.o
 .debug_aranges
                0x0000000000000530       0x30 Drivers/STM32F1xx_HAL_Driver/Src/stm32f1xx_hal_rcc_ex.o
 .debug_aranges
                0x0000000000000560      0x108 Drivers/STM32F1xx_HAL_Driver/Src/stm32f1xx_ll_usb.o
 .debug_aranges
                0x0000000000000668       0x68 Middlewares/ST/STM32_USB_Device_Library/Class/MSC/Src/usbd_msc.o
 .debug_aranges
                0x00000000000006d0       0x68 Middlewares/ST/STM32_USB_Device_Library/Class/MSC/Src/usbd_msc_bot.o
 .debug_aranges
                0x0000000000000738       0x18 Middlewares/ST/STM32_USB_Device_Library/Class/MSC/Src/usbd_msc_data.o
 .debug_aranges
                0x0000000000000750       0x98 Middlewares/ST/STM32_USB_Device_Library/Class/MSC/Src/usbd_msc_scsi.o
 .debug_aranges
                0x00000000000007e8       0xb8 Middlewares/ST/STM32_USB_Device_Library/Core/Src/usbd_core.o
 .debug_aranges
                0x00000000000008a0       0x88 Middlewares/ST/STM32_USB_Device_Library/Core/Src/usbd_ctlreq.o
 .debug_aranges
                0x0000000000000928       0x50 Middlewares/ST/STM32_USB_Device_Library/Core/Src/usbd_ioreq.o
 .debug_aranges
                0x0000000000000978       0x20 USB_DEVICE/App/usb_device.o
 .debug_aranges
                0x0000000000000998       0x60 USB_DEVICE/App/usbd_desc.o
 .debug_aranges
                0x00000000000009f8       0x50 USB_DEVICE/App/usbd_storage_if.o
 .debug_aranges
                0x0000000000000a48      0x118 USB_DEVICE/Target/usbd_conf.o

.debug_ranges   0x0000000000000000      0x9e0
 .debug_ranges  0x0000000000000000       0x28 Core/Src/main.o
 .debug_ranges  0x0000000000000028       0x10 Core/Src/stm32f1xx_hal_msp.o
 .debug_ranges  0x0000000000000038       0x58 Core/Src/stm32f1xx_it.o
 .debug_ranges  0x0000000000000090       0x18 Core/Src/system_stm32f1xx.o
 .debug_ranges  0x00000000000000a8       0x20 Core/Startup/startup_stm32f103c6tx.o
 .debug_ranges  0x00000000000000c8       0xd0 Drivers/STM32F1xx_HAL_Driver/Src/stm32f1xx_hal.o
 .debug_ranges  0x0000000000000198       0xf0 Drivers/STM32F1xx_HAL_Driver/Src/stm32f1xx_hal_cortex.o
 .debug_ranges  0x0000000000000288       0x48 Drivers/STM32F1xx_HAL_Driver/Src/stm32f1xx_hal_gpio.o
 .debug_ranges  0x00000000000002d0      0x110 Drivers/STM32F1xx_HAL_Driver/Src/stm32f1xx_hal_pcd.o
 .debug_ranges  0x00000000000003e0       0x28 Drivers/STM32F1xx_HAL_Driver/Src/stm32f1xx_hal_pcd_ex.o
 .debug_ranges  0x0000000000000408       0x80 Drivers/STM32F1xx_HAL_Driver/Src/stm32f1xx_hal_rcc.o
 .debug_ranges  0x0000000000000488       0x20 Drivers/STM32F1xx_HAL_Driver/Src/stm32f1xx_hal_rcc_ex.o
 .debug_ranges  0x00000000000004a8       0xf8 Drivers/STM32F1xx_HAL_Driver/Src/stm32f1xx_ll_usb.o
 .debug_ranges  0x00000000000005a0       0x58 Middlewares/ST/STM32_USB_Device_Library/Class/MSC/Src/usbd_msc.o
 .debug_ranges  0x00000000000005f8       0x58 Middlewares/ST/STM32_USB_Device_Library/Class/MSC/Src/usbd_msc_bot.o
 .debug_ranges  0x0000000000000650       0x88 Middlewares/ST/STM32_USB_Device_Library/Class/MSC/Src/usbd_msc_scsi.o
 .debug_ranges  0x00000000000006d8       0xa8 Middlewares/ST/STM32_USB_Device_Library/Core/Src/usbd_core.o
 .debug_ranges  0x0000000000000780       0x78 Middlewares/ST/STM32_USB_Device_Library/Core/Src/usbd_ctlreq.o
 .debug_ranges  0x00000000000007f8       0x40 Middlewares/ST/STM32_USB_Device_Library/Core/Src/usbd_ioreq.o
 .debug_ranges  0x0000000000000838       0x10 USB_DEVICE/App/usb_device.o
 .debug_ranges  0x0000000000000848       0x50 USB_DEVICE/App/usbd_desc.o
 .debug_ranges  0x0000000000000898       0x40 USB_DEVICE/App/usbd_storage_if.o
 .debug_ranges  0x00000000000008d8      0x108 USB_DEVICE/Target/usbd_conf.o

.debug_macro    0x0000000000000000    0x16b69
 .debug_macro   0x0000000000000000      0x38a Core/Src/main.o
 .debug_macro   0x000000000000038a      0xa5a Core/Src/main.o
 .debug_macro   0x0000000000000de4      0x215 Core/Src/main.o
 .debug_macro   0x0000000000000ff9       0x2e Core/Src/main.o
 .debug_macro   0x0000000000001027       0x22 Core/Src/main.o
 .debug_macro   0x0000000000001049       0x22 Core/Src/main.o
 .debug_macro   0x000000000000106b       0x8e Core/Src/main.o
 .debug_macro   0x00000000000010f9       0x51 Core/Src/main.o
 .debug_macro   0x000000000000114a       0xef Core/Src/main.o
 .debug_macro   0x0000000000001239       0x6a Core/Src/main.o
 .debug_macro   0x00000000000012a3      0x1df Core/Src/main.o
 .debug_macro   0x0000000000001482       0x1c Core/Src/main.o
 .debug_macro   0x000000000000149e       0x22 Core/Src/main.o
 .debug_macro   0x00000000000014c0       0xc3 Core/Src/main.o
 .debug_macro   0x0000000000001583      0xd23 Core/Src/main.o
 .debug_macro   0x00000000000022a6     0xde75 Core/Src/main.o
 .debug_macro   0x000000000001011b       0x43 Core/Src/main.o
 .debug_macro   0x000000000001015e      0x174 Core/Src/main.o
 .debug_macro   0x00000000000102d2       0x5a Core/Src/main.o
 .debug_macro   0x000000000001032c      0x5be Core/Src/main.o
 .debug_macro   0x00000000000108ea      0x1b7 Core/Src/main.o
 .debug_macro   0x0000000000010aa1      0x1cb Core/Src/main.o
 .debug_macro   0x0000000000010c6c      0x114 Core/Src/main.o
 .debug_macro   0x0000000000010d80      0x1b2 Core/Src/main.o
 .debug_macro   0x0000000000010f32       0x27 Core/Src/main.o
 .debug_macro   0x0000000000010f59      0x12f Core/Src/main.o
 .debug_macro   0x0000000000011088      0x1bc Core/Src/main.o
 .debug_macro   0x0000000000011244       0x34 Core/Src/main.o
 .debug_macro   0x0000000000011278       0x3c Core/Src/main.o
 .debug_macro   0x00000000000112b4       0x57 Core/Src/main.o
 .debug_macro   0x000000000001130b       0x88 Core/Src/main.o
 .debug_macro   0x0000000000011393      0x183 Core/Src/main.o
 .debug_macro   0x0000000000011516      0x141 Core/Src/main.o
 .debug_macro   0x0000000000011657       0x65 Core/Src/main.o
 .debug_macro   0x00000000000116bc      0x249 Core/Src/main.o
 .debug_macro   0x0000000000011905       0x69 Core/Src/main.o
 .debug_macro   0x000000000001196e       0x46 Core/Src/main.o
 .debug_macro   0x00000000000119b4       0x18 Core/Src/main.o
 .debug_macro   0x00000000000119cc       0x3c Core/Src/main.o
 .debug_macro   0x0000000000011a08       0x34 Core/Src/main.o
 .debug_macro   0x0000000000011a3c       0x16 Core/Src/main.o
 .debug_macro   0x0000000000011a52       0x35 Core/Src/main.o
 .debug_macro   0x0000000000011a87      0x32a Core/Src/main.o
 .debug_macro   0x0000000000011db1       0x10 Core/Src/main.o
 .debug_macro   0x0000000000011dc1       0x52 Core/Src/main.o
 .debug_macro   0x0000000000011e13       0x1f Core/Src/main.o
 .debug_macro   0x0000000000011e32       0x43 Core/Src/main.o
 .debug_macro   0x0000000000011e75       0x20 Core/Src/main.o
 .debug_macro   0x0000000000011e95      0x1a3 Core/Src/main.o
 .debug_macro   0x0000000000012038       0x10 Core/Src/main.o
 .debug_macro   0x0000000000012048       0x1c Core/Src/main.o
 .debug_macro   0x0000000000012064       0x52 Core/Src/main.o
 .debug_macro   0x00000000000120b6       0x40 Core/Src/main.o
 .debug_macro   0x00000000000120f6       0x10 Core/Src/main.o
 .debug_macro   0x0000000000012106       0x40 Core/Src/main.o
 .debug_macro   0x0000000000012146       0xd7 Core/Src/main.o
 .debug_macro   0x000000000001221d       0x1c Core/Src/main.o
 .debug_macro   0x0000000000012239       0x3d Core/Src/main.o
 .debug_macro   0x0000000000012276       0x16 Core/Src/main.o
 .debug_macro   0x000000000001228c      0x145 Core/Src/main.o
 .debug_macro   0x00000000000123d1       0x16 Core/Src/main.o
 .debug_macro   0x00000000000123e7       0x16 Core/Src/main.o
 .debug_macro   0x00000000000123fd       0x29 Core/Src/main.o
 .debug_macro   0x0000000000012426       0x16 Core/Src/main.o
 .debug_macro   0x000000000001243c       0x20 Core/Src/main.o
 .debug_macro   0x000000000001245c       0x60 Core/Src/main.o
 .debug_macro   0x00000000000124bc      0x1c8 Core/Src/main.o
 .debug_macro   0x0000000000012684      0x1a8 Core/Src/stm32f1xx_hal_msp.o
 .debug_macro   0x000000000001282c      0x1b2 Core/Src/stm32f1xx_it.o
 .debug_macro   0x00000000000129de      0x1a4 Core/Src/system_stm32f1xx.o
 .debug_macro   0x0000000000012b82      0x1c2 Drivers/STM32F1xx_HAL_Driver/Src/stm32f1xx_hal.o
 .debug_macro   0x0000000000012d44      0x19e Drivers/STM32F1xx_HAL_Driver/Src/stm32f1xx_hal_cortex.o
 .debug_macro   0x0000000000012ee2      0x209 Drivers/STM32F1xx_HAL_Driver/Src/stm32f1xx_hal_gpio.o
 .debug_macro   0x00000000000130eb      0x1aa Drivers/STM32F1xx_HAL_Driver/Src/stm32f1xx_hal_pcd.o
 .debug_macro   0x0000000000013295      0x19e Drivers/STM32F1xx_HAL_Driver/Src/stm32f1xx_hal_pcd_ex.o
 .debug_macro   0x0000000000013433      0x1b0 Drivers/STM32F1xx_HAL_Driver/Src/stm32f1xx_hal_rcc.o
 .debug_macro   0x00000000000135e3      0x19e Drivers/STM32F1xx_HAL_Driver/Src/stm32f1xx_hal_rcc_ex.o
 .debug_macro   0x0000000000013781      0x19e Drivers/STM32F1xx_HAL_Driver/Src/stm32f1xx_ll_usb.o
 .debug_macro   0x000000000001391f      0x3d1 Middlewares/ST/STM32_USB_Device_Library/Class/MSC/Src/usbd_msc.o
 .debug_macro   0x0000000000013cf0       0x97 Middlewares/ST/STM32_USB_Device_Library/Class/MSC/Src/usbd_msc.o
 .debug_macro   0x0000000000013d87       0xfd Middlewares/ST/STM32_USB_Device_Library/Class/MSC/Src/usbd_msc.o
 .debug_macro   0x0000000000013e84       0xbd Middlewares/ST/STM32_USB_Device_Library/Class/MSC/Src/usbd_msc.o
 .debug_macro   0x0000000000013f41       0x54 Middlewares/ST/STM32_USB_Device_Library/Class/MSC/Src/usbd_msc.o
 .debug_macro   0x0000000000013f95      0x1ce Middlewares/ST/STM32_USB_Device_Library/Class/MSC/Src/usbd_msc.o
 .debug_macro   0x0000000000014163       0x7c Middlewares/ST/STM32_USB_Device_Library/Class/MSC/Src/usbd_msc.o
 .debug_macro   0x00000000000141df      0x15a Middlewares/ST/STM32_USB_Device_Library/Class/MSC/Src/usbd_msc.o
 .debug_macro   0x0000000000014339       0x34 Middlewares/ST/STM32_USB_Device_Library/Class/MSC/Src/usbd_msc.o
 .debug_macro   0x000000000001436d      0x3d9 Middlewares/ST/STM32_USB_Device_Library/Class/MSC/Src/usbd_msc_bot.o
 .debug_macro   0x0000000000014746      0x37a Middlewares/ST/STM32_USB_Device_Library/Class/MSC/Src/usbd_msc_data.o
 .debug_macro   0x0000000000014ac0       0x1c Middlewares/ST/STM32_USB_Device_Library/Class/MSC/Src/usbd_msc_data.o
 .debug_macro   0x0000000000014adc      0x3e2 Middlewares/ST/STM32_USB_Device_Library/Class/MSC/Src/usbd_msc_scsi.o
 .debug_macro   0x0000000000014ebe       0x22 Middlewares/ST/STM32_USB_Device_Library/Class/MSC/Src/usbd_msc_scsi.o
 .debug_macro   0x0000000000014ee0      0x39c Middlewares/ST/STM32_USB_Device_Library/Core/Src/usbd_core.o
 .debug_macro   0x000000000001527c      0x3a6 Middlewares/ST/STM32_USB_Device_Library/Core/Src/usbd_ctlreq.o
 .debug_macro   0x0000000000015622      0x3a2 Middlewares/ST/STM32_USB_Device_Library/Core/Src/usbd_ioreq.o
 .debug_macro   0x00000000000159c4      0x3ee USB_DEVICE/App/usb_device.o
 .debug_macro   0x0000000000015db2       0x22 USB_DEVICE/App/usb_device.o
 .debug_macro   0x0000000000015dd4       0x82 USB_DEVICE/App/usb_device.o
 .debug_macro   0x0000000000015e56      0x160 USB_DEVICE/App/usb_device.o
 .debug_macro   0x0000000000015fb6      0x3d9 USB_DEVICE/App/usbd_desc.o
 .debug_macro   0x000000000001638f       0x1c USB_DEVICE/App/usbd_desc.o
 .debug_macro   0x00000000000163ab      0x3ed USB_DEVICE/App/usbd_storage_if.o
 .debug_macro   0x0000000000016798      0x3d1 USB_DEVICE/Target/usbd_conf.o

.debug_line     0x0000000000000000     0xd60b
 .debug_line    0x0000000000000000      0x940 Core/Src/main.o
 .debug_line    0x0000000000000940      0x635 Core/Src/stm32f1xx_hal_msp.o
 .debug_line    0x0000000000000f75      0x6ea Core/Src/stm32f1xx_it.o
 .debug_line    0x000000000000165f      0x665 Core/Src/system_stm32f1xx.o
 .debug_line    0x0000000000001cc4       0x84 Core/Startup/startup_stm32f103c6tx.o
 .debug_line    0x0000000000001d48      0x80d Drivers/STM32F1xx_HAL_Driver/Src/stm32f1xx_hal.o
 .debug_line    0x0000000000002555      0x8e6 Drivers/STM32F1xx_HAL_Driver/Src/stm32f1xx_hal_cortex.o
 .debug_line    0x0000000000002e3b      0x7f9 Drivers/STM32F1xx_HAL_Driver/Src/stm32f1xx_hal_gpio.o
 .debug_line    0x0000000000003634      0xb00 Drivers/STM32F1xx_HAL_Driver/Src/stm32f1xx_hal_pcd.o
 .debug_line    0x0000000000004134      0x680 Drivers/STM32F1xx_HAL_Driver/Src/stm32f1xx_hal_pcd_ex.o
 .debug_line    0x00000000000047b4      0x8cf Drivers/STM32F1xx_HAL_Driver/Src/stm32f1xx_hal_rcc.o
 .debug_line    0x0000000000005083      0x6ed Drivers/STM32F1xx_HAL_Driver/Src/stm32f1xx_hal_rcc_ex.o
 .debug_line    0x0000000000005770      0xb19 Drivers/STM32F1xx_HAL_Driver/Src/stm32f1xx_ll_usb.o
 .debug_line    0x0000000000006289      0xaa5 Middlewares/ST/STM32_USB_Device_Library/Class/MSC/Src/usbd_msc.o
 .debug_line    0x0000000000006d2e      0xad1 Middlewares/ST/STM32_USB_Device_Library/Class/MSC/Src/usbd_msc_bot.o
 .debug_line    0x00000000000077ff      0x8e5 Middlewares/ST/STM32_USB_Device_Library/Class/MSC/Src/usbd_msc_data.o
 .debug_line    0x00000000000080e4      0xba9 Middlewares/ST/STM32_USB_Device_Library/Class/MSC/Src/usbd_msc_scsi.o
 .debug_line    0x0000000000008c8d      0xb26 Middlewares/ST/STM32_USB_Device_Library/Core/Src/usbd_core.o
 .debug_line    0x00000000000097b3      0xbaf Middlewares/ST/STM32_USB_Device_Library/Core/Src/usbd_ctlreq.o
 .debug_line    0x000000000000a362      0x98f Middlewares/ST/STM32_USB_Device_Library/Core/Src/usbd_ioreq.o
 .debug_line    0x000000000000acf1      0x99a USB_DEVICE/App/usb_device.o
 .debug_line    0x000000000000b68b      0x9c3 USB_DEVICE/App/usbd_desc.o
 .debug_line    0x000000000000c04e      0x9ed USB_DEVICE/App/usbd_storage_if.o
 .debug_line    0x000000000000ca3b      0xbd0 USB_DEVICE/Target/usbd_conf.o

.debug_str      0x0000000000000000    0x6b5e7
 .debug_str     0x0000000000000000    0x67db2 Core/Src/main.o
                                      0x6813e (size before relaxing)
 .debug_str     0x0000000000067db2       0x5a Core/Src/stm32f1xx_hal_msp.o
                                      0x63369 (size before relaxing)
 .debug_str     0x0000000000067e0c      0x3d5 Core/Src/stm32f1xx_it.o
                                      0x636f3 (size before relaxing)
 .debug_str     0x00000000000681e1       0xc2 Core/Src/system_stm32f1xx.o
                                      0x633d0 (size before relaxing)
 .debug_str     0x00000000000682a3       0x36 Core/Startup/startup_stm32f103c6tx.o
                                         0xa3 (size before relaxing)
 .debug_str     0x00000000000682d9      0x5e5 Drivers/STM32F1xx_HAL_Driver/Src/stm32f1xx_hal.o
                                      0x639a7 (size before relaxing)
 .debug_str     0x00000000000688be      0x2a0 Drivers/STM32F1xx_HAL_Driver/Src/stm32f1xx_hal_cortex.o
                                      0x639b5 (size before relaxing)
 .debug_str     0x0000000000068b5e      0x324 Drivers/STM32F1xx_HAL_Driver/Src/stm32f1xx_hal_gpio.o
                                      0x6371a (size before relaxing)
 .debug_str     0x0000000000068e82      0x3af Drivers/STM32F1xx_HAL_Driver/Src/stm32f1xx_hal_pcd.o
                                      0x63a01 (size before relaxing)
 .debug_str     0x0000000000069231      0x18d Drivers/STM32F1xx_HAL_Driver/Src/stm32f1xx_hal_pcd_ex.o
                                      0x637dd (size before relaxing)
 .debug_str     0x00000000000693be      0x263 Drivers/STM32F1xx_HAL_Driver/Src/stm32f1xx_hal_rcc.o
                                      0x63753 (size before relaxing)
 .debug_str     0x0000000000069621       0xb9 Drivers/STM32F1xx_HAL_Driver/Src/stm32f1xx_hal_rcc_ex.o
                                      0x634e0 (size before relaxing)
 .debug_str     0x00000000000696da      0x304 Drivers/STM32F1xx_HAL_Driver/Src/stm32f1xx_ll_usb.o
                                      0x63847 (size before relaxing)
 .debug_str     0x00000000000699de      0xf1a Middlewares/ST/STM32_USB_Device_Library/Class/MSC/Src/usbd_msc.o
                                      0x68e80 (size before relaxing)
 .debug_str     0x000000000006a8f8       0xf9 Middlewares/ST/STM32_USB_Device_Library/Class/MSC/Src/usbd_msc_bot.o
                                      0x68dcc (size before relaxing)
 .debug_str     0x000000000006a9f1       0xfc Middlewares/ST/STM32_USB_Device_Library/Class/MSC/Src/usbd_msc_data.o
                                      0x67744 (size before relaxing)
 .debug_str     0x000000000006aaed      0x178 Middlewares/ST/STM32_USB_Device_Library/Class/MSC/Src/usbd_msc_scsi.o
                                      0x68f02 (size before relaxing)
 .debug_str     0x000000000006ac65      0x1b5 Middlewares/ST/STM32_USB_Device_Library/Core/Src/usbd_core.o
                                      0x68458 (size before relaxing)
 .debug_str     0x000000000006ae1a      0x12f Middlewares/ST/STM32_USB_Device_Library/Core/Src/usbd_ctlreq.o
                                      0x683de (size before relaxing)
 .debug_str     0x000000000006af49       0xc9 Middlewares/ST/STM32_USB_Device_Library/Core/Src/usbd_ioreq.o
                                      0x68366 (size before relaxing)
 .debug_str     0x000000000006b012       0xf8 USB_DEVICE/App/usb_device.o
                                      0x68c6d (size before relaxing)
 .debug_str     0x000000000006b10a      0x255 USB_DEVICE/App/usbd_desc.o
                                      0x682ce (size before relaxing)
 .debug_str     0x000000000006b35f      0x134 USB_DEVICE/App/usbd_storage_if.o
                                      0x68ce8 (size before relaxing)
 .debug_str     0x000000000006b493      0x154 USB_DEVICE/Target/usbd_conf.o
                                      0x694bd (size before relaxing)

.comment        0x0000000000000000       0x7b
 .comment       0x0000000000000000       0x7b Core/Src/main.o
                                         0x7c (size before relaxing)
 .comment       0x000000000000007b       0x7c Core/Src/stm32f1xx_hal_msp.o
 .comment       0x000000000000007b       0x7c Core/Src/stm32f1xx_it.o
 .comment       0x000000000000007b       0x7c Core/Src/system_stm32f1xx.o
 .comment       0x000000000000007b       0x7c Drivers/STM32F1xx_HAL_Driver/Src/stm32f1xx_hal.o
 .comment       0x000000000000007b       0x7c Drivers/STM32F1xx_HAL_Driver/Src/stm32f1xx_hal_cortex.o
 .comment       0x000000000000007b       0x7c Drivers/STM32F1xx_HAL_Driver/Src/stm32f1xx_hal_gpio.o
 .comment       0x000000000000007b       0x7c Drivers/STM32F1xx_HAL_Driver/Src/stm32f1xx_hal_pcd.o
 .comment       0x000000000000007b       0x7c Drivers/STM32F1xx_HAL_Driver/Src/stm32f1xx_hal_pcd_ex.o
 .comment       0x000000000000007b       0x7c Drivers/STM32F1xx_HAL_Driver/Src/stm32f1xx_hal_rcc.o
 .comment       0x000000000000007b       0x7c Drivers/STM32F1xx_HAL_Driver/Src/stm32f1xx_hal_rcc_ex.o
 .comment       0x000000000000007b       0x7c Drivers/STM32F1xx_HAL_Driver/Src/stm32f1xx_ll_usb.o
 .comment       0x000000000000007b       0x7c Middlewares/ST/STM32_USB_Device_Library/Class/MSC/Src/usbd_msc.o
 .comment       0x000000000000007b       0x7c Middlewares/ST/STM32_USB_Device_Library/Class/MSC/Src/usbd_msc_bot.o
 .comment       0x000000000000007b       0x7c Middlewares/ST/STM32_USB_Device_Library/Class/MSC/Src/usbd_msc_data.o
 .comment       0x000000000000007b       0x7c Middlewares/ST/STM32_USB_Device_Library/Class/MSC/Src/usbd_msc_scsi.o
 .comment       0x000000000000007b       0x7c Middlewares/ST/STM32_USB_Device_Library/Core/Src/usbd_core.o
 .comment       0x000000000000007b       0x7c Middlewares/ST/STM32_USB_Device_Library/Core/Src/usbd_ctlreq.o
 .comment       0x000000000000007b       0x7c Middlewares/ST/STM32_USB_Device_Library/Core/Src/usbd_ioreq.o
 .comment       0x000000000000007b       0x7c USB_DEVICE/App/usb_device.o
 .comment       0x000000000000007b       0x7c USB_DEVICE/App/usbd_desc.o
 .comment       0x000000000000007b       0x7c USB_DEVICE/App/usbd_storage_if.o
 .comment       0x000000000000007b       0x7c USB_DEVICE/Target/usbd_conf.o

.debug_frame    0x0000000000000000     0x2b7c
 .debug_frame   0x0000000000000000       0x94 Core/Src/main.o
 .debug_frame   0x0000000000000094       0x38 Core/Src/stm32f1xx_hal_msp.o
 .debug_frame   0x00000000000000cc      0x128 Core/Src/stm32f1xx_it.o
 .debug_frame   0x00000000000001f4       0x58 Core/Src/system_stm32f1xx.o
 .debug_frame   0x000000000000024c      0x334 Drivers/STM32F1xx_HAL_Driver/Src/stm32f1xx_hal.o
 .debug_frame   0x0000000000000580      0x428 Drivers/STM32F1xx_HAL_Driver/Src/stm32f1xx_hal_cortex.o
 .debug_frame   0x00000000000009a8      0x14c Drivers/STM32F1xx_HAL_Driver/Src/stm32f1xx_hal_gpio.o
 .debug_frame   0x0000000000000af4      0x500 Drivers/STM32F1xx_HAL_Driver/Src/stm32f1xx_hal_pcd.o
 .debug_frame   0x0000000000000ff4       0xb0 Drivers/STM32F1xx_HAL_Driver/Src/stm32f1xx_hal_pcd_ex.o
 .debug_frame   0x00000000000010a4      0x21c Drivers/STM32F1xx_HAL_Driver/Src/stm32f1xx_hal_rcc.o
 .debug_frame   0x00000000000012c0       0x84 Drivers/STM32F1xx_HAL_Driver/Src/stm32f1xx_hal_rcc_ex.o
 .debug_frame   0x0000000000001344      0x4d8 Drivers/STM32F1xx_HAL_Driver/Src/stm32f1xx_ll_usb.o
 .debug_frame   0x000000000000181c      0x190 Middlewares/ST/STM32_USB_Device_Library/Class/MSC/Src/usbd_msc.o
 .debug_frame   0x00000000000019ac      0x17c Middlewares/ST/STM32_USB_Device_Library/Class/MSC/Src/usbd_msc_bot.o
 .debug_frame   0x0000000000001b28      0x274 Middlewares/ST/STM32_USB_Device_Library/Class/MSC/Src/usbd_msc_scsi.o
 .debug_frame   0x0000000000001d9c      0x300 Middlewares/ST/STM32_USB_Device_Library/Core/Src/usbd_core.o
 .debug_frame   0x000000000000209c      0x218 Middlewares/ST/STM32_USB_Device_Library/Core/Src/usbd_ctlreq.o
 .debug_frame   0x00000000000022b4      0x10c Middlewares/ST/STM32_USB_Device_Library/Core/Src/usbd_ioreq.o
 .debug_frame   0x00000000000023c0       0x2c USB_DEVICE/App/usb_device.o
 .debug_frame   0x00000000000023ec      0x160 USB_DEVICE/App/usbd_desc.o
 .debug_frame   0x000000000000254c      0x118 USB_DEVICE/App/usbd_storage_if.o
 .debug_frame   0x0000000000002664      0x4a4 USB_DEVICE/Target/usbd_conf.o
 .debug_frame   0x0000000000002b08       0x2c c:/st/stm32cubeide_1.3.0/stm32cubeide/plugins/com.st.stm32cube.ide.mcu.externaltools.gnu-tools-for-stm32.7-2018-q2-update.win32_1.0.0.201904181610/tools/bin/../lib/gcc/arm-none-eabi/7.3.1/../../../../arm-none-eabi/lib/thumb/v7-m\libc_nano.a(lib_a-init.o)
 .debug_frame   0x0000000000002b34       0x28 c:/st/stm32cubeide_1.3.0/stm32cubeide/plugins/com.st.stm32cube.ide.mcu.externaltools.gnu-tools-for-stm32.7-2018-q2-update.win32_1.0.0.201904181610/tools/bin/../lib/gcc/arm-none-eabi/7.3.1/../../../../arm-none-eabi/lib/thumb/v7-m\libc_nano.a(lib_a-memcpy-stub.o)
 .debug_frame   0x0000000000002b5c       0x20 c:/st/stm32cubeide_1.3.0/stm32cubeide/plugins/com.st.stm32cube.ide.mcu.externaltools.gnu-tools-for-stm32.7-2018-q2-update.win32_1.0.0.201904181610/tools/bin/../lib/gcc/arm-none-eabi/7.3.1/../../../../arm-none-eabi/lib/thumb/v7-m\libc_nano.a(lib_a-memset.o)
