Archive member included to satisfy reference by file (symbol)

c:/users/nicolas/.platformio/packages/toolchain-gccarmnoneeabi/bin/../lib/gcc/arm-none-eabi/7.2.1/../../../../arm-none-eabi/lib/thumb/v7-m\libc_nano.a(lib_a-exit.o)
                              c:/users/nicolas/.platformio/packages/toolchain-gccarmnoneeabi/bin/../lib/gcc/arm-none-eabi/7.2.1/../../../../arm-none-eabi/lib/thumb/v7-m/crt0.o (exit)
c:/users/nicolas/.platformio/packages/toolchain-gccarmnoneeabi/bin/../lib/gcc/arm-none-eabi/7.2.1/../../../../arm-none-eabi/lib/thumb/v7-m\libc_nano.a(lib_a-impure.o)
                              c:/users/nicolas/.platformio/packages/toolchain-gccarmnoneeabi/bin/../lib/gcc/arm-none-eabi/7.2.1/../../../../arm-none-eabi/lib/thumb/v7-m\libc_nano.a(lib_a-exit.o) (_global_impure_ptr)
c:/users/nicolas/.platformio/packages/toolchain-gccarmnoneeabi/bin/../lib/gcc/arm-none-eabi/7.2.1/../../../../arm-none-eabi/lib/thumb/v7-m\libc_nano.a(lib_a-init.o)
                              c:/users/nicolas/.platformio/packages/toolchain-gccarmnoneeabi/bin/../lib/gcc/arm-none-eabi/7.2.1/../../../../arm-none-eabi/lib/thumb/v7-m/crt0.o (__libc_init_array)
c:/users/nicolas/.platformio/packages/toolchain-gccarmnoneeabi/bin/../lib/gcc/arm-none-eabi/7.2.1/../../../../arm-none-eabi/lib/thumb/v7-m\libc_nano.a(lib_a-memset.o)
                              c:/users/nicolas/.platformio/packages/toolchain-gccarmnoneeabi/bin/../lib/gcc/arm-none-eabi/7.2.1/../../../../arm-none-eabi/lib/thumb/v7-m/crt0.o (memset)
c:/users/nicolas/.platformio/packages/toolchain-gccarmnoneeabi/bin/../lib/gcc/arm-none-eabi/7.2.1/../../../../arm-none-eabi/lib/thumb/v7-m\libnosys.a(_exit.o)
                              c:/users/nicolas/.platformio/packages/toolchain-gccarmnoneeabi/bin/../lib/gcc/arm-none-eabi/7.2.1/../../../../arm-none-eabi/lib/thumb/v7-m\libc_nano.a(lib_a-exit.o) (_exit)
.pio\build\bluepill_f103c6\libFrameworkHALDriver.a(stm32f1xx_hal.o)
                              .pio\build\bluepill_f103c6\src\main.o (HAL_Init)
.pio\build\bluepill_f103c6\libFrameworkHALDriver.a(stm32f1xx_hal_cortex.o)
                              .pio\build\bluepill_f103c6\libFrameworkHALDriver.a(stm32f1xx_hal.o) (HAL_NVIC_SetPriorityGrouping)
.pio\build\bluepill_f103c6\libFrameworkHALDriver.a(stm32f1xx_hal_dma.o)
                              .pio\build\bluepill_f103c6\src\leds\leds.o (HAL_DMA_Init)
.pio\build\bluepill_f103c6\libFrameworkHALDriver.a(stm32f1xx_hal_gpio.o)
                              .pio\build\bluepill_f103c6\src\leds\leds.o (HAL_GPIO_Init)
.pio\build\bluepill_f103c6\libFrameworkHALDriver.a(stm32f1xx_hal_rcc.o)
                              .pio\build\bluepill_f103c6\src\main.o (HAL_RCC_OscConfig)
.pio\build\bluepill_f103c6\libFrameworkHALDriver.a(stm32f1xx_hal_rcc_ex.o)
                              .pio\build\bluepill_f103c6\src\main.o (HAL_RCCEx_PeriphCLKConfig)
.pio\build\bluepill_f103c6\libFrameworkHALDriver.a(stm32f1xx_hal_tim.o)
                              .pio\build\bluepill_f103c6\src\leds\leds.o (HAL_TIM_Base_Start)
.pio\build\bluepill_f103c6\libFrameworkHALDriver.a(stm32f1xx_hal_tim_ex.o)
                              .pio\build\bluepill_f103c6\libFrameworkHALDriver.a(stm32f1xx_hal_tim.o) (TIMEx_DMACommutationCplt)
.pio\build\bluepill_f103c6\libFrameworkCMSISDevice.a(startup_stm32f103x6.o)
                              (Reset_Handler)
.pio\build\bluepill_f103c6\libFrameworkCMSISDevice.a(system_stm32f1xx.o)
                              .pio\build\bluepill_f103c6\libFrameworkCMSISDevice.a(startup_stm32f103x6.o) (SystemInit)

Allocating common symbols
Common symbol       size              file

uwTick              0x4               .pio\build\bluepill_f103c6\libFrameworkHALDriver.a(stm32f1xx_hal.o)
tim_2_oc_1          0x1c              .pio\build\bluepill_f103c6\src\leds\leds.o
tim_2_oc_0          0x1c              .pio\build\bluepill_f103c6\src\leds\leds.o
dma_down_1          0x44              .pio\build\bluepill_f103c6\src\leds\leds.o
tim_2               0x40              .pio\build\bluepill_f103c6\src\leds\leds.o
dma_up              0x44              .pio\build\bluepill_f103c6\src\leds\leds.o
led_bits_to_send    0x60              .pio\build\bluepill_f103c6\src\leds\leds.o
strip_buffers       0xf00             .pio\build\bluepill_f103c6\src\leds\leds.o
dma_down_0          0x44              .pio\build\bluepill_f103c6\src\leds\leds.o

Discarded input sections

 .text          0x00000000        0x0 c:/users/nicolas/.platformio/packages/toolchain-gccarmnoneeabi/bin/../lib/gcc/arm-none-eabi/7.2.1/thumb/v7-m/crti.o
 .data          0x00000000        0x0 c:/users/nicolas/.platformio/packages/toolchain-gccarmnoneeabi/bin/../lib/gcc/arm-none-eabi/7.2.1/thumb/v7-m/crti.o
 .bss           0x00000000        0x0 c:/users/nicolas/.platformio/packages/toolchain-gccarmnoneeabi/bin/../lib/gcc/arm-none-eabi/7.2.1/thumb/v7-m/crti.o
 .data          0x00000000        0x4 c:/users/nicolas/.platformio/packages/toolchain-gccarmnoneeabi/bin/../lib/gcc/arm-none-eabi/7.2.1/thumb/v7-m/crtbegin.o
 .text          0x00000000       0x74 c:/users/nicolas/.platformio/packages/toolchain-gccarmnoneeabi/bin/../lib/gcc/arm-none-eabi/7.2.1/../../../../arm-none-eabi/lib/thumb/v7-m/crt0.o
 .data          0x00000000        0x0 c:/users/nicolas/.platformio/packages/toolchain-gccarmnoneeabi/bin/../lib/gcc/arm-none-eabi/7.2.1/../../../../arm-none-eabi/lib/thumb/v7-m/crt0.o
 .bss           0x00000000        0x0 c:/users/nicolas/.platformio/packages/toolchain-gccarmnoneeabi/bin/../lib/gcc/arm-none-eabi/7.2.1/../../../../arm-none-eabi/lib/thumb/v7-m/crt0.o
 .ARM.extab     0x00000000        0x0 c:/users/nicolas/.platformio/packages/toolchain-gccarmnoneeabi/bin/../lib/gcc/arm-none-eabi/7.2.1/../../../../arm-none-eabi/lib/thumb/v7-m/crt0.o
 .ARM.exidx     0x00000000        0x8 c:/users/nicolas/.platformio/packages/toolchain-gccarmnoneeabi/bin/../lib/gcc/arm-none-eabi/7.2.1/../../../../arm-none-eabi/lib/thumb/v7-m/crt0.o
 .ARM.attributes
                0x00000000       0x1b c:/users/nicolas/.platformio/packages/toolchain-gccarmnoneeabi/bin/../lib/gcc/arm-none-eabi/7.2.1/../../../../arm-none-eabi/lib/thumb/v7-m/crt0.o
 .text          0x00000000        0x0 .pio\build\bluepill_f103c6\src\exception_handler\exception_handler.o
 .data          0x00000000        0x0 .pio\build\bluepill_f103c6\src\exception_handler\exception_handler.o
 .bss           0x00000000        0x0 .pio\build\bluepill_f103c6\src\exception_handler\exception_handler.o
 .text          0x00000000        0x0 .pio\build\bluepill_f103c6\src\leds\leds.o
 .data          0x00000000        0x0 .pio\build\bluepill_f103c6\src\leds\leds.o
 .bss           0x00000000        0x0 .pio\build\bluepill_f103c6\src\leds\leds.o
 .text          0x00000000        0x0 .pio\build\bluepill_f103c6\src\main.o
 .data          0x00000000        0x0 .pio\build\bluepill_f103c6\src\main.o
 .bss           0x00000000        0x0 .pio\build\bluepill_f103c6\src\main.o
 .text.gpio_init
                0x00000000       0x54 .pio\build\bluepill_f103c6\src\main.o
 .text          0x00000000        0x0 c:/users/nicolas/.platformio/packages/toolchain-gccarmnoneeabi/bin/../lib/gcc/arm-none-eabi/7.2.1/../../../../arm-none-eabi/lib/thumb/v7-m\libc_nano.a(lib_a-exit.o)
 .data          0x00000000        0x0 c:/users/nicolas/.platformio/packages/toolchain-gccarmnoneeabi/bin/../lib/gcc/arm-none-eabi/7.2.1/../../../../arm-none-eabi/lib/thumb/v7-m\libc_nano.a(lib_a-exit.o)
 .bss           0x00000000        0x0 c:/users/nicolas/.platformio/packages/toolchain-gccarmnoneeabi/bin/../lib/gcc/arm-none-eabi/7.2.1/../../../../arm-none-eabi/lib/thumb/v7-m\libc_nano.a(lib_a-exit.o)
 .text.exit     0x00000000       0x28 c:/users/nicolas/.platformio/packages/toolchain-gccarmnoneeabi/bin/../lib/gcc/arm-none-eabi/7.2.1/../../../../arm-none-eabi/lib/thumb/v7-m\libc_nano.a(lib_a-exit.o)
 .debug_frame   0x00000000       0x28 c:/users/nicolas/.platformio/packages/toolchain-gccarmnoneeabi/bin/../lib/gcc/arm-none-eabi/7.2.1/../../../../arm-none-eabi/lib/thumb/v7-m\libc_nano.a(lib_a-exit.o)
 .ARM.attributes
                0x00000000       0x2d c:/users/nicolas/.platformio/packages/toolchain-gccarmnoneeabi/bin/../lib/gcc/arm-none-eabi/7.2.1/../../../../arm-none-eabi/lib/thumb/v7-m\libc_nano.a(lib_a-exit.o)
 .text          0x00000000        0x0 c:/users/nicolas/.platformio/packages/toolchain-gccarmnoneeabi/bin/../lib/gcc/arm-none-eabi/7.2.1/../../../../arm-none-eabi/lib/thumb/v7-m\libc_nano.a(lib_a-impure.o)
 .data          0x00000000        0x0 c:/users/nicolas/.platformio/packages/toolchain-gccarmnoneeabi/bin/../lib/gcc/arm-none-eabi/7.2.1/../../../../arm-none-eabi/lib/thumb/v7-m\libc_nano.a(lib_a-impure.o)
 .bss           0x00000000        0x0 c:/users/nicolas/.platformio/packages/toolchain-gccarmnoneeabi/bin/../lib/gcc/arm-none-eabi/7.2.1/../../../../arm-none-eabi/lib/thumb/v7-m\libc_nano.a(lib_a-impure.o)
 .data._impure_ptr
                0x00000000        0x4 c:/users/nicolas/.platformio/packages/toolchain-gccarmnoneeabi/bin/../lib/gcc/arm-none-eabi/7.2.1/../../../../arm-none-eabi/lib/thumb/v7-m\libc_nano.a(lib_a-impure.o)
 .data.impure_data
                0x00000000       0x60 c:/users/nicolas/.platformio/packages/toolchain-gccarmnoneeabi/bin/../lib/gcc/arm-none-eabi/7.2.1/../../../../arm-none-eabi/lib/thumb/v7-m\libc_nano.a(lib_a-impure.o)
 .rodata._global_impure_ptr
                0x00000000        0x4 c:/users/nicolas/.platformio/packages/toolchain-gccarmnoneeabi/bin/../lib/gcc/arm-none-eabi/7.2.1/../../../../arm-none-eabi/lib/thumb/v7-m\libc_nano.a(lib_a-impure.o)
 .ARM.attributes
                0x00000000       0x2d c:/users/nicolas/.platformio/packages/toolchain-gccarmnoneeabi/bin/../lib/gcc/arm-none-eabi/7.2.1/../../../../arm-none-eabi/lib/thumb/v7-m\libc_nano.a(lib_a-impure.o)
 .text          0x00000000        0x0 c:/users/nicolas/.platformio/packages/toolchain-gccarmnoneeabi/bin/../lib/gcc/arm-none-eabi/7.2.1/../../../../arm-none-eabi/lib/thumb/v7-m\libc_nano.a(lib_a-init.o)
 .data          0x00000000        0x0 c:/users/nicolas/.platformio/packages/toolchain-gccarmnoneeabi/bin/../lib/gcc/arm-none-eabi/7.2.1/../../../../arm-none-eabi/lib/thumb/v7-m\libc_nano.a(lib_a-init.o)
 .bss           0x00000000        0x0 c:/users/nicolas/.platformio/packages/toolchain-gccarmnoneeabi/bin/../lib/gcc/arm-none-eabi/7.2.1/../../../../arm-none-eabi/lib/thumb/v7-m\libc_nano.a(lib_a-init.o)
 .text          0x00000000        0x0 c:/users/nicolas/.platformio/packages/toolchain-gccarmnoneeabi/bin/../lib/gcc/arm-none-eabi/7.2.1/../../../../arm-none-eabi/lib/thumb/v7-m\libc_nano.a(lib_a-memset.o)
 .data          0x00000000        0x0 c:/users/nicolas/.platformio/packages/toolchain-gccarmnoneeabi/bin/../lib/gcc/arm-none-eabi/7.2.1/../../../../arm-none-eabi/lib/thumb/v7-m\libc_nano.a(lib_a-memset.o)
 .bss           0x00000000        0x0 c:/users/nicolas/.platformio/packages/toolchain-gccarmnoneeabi/bin/../lib/gcc/arm-none-eabi/7.2.1/../../../../arm-none-eabi/lib/thumb/v7-m\libc_nano.a(lib_a-memset.o)
 .text.memset   0x00000000       0x10 c:/users/nicolas/.platformio/packages/toolchain-gccarmnoneeabi/bin/../lib/gcc/arm-none-eabi/7.2.1/../../../../arm-none-eabi/lib/thumb/v7-m\libc_nano.a(lib_a-memset.o)
 .debug_frame   0x00000000       0x20 c:/users/nicolas/.platformio/packages/toolchain-gccarmnoneeabi/bin/../lib/gcc/arm-none-eabi/7.2.1/../../../../arm-none-eabi/lib/thumb/v7-m\libc_nano.a(lib_a-memset.o)
 .ARM.attributes
                0x00000000       0x2d c:/users/nicolas/.platformio/packages/toolchain-gccarmnoneeabi/bin/../lib/gcc/arm-none-eabi/7.2.1/../../../../arm-none-eabi/lib/thumb/v7-m\libc_nano.a(lib_a-memset.o)
 .text          0x00000000        0x0 c:/users/nicolas/.platformio/packages/toolchain-gccarmnoneeabi/bin/../lib/gcc/arm-none-eabi/7.2.1/../../../../arm-none-eabi/lib/thumb/v7-m\libnosys.a(_exit.o)
 .data          0x00000000        0x0 c:/users/nicolas/.platformio/packages/toolchain-gccarmnoneeabi/bin/../lib/gcc/arm-none-eabi/7.2.1/../../../../arm-none-eabi/lib/thumb/v7-m\libnosys.a(_exit.o)
 .bss           0x00000000        0x0 c:/users/nicolas/.platformio/packages/toolchain-gccarmnoneeabi/bin/../lib/gcc/arm-none-eabi/7.2.1/../../../../arm-none-eabi/lib/thumb/v7-m\libnosys.a(_exit.o)
 .text._exit    0x00000000        0x4 c:/users/nicolas/.platformio/packages/toolchain-gccarmnoneeabi/bin/../lib/gcc/arm-none-eabi/7.2.1/../../../../arm-none-eabi/lib/thumb/v7-m\libnosys.a(_exit.o)
 .debug_frame   0x00000000       0x20 c:/users/nicolas/.platformio/packages/toolchain-gccarmnoneeabi/bin/../lib/gcc/arm-none-eabi/7.2.1/../../../../arm-none-eabi/lib/thumb/v7-m\libnosys.a(_exit.o)
 .ARM.attributes
                0x00000000       0x2d c:/users/nicolas/.platformio/packages/toolchain-gccarmnoneeabi/bin/../lib/gcc/arm-none-eabi/7.2.1/../../../../arm-none-eabi/lib/thumb/v7-m\libnosys.a(_exit.o)
 .text          0x00000000        0x0 .pio\build\bluepill_f103c6\libFrameworkHALDriver.a(stm32f1xx_hal.o)
 .data          0x00000000        0x0 .pio\build\bluepill_f103c6\libFrameworkHALDriver.a(stm32f1xx_hal.o)
 .bss           0x00000000        0x0 .pio\build\bluepill_f103c6\libFrameworkHALDriver.a(stm32f1xx_hal.o)
 .text.HAL_MspDeInit
                0x00000000        0x2 .pio\build\bluepill_f103c6\libFrameworkHALDriver.a(stm32f1xx_hal.o)
 .text.HAL_DeInit
                0x00000000       0x20 .pio\build\bluepill_f103c6\libFrameworkHALDriver.a(stm32f1xx_hal.o)
 .text.HAL_GetTickPrio
                0x00000000        0xc .pio\build\bluepill_f103c6\libFrameworkHALDriver.a(stm32f1xx_hal.o)
 .text.HAL_SetTickFreq
                0x00000000       0x24 .pio\build\bluepill_f103c6\libFrameworkHALDriver.a(stm32f1xx_hal.o)
 .text.HAL_GetTickFreq
                0x00000000        0xc .pio\build\bluepill_f103c6\libFrameworkHALDriver.a(stm32f1xx_hal.o)
 .text.HAL_SuspendTick
                0x00000000       0x10 .pio\build\bluepill_f103c6\libFrameworkHALDriver.a(stm32f1xx_hal.o)
 .text.HAL_ResumeTick
                0x00000000       0x10 .pio\build\bluepill_f103c6\libFrameworkHALDriver.a(stm32f1xx_hal.o)
 .text.HAL_GetHalVersion
                0x00000000        0x8 .pio\build\bluepill_f103c6\libFrameworkHALDriver.a(stm32f1xx_hal.o)
 .text.HAL_GetREVID
                0x00000000        0xc .pio\build\bluepill_f103c6\libFrameworkHALDriver.a(stm32f1xx_hal.o)
 .text.HAL_GetDEVID
                0x00000000       0x10 .pio\build\bluepill_f103c6\libFrameworkHALDriver.a(stm32f1xx_hal.o)
 .text.HAL_DBGMCU_EnableDBGSleepMode
                0x00000000       0x10 .pio\build\bluepill_f103c6\libFrameworkHALDriver.a(stm32f1xx_hal.o)
 .text.HAL_DBGMCU_DisableDBGSleepMode
                0x00000000       0x10 .pio\build\bluepill_f103c6\libFrameworkHALDriver.a(stm32f1xx_hal.o)
 .text.HAL_DBGMCU_EnableDBGStopMode
                0x00000000       0x10 .pio\build\bluepill_f103c6\libFrameworkHALDriver.a(stm32f1xx_hal.o)
 .text.HAL_DBGMCU_DisableDBGStopMode
                0x00000000       0x10 .pio\build\bluepill_f103c6\libFrameworkHALDriver.a(stm32f1xx_hal.o)
 .text.HAL_DBGMCU_EnableDBGStandbyMode
                0x00000000       0x10 .pio\build\bluepill_f103c6\libFrameworkHALDriver.a(stm32f1xx_hal.o)
 .text.HAL_DBGMCU_DisableDBGStandbyMode
                0x00000000       0x10 .pio\build\bluepill_f103c6\libFrameworkHALDriver.a(stm32f1xx_hal.o)
 .text.HAL_GetUID
                0x00000000       0x20 .pio\build\bluepill_f103c6\libFrameworkHALDriver.a(stm32f1xx_hal.o)
 .text          0x00000000        0x0 .pio\build\bluepill_f103c6\libFrameworkHALDriver.a(stm32f1xx_hal_cortex.o)
 .data          0x00000000        0x0 .pio\build\bluepill_f103c6\libFrameworkHALDriver.a(stm32f1xx_hal_cortex.o)
 .bss           0x00000000        0x0 .pio\build\bluepill_f103c6\libFrameworkHALDriver.a(stm32f1xx_hal_cortex.o)
 .text.HAL_NVIC_DisableIRQ
                0x00000000       0x18 .pio\build\bluepill_f103c6\libFrameworkHALDriver.a(stm32f1xx_hal_cortex.o)
 .text.HAL_NVIC_SystemReset
                0x00000000       0x24 .pio\build\bluepill_f103c6\libFrameworkHALDriver.a(stm32f1xx_hal_cortex.o)
 .text.HAL_NVIC_GetPriorityGrouping
                0x00000000       0x10 .pio\build\bluepill_f103c6\libFrameworkHALDriver.a(stm32f1xx_hal_cortex.o)
 .text.HAL_NVIC_GetPriority
                0x00000000       0x60 .pio\build\bluepill_f103c6\libFrameworkHALDriver.a(stm32f1xx_hal_cortex.o)
 .text.HAL_NVIC_SetPendingIRQ
                0x00000000       0x18 .pio\build\bluepill_f103c6\libFrameworkHALDriver.a(stm32f1xx_hal_cortex.o)
 .text.HAL_NVIC_GetPendingIRQ
                0x00000000       0x1c .pio\build\bluepill_f103c6\libFrameworkHALDriver.a(stm32f1xx_hal_cortex.o)
 .text.HAL_NVIC_ClearPendingIRQ
                0x00000000       0x18 .pio\build\bluepill_f103c6\libFrameworkHALDriver.a(stm32f1xx_hal_cortex.o)
 .text.HAL_NVIC_GetActive
                0x00000000       0x1c .pio\build\bluepill_f103c6\libFrameworkHALDriver.a(stm32f1xx_hal_cortex.o)
 .text.HAL_SYSTICK_CLKSourceConfig
                0x00000000       0x20 .pio\build\bluepill_f103c6\libFrameworkHALDriver.a(stm32f1xx_hal_cortex.o)
 .text.HAL_SYSTICK_Callback
                0x00000000        0x2 .pio\build\bluepill_f103c6\libFrameworkHALDriver.a(stm32f1xx_hal_cortex.o)
 .text.HAL_SYSTICK_IRQHandler
                0x00000000        0x8 .pio\build\bluepill_f103c6\libFrameworkHALDriver.a(stm32f1xx_hal_cortex.o)
 .text          0x00000000        0x0 .pio\build\bluepill_f103c6\libFrameworkHALDriver.a(stm32f1xx_hal_dma.o)
 .data          0x00000000        0x0 .pio\build\bluepill_f103c6\libFrameworkHALDriver.a(stm32f1xx_hal_dma.o)
 .bss           0x00000000        0x0 .pio\build\bluepill_f103c6\libFrameworkHALDriver.a(stm32f1xx_hal_dma.o)
 .text.HAL_DMA_DeInit
                0x00000000       0x68 .pio\build\bluepill_f103c6\libFrameworkHALDriver.a(stm32f1xx_hal_dma.o)
 .text.HAL_DMA_Abort
                0x00000000       0x2e .pio\build\bluepill_f103c6\libFrameworkHALDriver.a(stm32f1xx_hal_dma.o)
 .text.HAL_DMA_Abort_IT
                0x00000000       0x98 .pio\build\bluepill_f103c6\libFrameworkHALDriver.a(stm32f1xx_hal_dma.o)
 .text.HAL_DMA_PollForTransfer
                0x00000000      0x22c .pio\build\bluepill_f103c6\libFrameworkHALDriver.a(stm32f1xx_hal_dma.o)
 .text.HAL_DMA_RegisterCallback
                0x00000000       0x4e .pio\build\bluepill_f103c6\libFrameworkHALDriver.a(stm32f1xx_hal_dma.o)
 .text.HAL_DMA_UnRegisterCallback
                0x00000000       0x5c .pio\build\bluepill_f103c6\libFrameworkHALDriver.a(stm32f1xx_hal_dma.o)
 .text.HAL_DMA_GetState
                0x00000000        0x6 .pio\build\bluepill_f103c6\libFrameworkHALDriver.a(stm32f1xx_hal_dma.o)
 .text.HAL_DMA_GetError
                0x00000000        0x4 .pio\build\bluepill_f103c6\libFrameworkHALDriver.a(stm32f1xx_hal_dma.o)
 .text          0x00000000        0x0 .pio\build\bluepill_f103c6\libFrameworkHALDriver.a(stm32f1xx_hal_gpio.o)
 .data          0x00000000        0x0 .pio\build\bluepill_f103c6\libFrameworkHALDriver.a(stm32f1xx_hal_gpio.o)
 .bss           0x00000000        0x0 .pio\build\bluepill_f103c6\libFrameworkHALDriver.a(stm32f1xx_hal_gpio.o)
 .text.HAL_GPIO_DeInit
                0x00000000       0xd4 .pio\build\bluepill_f103c6\libFrameworkHALDriver.a(stm32f1xx_hal_gpio.o)
 .text.HAL_GPIO_ReadPin
                0x00000000        0xe .pio\build\bluepill_f103c6\libFrameworkHALDriver.a(stm32f1xx_hal_gpio.o)
 .text.HAL_GPIO_TogglePin
                0x00000000        0x8 .pio\build\bluepill_f103c6\libFrameworkHALDriver.a(stm32f1xx_hal_gpio.o)
 .text.HAL_GPIO_LockPin
                0x00000000       0x2e .pio\build\bluepill_f103c6\libFrameworkHALDriver.a(stm32f1xx_hal_gpio.o)
 .text.HAL_GPIO_EXTI_Callback
                0x00000000        0x2 .pio\build\bluepill_f103c6\libFrameworkHALDriver.a(stm32f1xx_hal_gpio.o)
 .text.HAL_GPIO_EXTI_IRQHandler
                0x00000000       0x1c .pio\build\bluepill_f103c6\libFrameworkHALDriver.a(stm32f1xx_hal_gpio.o)
 .text          0x00000000        0x0 .pio\build\bluepill_f103c6\libFrameworkHALDriver.a(stm32f1xx_hal_rcc.o)
 .data          0x00000000        0x0 .pio\build\bluepill_f103c6\libFrameworkHALDriver.a(stm32f1xx_hal_rcc.o)
 .bss           0x00000000        0x0 .pio\build\bluepill_f103c6\libFrameworkHALDriver.a(stm32f1xx_hal_rcc.o)
 .text.HAL_RCC_DeInit
                0x00000000       0xec .pio\build\bluepill_f103c6\libFrameworkHALDriver.a(stm32f1xx_hal_rcc.o)
 .text.HAL_RCC_MCOConfig
                0x00000000       0x4c .pio\build\bluepill_f103c6\libFrameworkHALDriver.a(stm32f1xx_hal_rcc.o)
 .text.HAL_RCC_EnableCSS
                0x00000000        0xc .pio\build\bluepill_f103c6\libFrameworkHALDriver.a(stm32f1xx_hal_rcc.o)
 .text.HAL_RCC_DisableCSS
                0x00000000        0xc .pio\build\bluepill_f103c6\libFrameworkHALDriver.a(stm32f1xx_hal_rcc.o)
 .text.HAL_RCC_GetHCLKFreq
                0x00000000        0xc .pio\build\bluepill_f103c6\libFrameworkHALDriver.a(stm32f1xx_hal_rcc.o)
 .text.HAL_RCC_GetPCLK1Freq
                0x00000000       0x20 .pio\build\bluepill_f103c6\libFrameworkHALDriver.a(stm32f1xx_hal_rcc.o)
 .text.HAL_RCC_GetPCLK2Freq
                0x00000000       0x20 .pio\build\bluepill_f103c6\libFrameworkHALDriver.a(stm32f1xx_hal_rcc.o)
 .text.HAL_RCC_GetOscConfig
                0x00000000       0xb4 .pio\build\bluepill_f103c6\libFrameworkHALDriver.a(stm32f1xx_hal_rcc.o)
 .text.HAL_RCC_GetClockConfig
                0x00000000       0x3c .pio\build\bluepill_f103c6\libFrameworkHALDriver.a(stm32f1xx_hal_rcc.o)
 .text.HAL_RCC_CSSCallback
                0x00000000        0x2 .pio\build\bluepill_f103c6\libFrameworkHALDriver.a(stm32f1xx_hal_rcc.o)
 .text.HAL_RCC_NMI_IRQHandler
                0x00000000       0x24 .pio\build\bluepill_f103c6\libFrameworkHALDriver.a(stm32f1xx_hal_rcc.o)
 .text          0x00000000        0x0 .pio\build\bluepill_f103c6\libFrameworkHALDriver.a(stm32f1xx_hal_rcc_ex.o)
 .data          0x00000000        0x0 .pio\build\bluepill_f103c6\libFrameworkHALDriver.a(stm32f1xx_hal_rcc_ex.o)
 .bss           0x00000000        0x0 .pio\build\bluepill_f103c6\libFrameworkHALDriver.a(stm32f1xx_hal_rcc_ex.o)
 .text.HAL_RCCEx_GetPeriphCLKConfig
                0x00000000       0x2c .pio\build\bluepill_f103c6\libFrameworkHALDriver.a(stm32f1xx_hal_rcc_ex.o)
 .text.HAL_RCCEx_GetPeriphCLKFreq
                0x00000000       0xfc .pio\build\bluepill_f103c6\libFrameworkHALDriver.a(stm32f1xx_hal_rcc_ex.o)
 .rodata        0x00000000       0x12 .pio\build\bluepill_f103c6\libFrameworkHALDriver.a(stm32f1xx_hal_rcc_ex.o)
 .text          0x00000000        0x0 .pio\build\bluepill_f103c6\libFrameworkHALDriver.a(stm32f1xx_hal_tim.o)
 .data          0x00000000        0x0 .pio\build\bluepill_f103c6\libFrameworkHALDriver.a(stm32f1xx_hal_tim.o)
 .bss           0x00000000        0x0 .pio\build\bluepill_f103c6\libFrameworkHALDriver.a(stm32f1xx_hal_tim.o)
 .text.TIM_TI1_ConfigInputStage
                0x00000000       0x24 .pio\build\bluepill_f103c6\libFrameworkHALDriver.a(stm32f1xx_hal_tim.o)
 .text.TIM_TI2_SetConfig
                0x00000000       0x34 .pio\build\bluepill_f103c6\libFrameworkHALDriver.a(stm32f1xx_hal_tim.o)
 .text.TIM_TI2_ConfigInputStage
                0x00000000       0x26 .pio\build\bluepill_f103c6\libFrameworkHALDriver.a(stm32f1xx_hal_tim.o)
 .text.TIM_TI3_SetConfig
                0x00000000       0x32 .pio\build\bluepill_f103c6\libFrameworkHALDriver.a(stm32f1xx_hal_tim.o)
 .text.TIM_TI4_SetConfig
                0x00000000       0x34 .pio\build\bluepill_f103c6\libFrameworkHALDriver.a(stm32f1xx_hal_tim.o)
 .text.TIM_ITRx_SetConfig
                0x00000000       0x10 .pio\build\bluepill_f103c6\libFrameworkHALDriver.a(stm32f1xx_hal_tim.o)
 .text.TIM_ETR_SetConfig
                0x00000000       0x16 .pio\build\bluepill_f103c6\libFrameworkHALDriver.a(stm32f1xx_hal_tim.o)
 .text.TIM_SlaveTimer_SetConfig
                0x00000000       0x74 .pio\build\bluepill_f103c6\libFrameworkHALDriver.a(stm32f1xx_hal_tim.o)
 .text.HAL_TIM_Base_MspInit
                0x00000000        0x2 .pio\build\bluepill_f103c6\libFrameworkHALDriver.a(stm32f1xx_hal_tim.o)
 .text.HAL_TIM_Base_MspDeInit
                0x00000000        0x2 .pio\build\bluepill_f103c6\libFrameworkHALDriver.a(stm32f1xx_hal_tim.o)
 .text.HAL_TIM_Base_DeInit
                0x00000000       0x3a .pio\build\bluepill_f103c6\libFrameworkHALDriver.a(stm32f1xx_hal_tim.o)
 .text.HAL_TIM_Base_Stop
                0x00000000       0x2e .pio\build\bluepill_f103c6\libFrameworkHALDriver.a(stm32f1xx_hal_tim.o)
 .text.HAL_TIM_Base_Start_IT
                0x00000000       0x18 .pio\build\bluepill_f103c6\libFrameworkHALDriver.a(stm32f1xx_hal_tim.o)
 .text.HAL_TIM_Base_Stop_IT
                0x00000000       0x2c .pio\build\bluepill_f103c6\libFrameworkHALDriver.a(stm32f1xx_hal_tim.o)
 .text.HAL_TIM_Base_Start_DMA
                0x00000000       0x64 .pio\build\bluepill_f103c6\libFrameworkHALDriver.a(stm32f1xx_hal_tim.o)
 .text.HAL_TIM_Base_Stop_DMA
                0x00000000       0x32 .pio\build\bluepill_f103c6\libFrameworkHALDriver.a(stm32f1xx_hal_tim.o)
 .text.HAL_TIM_OC_MspInit
                0x00000000        0x2 .pio\build\bluepill_f103c6\libFrameworkHALDriver.a(stm32f1xx_hal_tim.o)
 .text.HAL_TIM_OC_MspDeInit
                0x00000000        0x2 .pio\build\bluepill_f103c6\libFrameworkHALDriver.a(stm32f1xx_hal_tim.o)
 .text.HAL_TIM_OC_DeInit
                0x00000000       0x3a .pio\build\bluepill_f103c6\libFrameworkHALDriver.a(stm32f1xx_hal_tim.o)
 .text.HAL_TIM_PWM_MspDeInit
                0x00000000        0x2 .pio\build\bluepill_f103c6\libFrameworkHALDriver.a(stm32f1xx_hal_tim.o)
 .text.HAL_TIM_PWM_DeInit
                0x00000000       0x3a .pio\build\bluepill_f103c6\libFrameworkHALDriver.a(stm32f1xx_hal_tim.o)
 .text.HAL_TIM_IC_MspInit
                0x00000000        0x2 .pio\build\bluepill_f103c6\libFrameworkHALDriver.a(stm32f1xx_hal_tim.o)
 .text.HAL_TIM_IC_MspDeInit
                0x00000000        0x2 .pio\build\bluepill_f103c6\libFrameworkHALDriver.a(stm32f1xx_hal_tim.o)
 .text.HAL_TIM_IC_DeInit
                0x00000000       0x3a .pio\build\bluepill_f103c6\libFrameworkHALDriver.a(stm32f1xx_hal_tim.o)
 .text.HAL_TIM_OnePulse_MspInit
                0x00000000        0x2 .pio\build\bluepill_f103c6\libFrameworkHALDriver.a(stm32f1xx_hal_tim.o)
 .text.HAL_TIM_OnePulse_MspDeInit
                0x00000000        0x2 .pio\build\bluepill_f103c6\libFrameworkHALDriver.a(stm32f1xx_hal_tim.o)
 .text.HAL_TIM_OnePulse_DeInit
                0x00000000       0x3a .pio\build\bluepill_f103c6\libFrameworkHALDriver.a(stm32f1xx_hal_tim.o)
 .text.HAL_TIM_Encoder_MspInit
                0x00000000        0x2 .pio\build\bluepill_f103c6\libFrameworkHALDriver.a(stm32f1xx_hal_tim.o)
 .text.HAL_TIM_Encoder_MspDeInit
                0x00000000        0x2 .pio\build\bluepill_f103c6\libFrameworkHALDriver.a(stm32f1xx_hal_tim.o)
 .text.HAL_TIM_Encoder_DeInit
                0x00000000       0x3a .pio\build\bluepill_f103c6\libFrameworkHALDriver.a(stm32f1xx_hal_tim.o)
 .text.HAL_TIM_DMABurst_WriteStart
                0x00000000      0x168 .pio\build\bluepill_f103c6\libFrameworkHALDriver.a(stm32f1xx_hal_tim.o)
 .text.HAL_TIM_DMABurst_WriteStop
                0x00000000       0x76 .pio\build\bluepill_f103c6\libFrameworkHALDriver.a(stm32f1xx_hal_tim.o)
 .text.HAL_TIM_DMABurst_ReadStart
                0x00000000      0x168 .pio\build\bluepill_f103c6\libFrameworkHALDriver.a(stm32f1xx_hal_tim.o)
 .text.HAL_TIM_DMABurst_ReadStop
                0x00000000       0x76 .pio\build\bluepill_f103c6\libFrameworkHALDriver.a(stm32f1xx_hal_tim.o)
 .text.HAL_TIM_GenerateEvent
                0x00000000       0x26 .pio\build\bluepill_f103c6\libFrameworkHALDriver.a(stm32f1xx_hal_tim.o)
 .text.HAL_TIM_ConfigOCrefClear
                0x00000000       0xd0 .pio\build\bluepill_f103c6\libFrameworkHALDriver.a(stm32f1xx_hal_tim.o)
 .text.HAL_TIM_ConfigClockSource
                0x00000000      0x108 .pio\build\bluepill_f103c6\libFrameworkHALDriver.a(stm32f1xx_hal_tim.o)
 .text.HAL_TIM_ConfigTI1Input
                0x00000000       0x10 .pio\build\bluepill_f103c6\libFrameworkHALDriver.a(stm32f1xx_hal_tim.o)
 .text.HAL_TIM_SlaveConfigSynchronization
                0x00000000       0x40 .pio\build\bluepill_f103c6\libFrameworkHALDriver.a(stm32f1xx_hal_tim.o)
 .text.HAL_TIM_SlaveConfigSynchronization_IT
                0x00000000       0x40 .pio\build\bluepill_f103c6\libFrameworkHALDriver.a(stm32f1xx_hal_tim.o)
 .text.HAL_TIM_ReadCapturedValue
                0x00000000       0x4c .pio\build\bluepill_f103c6\libFrameworkHALDriver.a(stm32f1xx_hal_tim.o)
 .text.HAL_TIM_PeriodElapsedCallback
                0x00000000        0x2 .pio\build\bluepill_f103c6\libFrameworkHALDriver.a(stm32f1xx_hal_tim.o)
 .text.TIM_DMAPeriodElapsedCplt
                0x00000000       0x10 .pio\build\bluepill_f103c6\libFrameworkHALDriver.a(stm32f1xx_hal_tim.o)
 .text.TIM_DMACaptureCplt
                0x00000000       0x44 .pio\build\bluepill_f103c6\libFrameworkHALDriver.a(stm32f1xx_hal_tim.o)
 .text.TIM_DMADelayPulseCplt
                0x00000000       0x44 .pio\build\bluepill_f103c6\libFrameworkHALDriver.a(stm32f1xx_hal_tim.o)
 .text.TIM_DMATriggerCplt
                0x00000000       0x10 .pio\build\bluepill_f103c6\libFrameworkHALDriver.a(stm32f1xx_hal_tim.o)
 .text.HAL_TIM_ErrorCallback
                0x00000000        0x2 .pio\build\bluepill_f103c6\libFrameworkHALDriver.a(stm32f1xx_hal_tim.o)
 .text.TIM_DMAError
                0x00000000       0x10 .pio\build\bluepill_f103c6\libFrameworkHALDriver.a(stm32f1xx_hal_tim.o)
 .text.HAL_TIM_Base_GetState
                0x00000000        0x6 .pio\build\bluepill_f103c6\libFrameworkHALDriver.a(stm32f1xx_hal_tim.o)
 .text.HAL_TIM_OC_GetState
                0x00000000        0x6 .pio\build\bluepill_f103c6\libFrameworkHALDriver.a(stm32f1xx_hal_tim.o)
 .text.HAL_TIM_PWM_GetState
                0x00000000        0x6 .pio\build\bluepill_f103c6\libFrameworkHALDriver.a(stm32f1xx_hal_tim.o)
 .text.HAL_TIM_IC_GetState
                0x00000000        0x6 .pio\build\bluepill_f103c6\libFrameworkHALDriver.a(stm32f1xx_hal_tim.o)
 .text.HAL_TIM_OnePulse_GetState
                0x00000000        0x6 .pio\build\bluepill_f103c6\libFrameworkHALDriver.a(stm32f1xx_hal_tim.o)
 .text.HAL_TIM_Encoder_GetState
                0x00000000        0x6 .pio\build\bluepill_f103c6\libFrameworkHALDriver.a(stm32f1xx_hal_tim.o)
 .text.HAL_TIM_Base_Init
                0x00000000       0x32 .pio\build\bluepill_f103c6\libFrameworkHALDriver.a(stm32f1xx_hal_tim.o)
 .text.HAL_TIM_OC_Init
                0x00000000       0x32 .pio\build\bluepill_f103c6\libFrameworkHALDriver.a(stm32f1xx_hal_tim.o)
 .text.HAL_TIM_IC_Init
                0x00000000       0x32 .pio\build\bluepill_f103c6\libFrameworkHALDriver.a(stm32f1xx_hal_tim.o)
 .text.HAL_TIM_OnePulse_Init
                0x00000000       0x46 .pio\build\bluepill_f103c6\libFrameworkHALDriver.a(stm32f1xx_hal_tim.o)
 .text.HAL_TIM_Encoder_Init
                0x00000000       0x98 .pio\build\bluepill_f103c6\libFrameworkHALDriver.a(stm32f1xx_hal_tim.o)
 .text.HAL_TIM_OC_ConfigChannel
                0x00000000       0x5e .pio\build\bluepill_f103c6\libFrameworkHALDriver.a(stm32f1xx_hal_tim.o)
 .text.TIM_TI1_SetConfig
                0x00000000       0x50 .pio\build\bluepill_f103c6\libFrameworkHALDriver.a(stm32f1xx_hal_tim.o)
 .text.HAL_TIM_IC_ConfigChannel
                0x00000000       0xc0 .pio\build\bluepill_f103c6\libFrameworkHALDriver.a(stm32f1xx_hal_tim.o)
 .text.HAL_TIM_OnePulse_ConfigChannel
                0x00000000       0xf2 .pio\build\bluepill_f103c6\libFrameworkHALDriver.a(stm32f1xx_hal_tim.o)
 .text.HAL_TIM_OC_Start
                0x00000000       0x30 .pio\build\bluepill_f103c6\libFrameworkHALDriver.a(stm32f1xx_hal_tim.o)
 .text.HAL_TIM_OC_Stop
                0x00000000       0x58 .pio\build\bluepill_f103c6\libFrameworkHALDriver.a(stm32f1xx_hal_tim.o)
 .text.HAL_TIM_OC_Start_IT
                0x00000000       0x74 .pio\build\bluepill_f103c6\libFrameworkHALDriver.a(stm32f1xx_hal_tim.o)
 .text.HAL_TIM_OC_Stop_IT
                0x00000000       0x9c .pio\build\bluepill_f103c6\libFrameworkHALDriver.a(stm32f1xx_hal_tim.o)
 .text.HAL_TIM_OC_Start_DMA
                0x00000000      0x10c .pio\build\bluepill_f103c6\libFrameworkHALDriver.a(stm32f1xx_hal_tim.o)
 .text.HAL_TIM_OC_Stop_DMA
                0x00000000       0xa4 .pio\build\bluepill_f103c6\libFrameworkHALDriver.a(stm32f1xx_hal_tim.o)
 .text.HAL_TIM_PWM_Stop
                0x00000000       0x60 .pio\build\bluepill_f103c6\libFrameworkHALDriver.a(stm32f1xx_hal_tim.o)
 .text.HAL_TIM_PWM_Start_IT
                0x00000000       0x74 .pio\build\bluepill_f103c6\libFrameworkHALDriver.a(stm32f1xx_hal_tim.o)
 .text.HAL_TIM_PWM_Stop_IT
                0x00000000       0x9c .pio\build\bluepill_f103c6\libFrameworkHALDriver.a(stm32f1xx_hal_tim.o)
 .text.HAL_TIM_PWM_Start_DMA
                0x00000000      0x10c .pio\build\bluepill_f103c6\libFrameworkHALDriver.a(stm32f1xx_hal_tim.o)
 .text.HAL_TIM_PWM_Stop_DMA
                0x00000000       0xa4 .pio\build\bluepill_f103c6\libFrameworkHALDriver.a(stm32f1xx_hal_tim.o)
 .text.HAL_TIM_IC_Start
                0x00000000       0x1a .pio\build\bluepill_f103c6\libFrameworkHALDriver.a(stm32f1xx_hal_tim.o)
 .text.HAL_TIM_IC_Stop
                0x00000000       0x2e .pio\build\bluepill_f103c6\libFrameworkHALDriver.a(stm32f1xx_hal_tim.o)
 .text.HAL_TIM_IC_Start_IT
                0x00000000       0x5e .pio\build\bluepill_f103c6\libFrameworkHALDriver.a(stm32f1xx_hal_tim.o)
 .text.HAL_TIM_IC_Stop_IT
                0x00000000       0x72 .pio\build\bluepill_f103c6\libFrameworkHALDriver.a(stm32f1xx_hal_tim.o)
 .text.HAL_TIM_IC_Start_DMA
                0x00000000       0xec .pio\build\bluepill_f103c6\libFrameworkHALDriver.a(stm32f1xx_hal_tim.o)
 .text.HAL_TIM_IC_Stop_DMA
                0x00000000       0x78 .pio\build\bluepill_f103c6\libFrameworkHALDriver.a(stm32f1xx_hal_tim.o)
 .text.HAL_TIM_OnePulse_Start
                0x00000000       0x34 .pio\build\bluepill_f103c6\libFrameworkHALDriver.a(stm32f1xx_hal_tim.o)
 .text.HAL_TIM_OnePulse_Stop
                0x00000000       0x64 .pio\build\bluepill_f103c6\libFrameworkHALDriver.a(stm32f1xx_hal_tim.o)
 .text.HAL_TIM_OnePulse_Start_IT
                0x00000000       0x48 .pio\build\bluepill_f103c6\libFrameworkHALDriver.a(stm32f1xx_hal_tim.o)
 .text.HAL_TIM_OnePulse_Stop_IT
                0x00000000       0x78 .pio\build\bluepill_f103c6\libFrameworkHALDriver.a(stm32f1xx_hal_tim.o)
 .text.HAL_TIM_Encoder_Start
                0x00000000       0x44 .pio\build\bluepill_f103c6\libFrameworkHALDriver.a(stm32f1xx_hal_tim.o)
 .text.HAL_TIM_Encoder_Stop
                0x00000000       0x58 .pio\build\bluepill_f103c6\libFrameworkHALDriver.a(stm32f1xx_hal_tim.o)
 .text.HAL_TIM_Encoder_Start_IT
                0x00000000       0x6c .pio\build\bluepill_f103c6\libFrameworkHALDriver.a(stm32f1xx_hal_tim.o)
 .text.HAL_TIM_Encoder_Stop_IT
                0x00000000       0x86 .pio\build\bluepill_f103c6\libFrameworkHALDriver.a(stm32f1xx_hal_tim.o)
 .text.HAL_TIM_Encoder_Start_DMA
                0x00000000      0x134 .pio\build\bluepill_f103c6\libFrameworkHALDriver.a(stm32f1xx_hal_tim.o)
 .text.HAL_TIM_Encoder_Stop_DMA
                0x00000000       0x86 .pio\build\bluepill_f103c6\libFrameworkHALDriver.a(stm32f1xx_hal_tim.o)
 .text          0x00000000        0x0 .pio\build\bluepill_f103c6\libFrameworkHALDriver.a(stm32f1xx_hal_tim_ex.o)
 .data          0x00000000        0x0 .pio\build\bluepill_f103c6\libFrameworkHALDriver.a(stm32f1xx_hal_tim_ex.o)
 .bss           0x00000000        0x0 .pio\build\bluepill_f103c6\libFrameworkHALDriver.a(stm32f1xx_hal_tim_ex.o)
 .text.TIM_CCxNChannelCmd
                0x00000000       0x1c .pio\build\bluepill_f103c6\libFrameworkHALDriver.a(stm32f1xx_hal_tim_ex.o)
 .text.HAL_TIMEx_HallSensor_MspInit
                0x00000000        0x2 .pio\build\bluepill_f103c6\libFrameworkHALDriver.a(stm32f1xx_hal_tim_ex.o)
 .text.HAL_TIMEx_HallSensor_Init
                0x00000000       0xbe .pio\build\bluepill_f103c6\libFrameworkHALDriver.a(stm32f1xx_hal_tim_ex.o)
 .text.HAL_TIMEx_HallSensor_MspDeInit
                0x00000000        0x2 .pio\build\bluepill_f103c6\libFrameworkHALDriver.a(stm32f1xx_hal_tim_ex.o)
 .text.HAL_TIMEx_HallSensor_DeInit
                0x00000000       0x3a .pio\build\bluepill_f103c6\libFrameworkHALDriver.a(stm32f1xx_hal_tim_ex.o)
 .text.HAL_TIMEx_HallSensor_Start
                0x00000000       0x1c .pio\build\bluepill_f103c6\libFrameworkHALDriver.a(stm32f1xx_hal_tim_ex.o)
 .text.HAL_TIMEx_HallSensor_Stop
                0x00000000       0x30 .pio\build\bluepill_f103c6\libFrameworkHALDriver.a(stm32f1xx_hal_tim_ex.o)
 .text.HAL_TIMEx_HallSensor_Start_IT
                0x00000000       0x26 .pio\build\bluepill_f103c6\libFrameworkHALDriver.a(stm32f1xx_hal_tim_ex.o)
 .text.HAL_TIMEx_HallSensor_Stop_IT
                0x00000000       0x3a .pio\build\bluepill_f103c6\libFrameworkHALDriver.a(stm32f1xx_hal_tim_ex.o)
 .text.HAL_TIMEx_HallSensor_Start_DMA
                0x00000000       0x74 .pio\build\bluepill_f103c6\libFrameworkHALDriver.a(stm32f1xx_hal_tim_ex.o)
 .text.HAL_TIMEx_HallSensor_Stop_DMA
                0x00000000       0x3a .pio\build\bluepill_f103c6\libFrameworkHALDriver.a(stm32f1xx_hal_tim_ex.o)
 .text.HAL_TIMEx_OCN_Start
                0x00000000       0x24 .pio\build\bluepill_f103c6\libFrameworkHALDriver.a(stm32f1xx_hal_tim_ex.o)
 .text.HAL_TIMEx_OCN_Stop
                0x00000000       0x4c .pio\build\bluepill_f103c6\libFrameworkHALDriver.a(stm32f1xx_hal_tim_ex.o)
 .text.HAL_TIMEx_OCN_Start_IT
                0x00000000       0x5c .pio\build\bluepill_f103c6\libFrameworkHALDriver.a(stm32f1xx_hal_tim_ex.o)
 .text.HAL_TIMEx_OCN_Stop_IT
                0x00000000       0x90 .pio\build\bluepill_f103c6\libFrameworkHALDriver.a(stm32f1xx_hal_tim_ex.o)
 .text.HAL_TIMEx_OCN_Start_DMA
                0x00000000       0xd4 .pio\build\bluepill_f103c6\libFrameworkHALDriver.a(stm32f1xx_hal_tim_ex.o)
 .text.HAL_TIMEx_OCN_Stop_DMA
                0x00000000       0x80 .pio\build\bluepill_f103c6\libFrameworkHALDriver.a(stm32f1xx_hal_tim_ex.o)
 .text.HAL_TIMEx_PWMN_Start
                0x00000000       0x24 .pio\build\bluepill_f103c6\libFrameworkHALDriver.a(stm32f1xx_hal_tim_ex.o)
 .text.HAL_TIMEx_PWMN_Stop
                0x00000000       0x4c .pio\build\bluepill_f103c6\libFrameworkHALDriver.a(stm32f1xx_hal_tim_ex.o)
 .text.HAL_TIMEx_PWMN_Start_IT
                0x00000000       0x5c .pio\build\bluepill_f103c6\libFrameworkHALDriver.a(stm32f1xx_hal_tim_ex.o)
 .text.HAL_TIMEx_PWMN_Stop_IT
                0x00000000       0x90 .pio\build\bluepill_f103c6\libFrameworkHALDriver.a(stm32f1xx_hal_tim_ex.o)
 .text.HAL_TIMEx_PWMN_Start_DMA
                0x00000000       0xd4 .pio\build\bluepill_f103c6\libFrameworkHALDriver.a(stm32f1xx_hal_tim_ex.o)
 .text.HAL_TIMEx_PWMN_Stop_DMA
                0x00000000       0x80 .pio\build\bluepill_f103c6\libFrameworkHALDriver.a(stm32f1xx_hal_tim_ex.o)
 .text.HAL_TIMEx_OnePulseN_Start
                0x00000000       0x1a .pio\build\bluepill_f103c6\libFrameworkHALDriver.a(stm32f1xx_hal_tim_ex.o)
 .text.HAL_TIMEx_OnePulseN_Stop
                0x00000000       0x4c .pio\build\bluepill_f103c6\libFrameworkHALDriver.a(stm32f1xx_hal_tim_ex.o)
 .text.HAL_TIMEx_OnePulseN_Start_IT
                0x00000000       0x2e .pio\build\bluepill_f103c6\libFrameworkHALDriver.a(stm32f1xx_hal_tim_ex.o)
 .text.HAL_TIMEx_OnePulseN_Stop_IT
                0x00000000       0x60 .pio\build\bluepill_f103c6\libFrameworkHALDriver.a(stm32f1xx_hal_tim_ex.o)
 .text.HAL_TIMEx_ConfigCommutationEvent
                0x00000000       0x5c .pio\build\bluepill_f103c6\libFrameworkHALDriver.a(stm32f1xx_hal_tim_ex.o)
 .text.HAL_TIMEx_ConfigCommutationEvent_IT
                0x00000000       0x66 .pio\build\bluepill_f103c6\libFrameworkHALDriver.a(stm32f1xx_hal_tim_ex.o)
 .text.HAL_TIMEx_ConfigCommutationEvent_DMA
                0x00000000       0x7c .pio\build\bluepill_f103c6\libFrameworkHALDriver.a(stm32f1xx_hal_tim_ex.o)
 .text.HAL_TIMEx_ConfigBreakDeadTime
                0x00000000       0x58 .pio\build\bluepill_f103c6\libFrameworkHALDriver.a(stm32f1xx_hal_tim_ex.o)
 .text.HAL_TIMEx_MasterConfigSynchronization
                0x00000000       0x52 .pio\build\bluepill_f103c6\libFrameworkHALDriver.a(stm32f1xx_hal_tim_ex.o)
 .text.TIMEx_DMACommutationCplt
                0x00000000       0x10 .pio\build\bluepill_f103c6\libFrameworkHALDriver.a(stm32f1xx_hal_tim_ex.o)
 .text.HAL_TIMEx_HallSensor_GetState
                0x00000000        0x6 .pio\build\bluepill_f103c6\libFrameworkHALDriver.a(stm32f1xx_hal_tim_ex.o)
 .text          0x00000000       0x14 .pio\build\bluepill_f103c6\libFrameworkCMSISDevice.a(startup_stm32f103x6.o)
 .data          0x00000000        0x0 .pio\build\bluepill_f103c6\libFrameworkCMSISDevice.a(startup_stm32f103x6.o)
 .bss           0x00000000        0x0 .pio\build\bluepill_f103c6\libFrameworkCMSISDevice.a(startup_stm32f103x6.o)
 .text          0x00000000        0x0 .pio\build\bluepill_f103c6\libFrameworkCMSISDevice.a(system_stm32f1xx.o)
 .data          0x00000000        0x0 .pio\build\bluepill_f103c6\libFrameworkCMSISDevice.a(system_stm32f1xx.o)
 .bss           0x00000000        0x0 .pio\build\bluepill_f103c6\libFrameworkCMSISDevice.a(system_stm32f1xx.o)
 .text.SystemCoreClockUpdate
                0x00000000       0x94 .pio\build\bluepill_f103c6\libFrameworkCMSISDevice.a(system_stm32f1xx.o)
 .rodata.APBPrescTable
                0x00000000        0x8 .pio\build\bluepill_f103c6\libFrameworkCMSISDevice.a(system_stm32f1xx.o)
 .text          0x00000000        0x0 c:/users/nicolas/.platformio/packages/toolchain-gccarmnoneeabi/bin/../lib/gcc/arm-none-eabi/7.2.1/thumb/v7-m/crtend.o
 .data          0x00000000        0x0 c:/users/nicolas/.platformio/packages/toolchain-gccarmnoneeabi/bin/../lib/gcc/arm-none-eabi/7.2.1/thumb/v7-m/crtend.o
 .bss           0x00000000        0x0 c:/users/nicolas/.platformio/packages/toolchain-gccarmnoneeabi/bin/../lib/gcc/arm-none-eabi/7.2.1/thumb/v7-m/crtend.o
 .eh_frame      0x00000000        0x4 c:/users/nicolas/.platformio/packages/toolchain-gccarmnoneeabi/bin/../lib/gcc/arm-none-eabi/7.2.1/thumb/v7-m/crtend.o
 .ARM.attributes
                0x00000000       0x2d c:/users/nicolas/.platformio/packages/toolchain-gccarmnoneeabi/bin/../lib/gcc/arm-none-eabi/7.2.1/thumb/v7-m/crtend.o
 .text          0x00000000        0x0 c:/users/nicolas/.platformio/packages/toolchain-gccarmnoneeabi/bin/../lib/gcc/arm-none-eabi/7.2.1/thumb/v7-m/crtn.o
 .data          0x00000000        0x0 c:/users/nicolas/.platformio/packages/toolchain-gccarmnoneeabi/bin/../lib/gcc/arm-none-eabi/7.2.1/thumb/v7-m/crtn.o
 .bss           0x00000000        0x0 c:/users/nicolas/.platformio/packages/toolchain-gccarmnoneeabi/bin/../lib/gcc/arm-none-eabi/7.2.1/thumb/v7-m/crtn.o

Memory Configuration

Name             Origin             Length             Attributes
RAM              0x20000000         0x00002800         xrw
FLASH            0x08000000         0x00008000         xr
*default*        0x00000000         0xffffffff

Linker script and memory map

LOAD c:/users/nicolas/.platformio/packages/toolchain-gccarmnoneeabi/bin/../lib/gcc/arm-none-eabi/7.2.1/thumb/v7-m/crti.o
LOAD c:/users/nicolas/.platformio/packages/toolchain-gccarmnoneeabi/bin/../lib/gcc/arm-none-eabi/7.2.1/thumb/v7-m/crtbegin.o
LOAD c:/users/nicolas/.platformio/packages/toolchain-gccarmnoneeabi/bin/../lib/gcc/arm-none-eabi/7.2.1/../../../../arm-none-eabi/lib/thumb/v7-m/crt0.o
LOAD .pio\build\bluepill_f103c6\src\exception_handler\exception_handler.o
LOAD .pio\build\bluepill_f103c6\src\leds\leds.o
LOAD .pio\build\bluepill_f103c6\src\main.o
START GROUP
LOAD c:/users/nicolas/.platformio/packages/toolchain-gccarmnoneeabi/bin/../lib/gcc/arm-none-eabi/7.2.1/../../../../arm-none-eabi/lib/thumb/v7-m\libc_nano.a
LOAD c:/users/nicolas/.platformio/packages/toolchain-gccarmnoneeabi/bin/../lib/gcc/arm-none-eabi/7.2.1/thumb/v7-m\libgcc.a
LOAD c:/users/nicolas/.platformio/packages/toolchain-gccarmnoneeabi/bin/../lib/gcc/arm-none-eabi/7.2.1/../../../../arm-none-eabi/lib/thumb/v7-m\libm.a
LOAD c:/users/nicolas/.platformio/packages/toolchain-gccarmnoneeabi/bin/../lib/gcc/arm-none-eabi/7.2.1/../../../../arm-none-eabi/lib/thumb/v7-m\libstdc++_nano.a
LOAD c:/users/nicolas/.platformio/packages/toolchain-gccarmnoneeabi/bin/../lib/gcc/arm-none-eabi/7.2.1/../../../../arm-none-eabi/lib/thumb/v7-m\libnosys.a
LOAD .pio\build\bluepill_f103c6\libFrameworkHALDriver.a
LOAD .pio\build\bluepill_f103c6\libFrameworkCMSISDevice.a
END GROUP
START GROUP
LOAD c:/users/nicolas/.platformio/packages/toolchain-gccarmnoneeabi/bin/../lib/gcc/arm-none-eabi/7.2.1/thumb/v7-m\libgcc.a
LOAD c:/users/nicolas/.platformio/packages/toolchain-gccarmnoneeabi/bin/../lib/gcc/arm-none-eabi/7.2.1/../../../../arm-none-eabi/lib/thumb/v7-m\libg_nano.a
LOAD c:/users/nicolas/.platformio/packages/toolchain-gccarmnoneeabi/bin/../lib/gcc/arm-none-eabi/7.2.1/../../../../arm-none-eabi/lib/thumb/v7-m\libc_nano.a
END GROUP
START GROUP
LOAD c:/users/nicolas/.platformio/packages/toolchain-gccarmnoneeabi/bin/../lib/gcc/arm-none-eabi/7.2.1/thumb/v7-m\libgcc.a
LOAD c:/users/nicolas/.platformio/packages/toolchain-gccarmnoneeabi/bin/../lib/gcc/arm-none-eabi/7.2.1/../../../../arm-none-eabi/lib/thumb/v7-m\libc_nano.a
LOAD c:/users/nicolas/.platformio/packages/toolchain-gccarmnoneeabi/bin/../lib/gcc/arm-none-eabi/7.2.1/../../../../arm-none-eabi/lib/thumb/v7-m\libnosys.a
END GROUP
START GROUP
LOAD c:/users/nicolas/.platformio/packages/toolchain-gccarmnoneeabi/bin/../lib/gcc/arm-none-eabi/7.2.1/thumb/v7-m\libgcc.a
LOAD c:/users/nicolas/.platformio/packages/toolchain-gccarmnoneeabi/bin/../lib/gcc/arm-none-eabi/7.2.1/../../../../arm-none-eabi/lib/thumb/v7-m\libc_nano.a
LOAD c:/users/nicolas/.platformio/packages/toolchain-gccarmnoneeabi/bin/../lib/gcc/arm-none-eabi/7.2.1/../../../../arm-none-eabi/lib/thumb/v7-m\libnosys.a
END GROUP
LOAD c:/users/nicolas/.platformio/packages/toolchain-gccarmnoneeabi/bin/../lib/gcc/arm-none-eabi/7.2.1/thumb/v7-m/crtend.o
LOAD c:/users/nicolas/.platformio/packages/toolchain-gccarmnoneeabi/bin/../lib/gcc/arm-none-eabi/7.2.1/thumb/v7-m/crtn.o
                0x20002800                _estack = 0x20002800
                0x00000200                _Min_Heap_Size = 0x200
                0x00000400                _Min_Stack_Size = 0x400

.isr_vector     0x08000000      0x10c
                0x08000000                . = ALIGN (0x4)
 *(.isr_vector)
 .isr_vector    0x08000000      0x10c .pio\build\bluepill_f103c6\libFrameworkCMSISDevice.a(startup_stm32f103x6.o)
                0x08000000                g_pfnVectors
                0x0800010c                . = ALIGN (0x4)

.text           0x0800010c     0x1948
                0x0800010c                . = ALIGN (0x4)
 *(.text)
 .text          0x0800010c       0x40 c:/users/nicolas/.platformio/packages/toolchain-gccarmnoneeabi/bin/../lib/gcc/arm-none-eabi/7.2.1/thumb/v7-m/crtbegin.o
 *(.text*)
 .text.exception_handler_default_error
                0x0800014c        0xe .pio\build\bluepill_f103c6\src\exception_handler\exception_handler.o
                0x0800014c                exception_handler_default_error
 .text.SysTick_Handler
                0x0800015a        0x8 .pio\build\bluepill_f103c6\src\exception_handler\exception_handler.o
                0x0800015a                SysTick_Handler
 .text.NMI_Handler
                0x08000162        0x2 .pio\build\bluepill_f103c6\src\exception_handler\exception_handler.o
                0x08000162                NMI_Handler
 .text.HardFault_Handler
                0x08000164        0x6 .pio\build\bluepill_f103c6\src\exception_handler\exception_handler.o
                0x08000164                HardFault_Handler
 .text.MemManage_Handler
                0x0800016a        0x6 .pio\build\bluepill_f103c6\src\exception_handler\exception_handler.o
                0x0800016a                MemManage_Handler
 .text.BusFault_Handler
                0x08000170        0x6 .pio\build\bluepill_f103c6\src\exception_handler\exception_handler.o
                0x08000170                BusFault_Handler
 .text.UsageFault_Handler
                0x08000176        0x6 .pio\build\bluepill_f103c6\src\exception_handler\exception_handler.o
                0x08000176                UsageFault_Handler
 .text.SVC_Handler
                0x0800017c        0x2 .pio\build\bluepill_f103c6\src\exception_handler\exception_handler.o
                0x0800017c                SVC_Handler
 .text.DebugMon_Handler
                0x0800017e        0x2 .pio\build\bluepill_f103c6\src\exception_handler\exception_handler.o
                0x0800017e                DebugMon_Handler
 .text.PendSV_Handler
                0x08000180        0x2 .pio\build\bluepill_f103c6\src\exception_handler\exception_handler.o
                0x08000180                PendSV_Handler
 *fill*         0x08000182        0x2 
 .text.load_next_slice_half
                0x08000184       0x9c .pio\build\bluepill_f103c6\src\leds\leds.o
 .text.send     0x08000220       0xb8 .pio\build\bluepill_f103c6\src\leds\leds.o
 .text.dma_transfer_half_complete_handler
                0x080002d8       0x20 .pio\build\bluepill_f103c6\src\leds\leds.o
 .text.dma_transfer_complete_handler
                0x080002f8       0x80 .pio\build\bluepill_f103c6\src\leds\leds.o
 .text.leds_gpio_init
                0x08000378       0x68 .pio\build\bluepill_f103c6\src\leds\leds.o
 .text.leds_dma_init
                0x080003e0      0x108 .pio\build\bluepill_f103c6\src\leds\leds.o
 .text.leds_timer_init
                0x080004e8       0xe8 .pio\build\bluepill_f103c6\src\leds\leds.o
 .text.HAL_TIM_PeriodElapsedCallback
                0x080005d0       0x5c .pio\build\bluepill_f103c6\src\leds\leds.o
                0x080005d0                HAL_TIM_PeriodElapsedCallback
 .text.DMA1_Channel7_IRQHandler
                0x0800062c       0x10 .pio\build\bluepill_f103c6\src\leds\leds.o
                0x0800062c                DMA1_Channel7_IRQHandler
 .text.TIM2_IRQHandler
                0x0800063c       0x10 .pio\build\bluepill_f103c6\src\leds\leds.o
                0x0800063c                TIM2_IRQHandler
 .text.leds_init
                0x0800064c       0x74 .pio\build\bluepill_f103c6\src\leds\leds.o
                0x0800064c                leds_init
 .text.system_clock_init
                0x080006c0       0x84 .pio\build\bluepill_f103c6\src\main.o
                0x080006c0                system_clock_init
 .text.main     0x08000744       0x18 .pio\build\bluepill_f103c6\src\main.o
                0x08000744                main
 .text.__libc_init_array
                0x0800075c       0x48 c:/users/nicolas/.platformio/packages/toolchain-gccarmnoneeabi/bin/../lib/gcc/arm-none-eabi/7.2.1/../../../../arm-none-eabi/lib/thumb/v7-m\libc_nano.a(lib_a-init.o)
                0x0800075c                __libc_init_array
 .text.HAL_MspInit
                0x080007a4        0x2 .pio\build\bluepill_f103c6\libFrameworkHALDriver.a(stm32f1xx_hal.o)
                0x080007a4                HAL_MspInit
 *fill*         0x080007a6        0x2 
 .text.HAL_InitTick
                0x080007a8       0x4c .pio\build\bluepill_f103c6\libFrameworkHALDriver.a(stm32f1xx_hal.o)
                0x080007a8                HAL_InitTick
 .text.HAL_Init
                0x080007f4       0x24 .pio\build\bluepill_f103c6\libFrameworkHALDriver.a(stm32f1xx_hal.o)
                0x080007f4                HAL_Init
 .text.HAL_IncTick
                0x08000818       0x18 .pio\build\bluepill_f103c6\libFrameworkHALDriver.a(stm32f1xx_hal.o)
                0x08000818                HAL_IncTick
 .text.HAL_GetTick
                0x08000830        0xc .pio\build\bluepill_f103c6\libFrameworkHALDriver.a(stm32f1xx_hal.o)
                0x08000830                HAL_GetTick
 .text.HAL_Delay
                0x0800083c       0x28 .pio\build\bluepill_f103c6\libFrameworkHALDriver.a(stm32f1xx_hal.o)
                0x0800083c                HAL_Delay
 .text.HAL_NVIC_SetPriorityGrouping
                0x08000864       0x24 .pio\build\bluepill_f103c6\libFrameworkHALDriver.a(stm32f1xx_hal_cortex.o)
                0x08000864                HAL_NVIC_SetPriorityGrouping
 .text.HAL_NVIC_SetPriority
                0x08000888       0x68 .pio\build\bluepill_f103c6\libFrameworkHALDriver.a(stm32f1xx_hal_cortex.o)
                0x08000888                HAL_NVIC_SetPriority
 .text.HAL_NVIC_EnableIRQ
                0x080008f0       0x18 .pio\build\bluepill_f103c6\libFrameworkHALDriver.a(stm32f1xx_hal_cortex.o)
                0x080008f0                HAL_NVIC_EnableIRQ
 .text.HAL_SYSTICK_Config
                0x08000908       0x2c .pio\build\bluepill_f103c6\libFrameworkHALDriver.a(stm32f1xx_hal_cortex.o)
                0x08000908                HAL_SYSTICK_Config
 .text.DMA_SetConfig
                0x08000934       0x2c .pio\build\bluepill_f103c6\libFrameworkHALDriver.a(stm32f1xx_hal_dma.o)
 .text.HAL_DMA_Init
                0x08000960       0x6c .pio\build\bluepill_f103c6\libFrameworkHALDriver.a(stm32f1xx_hal_dma.o)
                0x08000960                HAL_DMA_Init
 .text.HAL_DMA_Start
                0x080009cc       0x50 .pio\build\bluepill_f103c6\libFrameworkHALDriver.a(stm32f1xx_hal_dma.o)
                0x080009cc                HAL_DMA_Start
 .text.HAL_DMA_Start_IT
                0x08000a1c       0x74 .pio\build\bluepill_f103c6\libFrameworkHALDriver.a(stm32f1xx_hal_dma.o)
                0x08000a1c                HAL_DMA_Start_IT
 .text.HAL_DMA_IRQHandler
                0x08000a90      0x144 .pio\build\bluepill_f103c6\libFrameworkHALDriver.a(stm32f1xx_hal_dma.o)
                0x08000a90                HAL_DMA_IRQHandler
 .text.HAL_GPIO_Init
                0x08000bd4      0x1cc .pio\build\bluepill_f103c6\libFrameworkHALDriver.a(stm32f1xx_hal_gpio.o)
                0x08000bd4                HAL_GPIO_Init
 .text.HAL_GPIO_WritePin
                0x08000da0        0xc .pio\build\bluepill_f103c6\libFrameworkHALDriver.a(stm32f1xx_hal_gpio.o)
                0x08000da0                HAL_GPIO_WritePin
 .text.RCC_Delay
                0x08000dac       0x2c .pio\build\bluepill_f103c6\libFrameworkHALDriver.a(stm32f1xx_hal_rcc.o)
 .text.HAL_RCC_OscConfig
                0x08000dd8      0x3dc .pio\build\bluepill_f103c6\libFrameworkHALDriver.a(stm32f1xx_hal_rcc.o)
                0x08000dd8                HAL_RCC_OscConfig
 .text.HAL_RCC_GetSysClockFreq
                0x080011b4       0x70 .pio\build\bluepill_f103c6\libFrameworkHALDriver.a(stm32f1xx_hal_rcc.o)
                0x080011b4                HAL_RCC_GetSysClockFreq
 .text.HAL_RCC_ClockConfig
                0x08001224      0x19c .pio\build\bluepill_f103c6\libFrameworkHALDriver.a(stm32f1xx_hal_rcc.o)
                0x08001224                HAL_RCC_ClockConfig
 .text.HAL_RCCEx_PeriphCLKConfig
                0x080013c0      0x114 .pio\build\bluepill_f103c6\libFrameworkHALDriver.a(stm32f1xx_hal_rcc_ex.o)
                0x080013c0                HAL_RCCEx_PeriphCLKConfig
 .text.TIM_OC1_SetConfig
                0x080014d4       0x5c .pio\build\bluepill_f103c6\libFrameworkHALDriver.a(stm32f1xx_hal_tim.o)
 .text.TIM_OC3_SetConfig
                0x08001530       0x64 .pio\build\bluepill_f103c6\libFrameworkHALDriver.a(stm32f1xx_hal_tim.o)
 .text.TIM_OC4_SetConfig
                0x08001594       0x48 .pio\build\bluepill_f103c6\libFrameworkHALDriver.a(stm32f1xx_hal_tim.o)
 .text.HAL_TIM_Base_Start
                0x080015dc       0x1a .pio\build\bluepill_f103c6\libFrameworkHALDriver.a(stm32f1xx_hal_tim.o)
                0x080015dc                HAL_TIM_Base_Start
 .text.HAL_TIM_PWM_MspInit
                0x080015f6        0x2 .pio\build\bluepill_f103c6\libFrameworkHALDriver.a(stm32f1xx_hal_tim.o)
                0x080015f6                HAL_TIM_PWM_MspInit
 .text.HAL_TIM_OC_DelayElapsedCallback
                0x080015f8        0x2 .pio\build\bluepill_f103c6\libFrameworkHALDriver.a(stm32f1xx_hal_tim.o)
                0x080015f8                HAL_TIM_OC_DelayElapsedCallback
 .text.HAL_TIM_IC_CaptureCallback
                0x080015fa        0x2 .pio\build\bluepill_f103c6\libFrameworkHALDriver.a(stm32f1xx_hal_tim.o)
                0x080015fa                HAL_TIM_IC_CaptureCallback
 .text.HAL_TIM_PWM_PulseFinishedCallback
                0x080015fc        0x2 .pio\build\bluepill_f103c6\libFrameworkHALDriver.a(stm32f1xx_hal_tim.o)
                0x080015fc                HAL_TIM_PWM_PulseFinishedCallback
 .text.HAL_TIM_TriggerCallback
                0x080015fe        0x2 .pio\build\bluepill_f103c6\libFrameworkHALDriver.a(stm32f1xx_hal_tim.o)
                0x080015fe                HAL_TIM_TriggerCallback
 .text.HAL_TIM_IRQHandler
                0x08001600      0x17a .pio\build\bluepill_f103c6\libFrameworkHALDriver.a(stm32f1xx_hal_tim.o)
                0x08001600                HAL_TIM_IRQHandler
 *fill*         0x0800177a        0x2 
 .text.TIM_Base_SetConfig
                0x0800177c       0x64 .pio\build\bluepill_f103c6\libFrameworkHALDriver.a(stm32f1xx_hal_tim.o)
                0x0800177c                TIM_Base_SetConfig
 .text.HAL_TIM_PWM_Init
                0x080017e0       0x32 .pio\build\bluepill_f103c6\libFrameworkHALDriver.a(stm32f1xx_hal_tim.o)
                0x080017e0                HAL_TIM_PWM_Init
 *fill*         0x08001812        0x2 
 .text.TIM_OC2_SetConfig
                0x08001814       0x64 .pio\build\bluepill_f103c6\libFrameworkHALDriver.a(stm32f1xx_hal_tim.o)
                0x08001814                TIM_OC2_SetConfig
 .text.HAL_TIM_PWM_ConfigChannel
                0x08001878       0xdc .pio\build\bluepill_f103c6\libFrameworkHALDriver.a(stm32f1xx_hal_tim.o)
                0x08001878                HAL_TIM_PWM_ConfigChannel
 .text.TIM_CCxChannelCmd
                0x08001954       0x1c .pio\build\bluepill_f103c6\libFrameworkHALDriver.a(stm32f1xx_hal_tim.o)
                0x08001954                TIM_CCxChannelCmd
 .text.HAL_TIM_PWM_Start
                0x08001970       0x30 .pio\build\bluepill_f103c6\libFrameworkHALDriver.a(stm32f1xx_hal_tim.o)
                0x08001970                HAL_TIM_PWM_Start
 .text.HAL_TIMEx_CommutationCallback
                0x080019a0        0x2 .pio\build\bluepill_f103c6\libFrameworkHALDriver.a(stm32f1xx_hal_tim_ex.o)
                0x080019a0                HAL_TIMEx_CommutationCallback
 .text.HAL_TIMEx_BreakCallback
                0x080019a2        0x2 .pio\build\bluepill_f103c6\libFrameworkHALDriver.a(stm32f1xx_hal_tim_ex.o)
                0x080019a2                HAL_TIMEx_BreakCallback
 .text.Reset_Handler
                0x080019a4       0x48 .pio\build\bluepill_f103c6\libFrameworkCMSISDevice.a(startup_stm32f103x6.o)
                0x080019a4                Reset_Handler
 .text.Default_Handler
                0x080019ec        0x2 .pio\build\bluepill_f103c6\libFrameworkCMSISDevice.a(startup_stm32f103x6.o)
                0x080019ec                RTC_Alarm_IRQHandler
                0x080019ec                EXTI2_IRQHandler
                0x080019ec                TIM1_CC_IRQHandler
                0x080019ec                PVD_IRQHandler
                0x080019ec                EXTI3_IRQHandler
                0x080019ec                EXTI0_IRQHandler
                0x080019ec                ADC1_2_IRQHandler
                0x080019ec                SPI1_IRQHandler
                0x080019ec                TAMPER_IRQHandler
                0x080019ec                DMA1_Channel4_IRQHandler
                0x080019ec                RTC_IRQHandler
                0x080019ec                CAN1_RX1_IRQHandler
                0x080019ec                I2C1_EV_IRQHandler
                0x080019ec                DMA1_Channel6_IRQHandler
                0x080019ec                TIM3_IRQHandler
                0x080019ec                RCC_IRQHandler
                0x080019ec                TIM1_TRG_COM_IRQHandler
                0x080019ec                DMA1_Channel1_IRQHandler
                0x080019ec                Default_Handler
                0x080019ec                EXTI15_10_IRQHandler
                0x080019ec                EXTI9_5_IRQHandler
                0x080019ec                DMA1_Channel5_IRQHandler
                0x080019ec                EXTI4_IRQHandler
                0x080019ec                USB_LP_CAN1_RX0_IRQHandler
                0x080019ec                USB_HP_CAN1_TX_IRQHandler
                0x080019ec                DMA1_Channel3_IRQHandler
                0x080019ec                TIM1_UP_IRQHandler
                0x080019ec                WWDG_IRQHandler
                0x080019ec                TIM1_BRK_IRQHandler
                0x080019ec                EXTI1_IRQHandler
                0x080019ec                USART2_IRQHandler
                0x080019ec                DMA1_Channel2_IRQHandler
                0x080019ec                CAN1_SCE_IRQHandler
                0x080019ec                FLASH_IRQHandler
                0x080019ec                USART1_IRQHandler
                0x080019ec                I2C1_ER_IRQHandler
                0x080019ec                USBWakeUp_IRQHandler
 *fill*         0x080019ee        0x2 
 .text.SystemInit
                0x080019f0       0x4c .pio\build\bluepill_f103c6\libFrameworkCMSISDevice.a(system_stm32f1xx.o)
                0x080019f0                SystemInit
 *(.glue_7)
 .glue_7        0x08001a3c        0x0 linker stubs
 *(.glue_7t)
 .glue_7t       0x08001a3c        0x0 linker stubs
 *(.eh_frame)
 .eh_frame      0x08001a3c        0x0 c:/users/nicolas/.platformio/packages/toolchain-gccarmnoneeabi/bin/../lib/gcc/arm-none-eabi/7.2.1/thumb/v7-m/crtbegin.o
 *(.init)
 .init          0x08001a3c        0x4 c:/users/nicolas/.platformio/packages/toolchain-gccarmnoneeabi/bin/../lib/gcc/arm-none-eabi/7.2.1/thumb/v7-m/crti.o
                0x08001a3c                _init
 .init          0x08001a40        0x8 c:/users/nicolas/.platformio/packages/toolchain-gccarmnoneeabi/bin/../lib/gcc/arm-none-eabi/7.2.1/thumb/v7-m/crtn.o
 *(.fini)
 .fini          0x08001a48        0x4 c:/users/nicolas/.platformio/packages/toolchain-gccarmnoneeabi/bin/../lib/gcc/arm-none-eabi/7.2.1/thumb/v7-m/crti.o
                0x08001a48                _fini
 .fini          0x08001a4c        0x8 c:/users/nicolas/.platformio/packages/toolchain-gccarmnoneeabi/bin/../lib/gcc/arm-none-eabi/7.2.1/thumb/v7-m/crtn.o
                0x08001a54                . = ALIGN (0x4)
                0x08001a54                _etext = .

.vfp11_veneer   0x08001a54        0x0
 .vfp11_veneer  0x08001a54        0x0 linker stubs

.v4_bx          0x08001a54        0x0
 .v4_bx         0x08001a54        0x0 linker stubs

.iplt           0x08001a54        0x0
 .iplt          0x08001a54        0x0 c:/users/nicolas/.platformio/packages/toolchain-gccarmnoneeabi/bin/../lib/gcc/arm-none-eabi/7.2.1/thumb/v7-m/crtbegin.o

.rodata         0x08001a54       0x24
                0x08001a54                . = ALIGN (0x4)
 *(.rodata)
 .rodata        0x08001a54       0x12 .pio\build\bluepill_f103c6\libFrameworkHALDriver.a(stm32f1xx_hal_rcc.o)
 *(.rodata*)
 *fill*         0x08001a66        0x2 
 .rodata.AHBPrescTable
                0x08001a68       0x10 .pio\build\bluepill_f103c6\libFrameworkCMSISDevice.a(system_stm32f1xx.o)
                0x08001a68                AHBPrescTable
                0x08001a78                . = ALIGN (0x4)

.rel.dyn        0x08001a78        0x0
 .rel.iplt      0x08001a78        0x0 c:/users/nicolas/.platformio/packages/toolchain-gccarmnoneeabi/bin/../lib/gcc/arm-none-eabi/7.2.1/thumb/v7-m/crtbegin.o

.ARM.extab
 *(.ARM.extab* .gnu.linkonce.armextab.*)

.ARM            0x08001a78        0x0
                0x08001a78                __exidx_start = .
 *(.ARM.exidx*)
                0x08001a78                __exidx_end = .

.preinit_array  0x08001a78        0x0
                0x08001a78                PROVIDE (__preinit_array_start, .)
 *(.preinit_array*)
                0x08001a78                PROVIDE (__preinit_array_end, .)

.init_array     0x08001a78        0x4
                0x08001a78                PROVIDE (__init_array_start, .)
 *(SORT_BY_NAME(.init_array.*))
 *(.init_array*)
 .init_array    0x08001a78        0x4 c:/users/nicolas/.platformio/packages/toolchain-gccarmnoneeabi/bin/../lib/gcc/arm-none-eabi/7.2.1/thumb/v7-m/crtbegin.o
                0x08001a7c                PROVIDE (__init_array_end, .)

.fini_array     0x08001a7c        0x4
                [!provide]                PROVIDE (__fini_array_start, .)
 *(SORT_BY_NAME(.fini_array.*))
 *(.fini_array*)
 .fini_array    0x08001a7c        0x4 c:/users/nicolas/.platformio/packages/toolchain-gccarmnoneeabi/bin/../lib/gcc/arm-none-eabi/7.2.1/thumb/v7-m/crtbegin.o
                [!provide]                PROVIDE (__fini_array_end, .)
                0x08001a80                _sidata = LOADADDR (.data)

.data           0x20000000       0x18 load address 0x08001a80
                0x20000000                . = ALIGN (0x4)
                0x20000000                _sdata = .
 *(.data)
 *(.data*)
 .data.dma_up_down_bit_source
                0x20000000        0x4 .pio\build\bluepill_f103c6\src\leds\leds.o
                0x20000000                dma_up_down_bit_source
 .data.strip_pins
                0x20000004        0xa .pio\build\bluepill_f103c6\src\leds\leds.o
                0x20000004                strip_pins
 .data.uwTickFreq
                0x2000000e        0x1 .pio\build\bluepill_f103c6\libFrameworkHALDriver.a(stm32f1xx_hal.o)
                0x2000000e                uwTickFreq
 *fill*         0x2000000f        0x1 
 .data.uwTickPrio
                0x20000010        0x4 .pio\build\bluepill_f103c6\libFrameworkHALDriver.a(stm32f1xx_hal.o)
                0x20000010                uwTickPrio
 .data.SystemCoreClock
                0x20000014        0x4 .pio\build\bluepill_f103c6\libFrameworkCMSISDevice.a(system_stm32f1xx.o)
                0x20000014                SystemCoreClock
                0x20000018                . = ALIGN (0x4)
                0x20000018                _edata = .

.igot.plt       0x20000018        0x0 load address 0x08001a98
 .igot.plt      0x20000018        0x0 c:/users/nicolas/.platformio/packages/toolchain-gccarmnoneeabi/bin/../lib/gcc/arm-none-eabi/7.2.1/thumb/v7-m/crtbegin.o
                0x20000018                . = ALIGN (0x4)

.bss            0x20000018     0x10cc load address 0x08001a98
                0x20000018                _sbss = .
                0x20000018                __bss_start__ = _sbss
 *(.bss)
 .bss           0x20000018       0x1c c:/users/nicolas/.platformio/packages/toolchain-gccarmnoneeabi/bin/../lib/gcc/arm-none-eabi/7.2.1/thumb/v7-m/crtbegin.o
 *(.bss*)
 .bss.reset_counter
                0x20000034        0x4 .pio\build\bluepill_f103c6\src\leds\leds.o
                0x20000034                reset_counter
 .bss.slice_counter
                0x20000038        0x4 .pio\build\bluepill_f103c6\src\leds\leds.o
                0x20000038                slice_counter
 *(COMMON)
 COMMON         0x2000003c     0x10a4 .pio\build\bluepill_f103c6\src\leds\leds.o
                0x2000003c                tim_2_oc_1
                0x20000058                tim_2_oc_0
                0x20000074                dma_down_1
                0x200000b8                tim_2
                0x200000f8                dma_up
                0x2000013c                led_bits_to_send
                0x2000019c                strip_buffers
                0x2000109c                dma_down_0
 COMMON         0x200010e0        0x4 .pio\build\bluepill_f103c6\libFrameworkHALDriver.a(stm32f1xx_hal.o)
                0x200010e0                uwTick
                0x200010e4                . = ALIGN (0x4)
                0x200010e4                _ebss = .
                0x200010e4                __bss_end__ = _ebss

._user_heap_stack
                0x200010e4      0x600 load address 0x08001a98
                0x200010e4                . = ALIGN (0x4)
                [!provide]                PROVIDE (end, .)
                [!provide]                PROVIDE (_end, .)
                0x200012e4                . = (. + _Min_Heap_Size)
 *fill*         0x200010e4      0x200 
                0x200016e4                . = (. + _Min_Stack_Size)
 *fill*         0x200012e4      0x400 
                0x200016e4                . = ALIGN (0x4)

/DISCARD/
 libc.a(*)
 libm.a(*)
 libgcc.a(*)

.ARM.attributes
                0x00000000       0x29
 *(.ARM.attributes)
 .ARM.attributes
                0x00000000       0x1d c:/users/nicolas/.platformio/packages/toolchain-gccarmnoneeabi/bin/../lib/gcc/arm-none-eabi/7.2.1/thumb/v7-m/crti.o
 .ARM.attributes
                0x0000001d       0x2d c:/users/nicolas/.platformio/packages/toolchain-gccarmnoneeabi/bin/../lib/gcc/arm-none-eabi/7.2.1/thumb/v7-m/crtbegin.o
 .ARM.attributes
                0x0000004a       0x33 .pio\build\bluepill_f103c6\src\exception_handler\exception_handler.o
 .ARM.attributes
                0x0000007d       0x33 .pio\build\bluepill_f103c6\src\leds\leds.o
 .ARM.attributes
                0x000000b0       0x33 .pio\build\bluepill_f103c6\src\main.o
 .ARM.attributes
                0x000000e3       0x2d c:/users/nicolas/.platformio/packages/toolchain-gccarmnoneeabi/bin/../lib/gcc/arm-none-eabi/7.2.1/../../../../arm-none-eabi/lib/thumb/v7-m\libc_nano.a(lib_a-init.o)
 .ARM.attributes
                0x00000110       0x33 .pio\build\bluepill_f103c6\libFrameworkHALDriver.a(stm32f1xx_hal.o)
 .ARM.attributes
                0x00000143       0x33 .pio\build\bluepill_f103c6\libFrameworkHALDriver.a(stm32f1xx_hal_cortex.o)
 .ARM.attributes
                0x00000176       0x33 .pio\build\bluepill_f103c6\libFrameworkHALDriver.a(stm32f1xx_hal_dma.o)
 .ARM.attributes
                0x000001a9       0x33 .pio\build\bluepill_f103c6\libFrameworkHALDriver.a(stm32f1xx_hal_gpio.o)
 .ARM.attributes
                0x000001dc       0x33 .pio\build\bluepill_f103c6\libFrameworkHALDriver.a(stm32f1xx_hal_rcc.o)
 .ARM.attributes
                0x0000020f       0x33 .pio\build\bluepill_f103c6\libFrameworkHALDriver.a(stm32f1xx_hal_rcc_ex.o)
 .ARM.attributes
                0x00000242       0x33 .pio\build\bluepill_f103c6\libFrameworkHALDriver.a(stm32f1xx_hal_tim.o)
 .ARM.attributes
                0x00000275       0x33 .pio\build\bluepill_f103c6\libFrameworkHALDriver.a(stm32f1xx_hal_tim_ex.o)
 .ARM.attributes
                0x000002a8       0x21 .pio\build\bluepill_f103c6\libFrameworkCMSISDevice.a(startup_stm32f103x6.o)
 .ARM.attributes
                0x000002c9       0x33 .pio\build\bluepill_f103c6\libFrameworkCMSISDevice.a(system_stm32f1xx.o)
 .ARM.attributes
                0x000002fc       0x1d c:/users/nicolas/.platformio/packages/toolchain-gccarmnoneeabi/bin/../lib/gcc/arm-none-eabi/7.2.1/thumb/v7-m/crtn.o
OUTPUT(.pio\build\bluepill_f103c6\firmware.elf elf32-littlearm)

.debug_info     0x00000000     0xf121
 .debug_info    0x00000000      0xa93 .pio\build\bluepill_f103c6\src\exception_handler\exception_handler.o
 .debug_info    0x00000a93     0x1826 .pio\build\bluepill_f103c6\src\leds\leds.o
 .debug_info    0x000022b9      0xe37 .pio\build\bluepill_f103c6\src\main.o
 .debug_info    0x000030f0      0xf92 .pio\build\bluepill_f103c6\libFrameworkHALDriver.a(stm32f1xx_hal.o)
 .debug_info    0x00004082     0x149a .pio\build\bluepill_f103c6\libFrameworkHALDriver.a(stm32f1xx_hal_cortex.o)
 .debug_info    0x0000551c     0x1057 .pio\build\bluepill_f103c6\libFrameworkHALDriver.a(stm32f1xx_hal_dma.o)
 .debug_info    0x00006573      0xeca .pio\build\bluepill_f103c6\libFrameworkHALDriver.a(stm32f1xx_hal_gpio.o)
 .debug_info    0x0000743d     0x1232 .pio\build\bluepill_f103c6\libFrameworkHALDriver.a(stm32f1xx_hal_rcc.o)
 .debug_info    0x0000866f      0xcaa .pio\build\bluepill_f103c6\libFrameworkHALDriver.a(stm32f1xx_hal_rcc_ex.o)
 .debug_info    0x00009319     0x36a3 .pio\build\bluepill_f103c6\libFrameworkHALDriver.a(stm32f1xx_hal_tim.o)
 .debug_info    0x0000c9bc     0x1aeb .pio\build\bluepill_f103c6\libFrameworkHALDriver.a(stm32f1xx_hal_tim_ex.o)
 .debug_info    0x0000e4a7       0x22 .pio\build\bluepill_f103c6\libFrameworkCMSISDevice.a(startup_stm32f103x6.o)
 .debug_info    0x0000e4c9      0xc58 .pio\build\bluepill_f103c6\libFrameworkCMSISDevice.a(system_stm32f1xx.o)

.debug_abbrev   0x00000000     0x21cb
 .debug_abbrev  0x00000000      0x225 .pio\build\bluepill_f103c6\src\exception_handler\exception_handler.o
 .debug_abbrev  0x00000225      0x319 .pio\build\bluepill_f103c6\src\leds\leds.o
 .debug_abbrev  0x0000053e      0x25c .pio\build\bluepill_f103c6\src\main.o
 .debug_abbrev  0x0000079a      0x2fe .pio\build\bluepill_f103c6\libFrameworkHALDriver.a(stm32f1xx_hal.o)
 .debug_abbrev  0x00000a98      0x3ca .pio\build\bluepill_f103c6\libFrameworkHALDriver.a(stm32f1xx_hal_cortex.o)
 .debug_abbrev  0x00000e62      0x2e2 .pio\build\bluepill_f103c6\libFrameworkHALDriver.a(stm32f1xx_hal_dma.o)
 .debug_abbrev  0x00001144      0x2a4 .pio\build\bluepill_f103c6\libFrameworkHALDriver.a(stm32f1xx_hal_gpio.o)
 .debug_abbrev  0x000013e8      0x332 .pio\build\bluepill_f103c6\libFrameworkHALDriver.a(stm32f1xx_hal_rcc.o)
 .debug_abbrev  0x0000171a      0x2b1 .pio\build\bluepill_f103c6\libFrameworkHALDriver.a(stm32f1xx_hal_rcc_ex.o)
 .debug_abbrev  0x000019cb      0x2ec .pio\build\bluepill_f103c6\libFrameworkHALDriver.a(stm32f1xx_hal_tim.o)
 .debug_abbrev  0x00001cb7      0x2dd .pio\build\bluepill_f103c6\libFrameworkHALDriver.a(stm32f1xx_hal_tim_ex.o)
 .debug_abbrev  0x00001f94       0x12 .pio\build\bluepill_f103c6\libFrameworkCMSISDevice.a(startup_stm32f103x6.o)
 .debug_abbrev  0x00001fa6      0x225 .pio\build\bluepill_f103c6\libFrameworkCMSISDevice.a(system_stm32f1xx.o)

.debug_aranges  0x00000000      0x8f0
 .debug_aranges
                0x00000000       0x68 .pio\build\bluepill_f103c6\src\exception_handler\exception_handler.o
 .debug_aranges
                0x00000068       0x70 .pio\build\bluepill_f103c6\src\leds\leds.o
 .debug_aranges
                0x000000d8       0x30 .pio\build\bluepill_f103c6\src\main.o
 .debug_aranges
                0x00000108       0xd0 .pio\build\bluepill_f103c6\libFrameworkHALDriver.a(stm32f1xx_hal.o)
 .debug_aranges
                0x000001d8       0x90 .pio\build\bluepill_f103c6\libFrameworkHALDriver.a(stm32f1xx_hal_cortex.o)
 .debug_aranges
                0x00000268       0x80 .pio\build\bluepill_f103c6\libFrameworkHALDriver.a(stm32f1xx_hal_dma.o)
 .debug_aranges
                0x000002e8       0x58 .pio\build\bluepill_f103c6\libFrameworkHALDriver.a(stm32f1xx_hal_gpio.o)
 .debug_aranges
                0x00000340       0x90 .pio\build\bluepill_f103c6\libFrameworkHALDriver.a(stm32f1xx_hal_rcc.o)
 .debug_aranges
                0x000003d0       0x30 .pio\build\bluepill_f103c6\libFrameworkHALDriver.a(stm32f1xx_hal_rcc_ex.o)
 .debug_aranges
                0x00000400      0x368 .pio\build\bluepill_f103c6\libFrameworkHALDriver.a(stm32f1xx_hal_tim.o)
 .debug_aranges
                0x00000768      0x138 .pio\build\bluepill_f103c6\libFrameworkHALDriver.a(stm32f1xx_hal_tim_ex.o)
 .debug_aranges
                0x000008a0       0x28 .pio\build\bluepill_f103c6\libFrameworkCMSISDevice.a(startup_stm32f103x6.o)
 .debug_aranges
                0x000008c8       0x28 .pio\build\bluepill_f103c6\libFrameworkCMSISDevice.a(system_stm32f1xx.o)

.debug_ranges   0x00000000      0x950
 .debug_ranges  0x00000000       0x58 .pio\build\bluepill_f103c6\src\exception_handler\exception_handler.o
 .debug_ranges  0x00000058       0xf0 .pio\build\bluepill_f103c6\src\leds\leds.o
 .debug_ranges  0x00000148       0x20 .pio\build\bluepill_f103c6\src\main.o
 .debug_ranges  0x00000168       0xc0 .pio\build\bluepill_f103c6\libFrameworkHALDriver.a(stm32f1xx_hal.o)
 .debug_ranges  0x00000228       0xe0 .pio\build\bluepill_f103c6\libFrameworkHALDriver.a(stm32f1xx_hal_cortex.o)
 .debug_ranges  0x00000308       0x70 .pio\build\bluepill_f103c6\libFrameworkHALDriver.a(stm32f1xx_hal_dma.o)
 .debug_ranges  0x00000378       0x48 .pio\build\bluepill_f103c6\libFrameworkHALDriver.a(stm32f1xx_hal_gpio.o)
 .debug_ranges  0x000003c0       0xa0 .pio\build\bluepill_f103c6\libFrameworkHALDriver.a(stm32f1xx_hal_rcc.o)
 .debug_ranges  0x00000460       0x38 .pio\build\bluepill_f103c6\libFrameworkHALDriver.a(stm32f1xx_hal_rcc_ex.o)
 .debug_ranges  0x00000498      0x358 .pio\build\bluepill_f103c6\libFrameworkHALDriver.a(stm32f1xx_hal_tim.o)
 .debug_ranges  0x000007f0      0x128 .pio\build\bluepill_f103c6\libFrameworkHALDriver.a(stm32f1xx_hal_tim_ex.o)
 .debug_ranges  0x00000918       0x20 .pio\build\bluepill_f103c6\libFrameworkCMSISDevice.a(startup_stm32f103x6.o)
 .debug_ranges  0x00000938       0x18 .pio\build\bluepill_f103c6\libFrameworkCMSISDevice.a(system_stm32f1xx.o)

.debug_line     0x00000000     0x503c
 .debug_line    0x00000000      0x3a4 .pio\build\bluepill_f103c6\src\exception_handler\exception_handler.o
 .debug_line    0x000003a4      0x551 .pio\build\bluepill_f103c6\src\leds\leds.o
 .debug_line    0x000008f5      0x3ed .pio\build\bluepill_f103c6\src\main.o
 .debug_line    0x00000ce2      0x540 .pio\build\bluepill_f103c6\libFrameworkHALDriver.a(stm32f1xx_hal.o)
 .debug_line    0x00001222      0x536 .pio\build\bluepill_f103c6\libFrameworkHALDriver.a(stm32f1xx_hal_cortex.o)
 .debug_line    0x00001758      0x715 .pio\build\bluepill_f103c6\libFrameworkHALDriver.a(stm32f1xx_hal_dma.o)
 .debug_line    0x00001e6d      0x539 .pio\build\bluepill_f103c6\libFrameworkHALDriver.a(stm32f1xx_hal_gpio.o)
 .debug_line    0x000023a6      0x6ab .pio\build\bluepill_f103c6\libFrameworkHALDriver.a(stm32f1xx_hal_rcc.o)
 .debug_line    0x00002a51      0x46c .pio\build\bluepill_f103c6\libFrameworkHALDriver.a(stm32f1xx_hal_rcc_ex.o)
 .debug_line    0x00002ebd     0x1383 .pio\build\bluepill_f103c6\libFrameworkHALDriver.a(stm32f1xx_hal_tim.o)
 .debug_line    0x00004240      0x94c .pio\build\bluepill_f103c6\libFrameworkHALDriver.a(stm32f1xx_hal_tim_ex.o)
 .debug_line    0x00004b8c       0xe6 .pio\build\bluepill_f103c6\libFrameworkCMSISDevice.a(startup_stm32f103x6.o)
 .debug_line    0x00004c72      0x3ca .pio\build\bluepill_f103c6\libFrameworkCMSISDevice.a(system_stm32f1xx.o)

.debug_str      0x00000000     0x325d
 .debug_str     0x00000000      0x6c1 .pio\build\bluepill_f103c6\src\exception_handler\exception_handler.o
                                0x738 (size before relaxing)
 .debug_str     0x000006c1      0x9f0 .pio\build\bluepill_f103c6\src\leds\leds.o
                               0x1087 (size before relaxing)
 .debug_str     0x000010b1      0x213 .pio\build\bluepill_f103c6\src\main.o
                                0x97b (size before relaxing)
 .debug_str     0x000012c4      0x2a7 .pio\build\bluepill_f103c6\libFrameworkHALDriver.a(stm32f1xx_hal.o)
                                0xc3e (size before relaxing)
 .debug_str     0x0000156b      0x308 .pio\build\bluepill_f103c6\libFrameworkHALDriver.a(stm32f1xx_hal_cortex.o)
                                0xd66 (size before relaxing)
 .debug_str     0x00001873      0x242 .pio\build\bluepill_f103c6\libFrameworkHALDriver.a(stm32f1xx_hal_dma.o)
                                0xb04 (size before relaxing)
 .debug_str     0x00001ab5      0x18a .pio\build\bluepill_f103c6\libFrameworkHALDriver.a(stm32f1xx_hal_gpio.o)
                                0x90d (size before relaxing)
 .debug_str     0x00001c3f      0x223 .pio\build\bluepill_f103c6\libFrameworkHALDriver.a(stm32f1xx_hal_rcc.o)
                                0xae4 (size before relaxing)
 .debug_str     0x00001e62       0xd9 .pio\build\bluepill_f103c6\libFrameworkHALDriver.a(stm32f1xx_hal_rcc_ex.o)
                                0x8c8 (size before relaxing)
 .debug_str     0x00001f3b      0xca8 .pio\build\bluepill_f103c6\libFrameworkHALDriver.a(stm32f1xx_hal_tim.o)
                               0x183c (size before relaxing)
 .debug_str     0x00002be3      0x52b .pio\build\bluepill_f103c6\libFrameworkHALDriver.a(stm32f1xx_hal_tim_ex.o)
                               0x10de (size before relaxing)
 .debug_str     0x0000310e       0x99 .pio\build\bluepill_f103c6\libFrameworkCMSISDevice.a(startup_stm32f103x6.o)
                                 0xf5 (size before relaxing)
 .debug_str     0x000031a7       0xb6 .pio\build\bluepill_f103c6\libFrameworkCMSISDevice.a(system_stm32f1xx.o)
                                0x7a5 (size before relaxing)

.comment        0x00000000       0x7e
 .comment       0x00000000       0x7e .pio\build\bluepill_f103c6\src\exception_handler\exception_handler.o
                                 0x7f (size before relaxing)
 .comment       0x0000007e       0x7f .pio\build\bluepill_f103c6\src\leds\leds.o
 .comment       0x0000007e       0x7f .pio\build\bluepill_f103c6\src\main.o
 .comment       0x0000007e       0x7f .pio\build\bluepill_f103c6\libFrameworkHALDriver.a(stm32f1xx_hal.o)
 .comment       0x0000007e       0x7f .pio\build\bluepill_f103c6\libFrameworkHALDriver.a(stm32f1xx_hal_cortex.o)
 .comment       0x0000007e       0x7f .pio\build\bluepill_f103c6\libFrameworkHALDriver.a(stm32f1xx_hal_dma.o)
 .comment       0x0000007e       0x7f .pio\build\bluepill_f103c6\libFrameworkHALDriver.a(stm32f1xx_hal_gpio.o)
 .comment       0x0000007e       0x7f .pio\build\bluepill_f103c6\libFrameworkHALDriver.a(stm32f1xx_hal_rcc.o)
 .comment       0x0000007e       0x7f .pio\build\bluepill_f103c6\libFrameworkHALDriver.a(stm32f1xx_hal_rcc_ex.o)
 .comment       0x0000007e       0x7f .pio\build\bluepill_f103c6\libFrameworkHALDriver.a(stm32f1xx_hal_tim.o)
 .comment       0x0000007e       0x7f .pio\build\bluepill_f103c6\libFrameworkHALDriver.a(stm32f1xx_hal_tim_ex.o)
 .comment       0x0000007e       0x7f .pio\build\bluepill_f103c6\libFrameworkCMSISDevice.a(system_stm32f1xx.o)

.debug_frame    0x00000000     0x1720
 .debug_frame   0x00000000       0xdc .pio\build\bluepill_f103c6\src\exception_handler\exception_handler.o
 .debug_frame   0x000000dc      0x158 .pio\build\bluepill_f103c6\src\leds\leds.o
 .debug_frame   0x00000234       0x68 .pio\build\bluepill_f103c6\src\main.o
 .debug_frame   0x0000029c       0x2c c:/users/nicolas/.platformio/packages/toolchain-gccarmnoneeabi/bin/../lib/gcc/arm-none-eabi/7.2.1/../../../../arm-none-eabi/lib/thumb/v7-m\libc_nano.a(lib_a-init.o)
 .debug_frame   0x000002c8      0x1ac .pio\build\bluepill_f103c6\libFrameworkHALDriver.a(stm32f1xx_hal.o)
 .debug_frame   0x00000474      0x12c .pio\build\bluepill_f103c6\libFrameworkHALDriver.a(stm32f1xx_hal_cortex.o)
 .debug_frame   0x000005a0      0x148 .pio\build\bluepill_f103c6\libFrameworkHALDriver.a(stm32f1xx_hal_dma.o)
 .debug_frame   0x000006e8       0xd4 .pio\build\bluepill_f103c6\libFrameworkHALDriver.a(stm32f1xx_hal_gpio.o)
 .debug_frame   0x000007bc      0x174 .pio\build\bluepill_f103c6\libFrameworkHALDriver.a(stm32f1xx_hal_rcc.o)
 .debug_frame   0x00000930       0x6c .pio\build\bluepill_f103c6\libFrameworkHALDriver.a(stm32f1xx_hal_rcc_ex.o)
 .debug_frame   0x0000099c      0x9e0 .pio\build\bluepill_f103c6\libFrameworkHALDriver.a(stm32f1xx_hal_tim.o)
 .debug_frame   0x0000137c      0x374 .pio\build\bluepill_f103c6\libFrameworkHALDriver.a(stm32f1xx_hal_tim_ex.o)
 .debug_frame   0x000016f0       0x30 .pio\build\bluepill_f103c6\libFrameworkCMSISDevice.a(system_stm32f1xx.o)

.debug_loc      0x00000000     0x63bc
 .debug_loc     0x00000000      0x282 .pio\build\bluepill_f103c6\src\leds\leds.o
 .debug_loc     0x00000282       0xfd .pio\build\bluepill_f103c6\libFrameworkHALDriver.a(stm32f1xx_hal.o)
 .debug_loc     0x0000037f      0x5ad .pio\build\bluepill_f103c6\libFrameworkHALDriver.a(stm32f1xx_hal_cortex.o)
 .debug_loc     0x0000092c      0x7aa .pio\build\bluepill_f103c6\libFrameworkHALDriver.a(stm32f1xx_hal_dma.o)
 .debug_loc     0x000010d6      0x429 .pio\build\bluepill_f103c6\libFrameworkHALDriver.a(stm32f1xx_hal_gpio.o)
 .debug_loc     0x000014ff      0x4f6 .pio\build\bluepill_f103c6\libFrameworkHALDriver.a(stm32f1xx_hal_rcc.o)
 .debug_loc     0x000019f5      0x2d0 .pio\build\bluepill_f103c6\libFrameworkHALDriver.a(stm32f1xx_hal_rcc_ex.o)
 .debug_loc     0x00001cc5     0x367a .pio\build\bluepill_f103c6\libFrameworkHALDriver.a(stm32f1xx_hal_tim.o)
 .debug_loc     0x0000533f      0xf9e .pio\build\bluepill_f103c6\libFrameworkHALDriver.a(stm32f1xx_hal_tim_ex.o)
 .debug_loc     0x000062dd       0xdf .pio\build\bluepill_f103c6\libFrameworkCMSISDevice.a(system_stm32f1xx.o)
