Archive member included to satisfy reference by file (symbol)

c:/st/stm32cubeide_1.3.0/stm32cubeide/plugins/com.st.stm32cube.ide.mcu.externaltools.gnu-tools-for-stm32.7-2018-q2-update.win32_1.0.0.201904181610/tools/bin/../lib/gcc/arm-none-eabi/7.3.1/../../../../arm-none-eabi/lib/thumb/v7-m\libc_nano.a(lib_a-errno.o)
                              Core/Src/syscalls.o (__errno)
c:/st/stm32cubeide_1.3.0/stm32cubeide/plugins/com.st.stm32cube.ide.mcu.externaltools.gnu-tools-for-stm32.7-2018-q2-update.win32_1.0.0.201904181610/tools/bin/../lib/gcc/arm-none-eabi/7.3.1/../../../../arm-none-eabi/lib/thumb/v7-m\libc_nano.a(lib_a-exit.o)
                              c:/st/stm32cubeide_1.3.0/stm32cubeide/plugins/com.st.stm32cube.ide.mcu.externaltools.gnu-tools-for-stm32.7-2018-q2-update.win32_1.0.0.201904181610/tools/bin/../lib/gcc/arm-none-eabi/7.3.1/../../../../arm-none-eabi/lib/thumb/v7-m/crt0.o (exit)
c:/st/stm32cubeide_1.3.0/stm32cubeide/plugins/com.st.stm32cube.ide.mcu.externaltools.gnu-tools-for-stm32.7-2018-q2-update.win32_1.0.0.201904181610/tools/bin/../lib/gcc/arm-none-eabi/7.3.1/../../../../arm-none-eabi/lib/thumb/v7-m\libc_nano.a(lib_a-impure.o)
                              c:/st/stm32cubeide_1.3.0/stm32cubeide/plugins/com.st.stm32cube.ide.mcu.externaltools.gnu-tools-for-stm32.7-2018-q2-update.win32_1.0.0.201904181610/tools/bin/../lib/gcc/arm-none-eabi/7.3.1/../../../../arm-none-eabi/lib/thumb/v7-m\libc_nano.a(lib_a-exit.o) (_global_impure_ptr)
c:/st/stm32cubeide_1.3.0/stm32cubeide/plugins/com.st.stm32cube.ide.mcu.externaltools.gnu-tools-for-stm32.7-2018-q2-update.win32_1.0.0.201904181610/tools/bin/../lib/gcc/arm-none-eabi/7.3.1/../../../../arm-none-eabi/lib/thumb/v7-m\libc_nano.a(lib_a-init.o)
                              c:/st/stm32cubeide_1.3.0/stm32cubeide/plugins/com.st.stm32cube.ide.mcu.externaltools.gnu-tools-for-stm32.7-2018-q2-update.win32_1.0.0.201904181610/tools/bin/../lib/gcc/arm-none-eabi/7.3.1/../../../../arm-none-eabi/lib/thumb/v7-m/crt0.o (__libc_init_array)
c:/st/stm32cubeide_1.3.0/stm32cubeide/plugins/com.st.stm32cube.ide.mcu.externaltools.gnu-tools-for-stm32.7-2018-q2-update.win32_1.0.0.201904181610/tools/bin/../lib/gcc/arm-none-eabi/7.3.1/../../../../arm-none-eabi/lib/thumb/v7-m\libc_nano.a(lib_a-memset.o)
                              c:/st/stm32cubeide_1.3.0/stm32cubeide/plugins/com.st.stm32cube.ide.mcu.externaltools.gnu-tools-for-stm32.7-2018-q2-update.win32_1.0.0.201904181610/tools/bin/../lib/gcc/arm-none-eabi/7.3.1/../../../../arm-none-eabi/lib/thumb/v7-m/crt0.o (memset)

Allocating common symbols
Common symbol       size              file

hUsbDeviceFS        0x2c4             USB_DEVICE/App/usb_device.o
uwTick              0x4               Drivers/STM32F1xx_HAL_Driver/Src/stm32f1xx_hal.o
pFlash              0x20              Drivers/STM32F1xx_HAL_Driver/Src/stm32f1xx_hal_flash.o
UserRxBufferFS      0x80              USB_DEVICE/App/usbd_cdc_if.o
UserTxBufferFS      0x80              USB_DEVICE/App/usbd_cdc_if.o
hdma_memtomem_dma1_channel2
                    0x44              Core/Src/main.o
hdma_memtomem_dma1_channel1
                    0x44              Core/Src/main.o
hpcd_USB_FS         0x26c             USB_DEVICE/Target/usbd_conf.o
USBD_StrDesc        0x200             USB_DEVICE/App/usbd_desc.o

Discarded input sections

 .text          0x0000000000000000        0x0 c:/st/stm32cubeide_1.3.0/stm32cubeide/plugins/com.st.stm32cube.ide.mcu.externaltools.gnu-tools-for-stm32.7-2018-q2-update.win32_1.0.0.201904181610/tools/bin/../lib/gcc/arm-none-eabi/7.3.1/thumb/v7-m/crti.o
 .data          0x0000000000000000        0x0 c:/st/stm32cubeide_1.3.0/stm32cubeide/plugins/com.st.stm32cube.ide.mcu.externaltools.gnu-tools-for-stm32.7-2018-q2-update.win32_1.0.0.201904181610/tools/bin/../lib/gcc/arm-none-eabi/7.3.1/thumb/v7-m/crti.o
 .bss           0x0000000000000000        0x0 c:/st/stm32cubeide_1.3.0/stm32cubeide/plugins/com.st.stm32cube.ide.mcu.externaltools.gnu-tools-for-stm32.7-2018-q2-update.win32_1.0.0.201904181610/tools/bin/../lib/gcc/arm-none-eabi/7.3.1/thumb/v7-m/crti.o
 .data          0x0000000000000000        0x4 c:/st/stm32cubeide_1.3.0/stm32cubeide/plugins/com.st.stm32cube.ide.mcu.externaltools.gnu-tools-for-stm32.7-2018-q2-update.win32_1.0.0.201904181610/tools/bin/../lib/gcc/arm-none-eabi/7.3.1/thumb/v7-m/crtbegin.o
 .text          0x0000000000000000       0x74 c:/st/stm32cubeide_1.3.0/stm32cubeide/plugins/com.st.stm32cube.ide.mcu.externaltools.gnu-tools-for-stm32.7-2018-q2-update.win32_1.0.0.201904181610/tools/bin/../lib/gcc/arm-none-eabi/7.3.1/../../../../arm-none-eabi/lib/thumb/v7-m/crt0.o
 .data          0x0000000000000000        0x0 c:/st/stm32cubeide_1.3.0/stm32cubeide/plugins/com.st.stm32cube.ide.mcu.externaltools.gnu-tools-for-stm32.7-2018-q2-update.win32_1.0.0.201904181610/tools/bin/../lib/gcc/arm-none-eabi/7.3.1/../../../../arm-none-eabi/lib/thumb/v7-m/crt0.o
[...]
Memory Configuration

Name             Origin             Length             Attributes
RAM              0x0000000020000000 0x0000000000002800 xrw
FLASH            0x0000000008000000 0x0000000000008000 xr
*default*        0x0000000000000000 0xffffffffffffffff

Linker script and memory map

LOAD c:/st/stm32cubeide_1.3.0/stm32cubeide/plugins/com.st.stm32cube.ide.mcu.externaltools.gnu-tools-for-stm32.7-2018-q2-update.win32_1.0.0.201904181610/tools/bin/../lib/gcc/arm-none-eabi/7.3.1/thumb/v7-m/crti.o
LOAD c:/st/stm32cubeide_1.3.0/stm32cubeide/plugins/com.st.stm32cube.ide.mcu.externaltools.gnu-tools-for-stm32.7-2018-q2-update.win32_1.0.0.201904181610/tools/bin/../lib/gcc/arm-none-eabi/7.3.1/thumb/v7-m/crtbegin.o
LOAD c:/st/stm32cubeide_1.3.0/stm32cubeide/plugins/com.st.stm32cube.ide.mcu.externaltools.gnu-tools-for-stm32.7-2018-q2-update.win32_1.0.0.201904181610/tools/bin/../lib/gcc/arm-none-eabi/7.3.1/../../../../arm-none-eabi/lib/thumb/v7-m/crt0.o
LOAD Core/Src/main.o
LOAD Core/Src/stm32f1xx_hal_msp.o
LOAD Core/Src/stm32f1xx_it.o
LOAD Core/Src/syscalls.o
LOAD Core/Src/sysmem.o
LOAD Core/Src/system_stm32f1xx.o
LOAD Core/Startup/startup_stm32f103c6tx.o
LOAD Drivers/STM32F1xx_HAL_Driver/Src/stm32f1xx_hal.o
LOAD Drivers/STM32F1xx_HAL_Driver/Src/stm32f1xx_hal_cortex.o
LOAD Drivers/STM32F1xx_HAL_Driver/Src/stm32f1xx_hal_dma.o
LOAD Drivers/STM32F1xx_HAL_Driver/Src/stm32f1xx_hal_exti.o
LOAD Drivers/STM32F1xx_HAL_Driver/Src/stm32f1xx_hal_flash.o
LOAD Drivers/STM32F1xx_HAL_Driver/Src/stm32f1xx_hal_flash_ex.o
LOAD Drivers/STM32F1xx_HAL_Driver/Src/stm32f1xx_hal_gpio.o
LOAD Drivers/STM32F1xx_HAL_Driver/Src/stm32f1xx_hal_gpio_ex.o
LOAD Drivers/STM32F1xx_HAL_Driver/Src/stm32f1xx_hal_pcd.o
LOAD Drivers/STM32F1xx_HAL_Driver/Src/stm32f1xx_hal_pcd_ex.o
LOAD Drivers/STM32F1xx_HAL_Driver/Src/stm32f1xx_hal_pwr.o
LOAD Drivers/STM32F1xx_HAL_Driver/Src/stm32f1xx_hal_rcc.o
LOAD Drivers/STM32F1xx_HAL_Driver/Src/stm32f1xx_hal_rcc_ex.o
LOAD Drivers/STM32F1xx_HAL_Driver/Src/stm32f1xx_hal_tim.o
LOAD Drivers/STM32F1xx_HAL_Driver/Src/stm32f1xx_hal_tim_ex.o
LOAD Drivers/STM32F1xx_HAL_Driver/Src/stm32f1xx_ll_usb.o
LOAD Middlewares/ST/STM32_USB_Device_Library/Class/CDC/Src/usbd_cdc.o
LOAD Middlewares/ST/STM32_USB_Device_Library/Core/Src/usbd_core.o
LOAD Middlewares/ST/STM32_USB_Device_Library/Core/Src/usbd_ctlreq.o
LOAD Middlewares/ST/STM32_USB_Device_Library/Core/Src/usbd_ioreq.o
LOAD USB_DEVICE/App/usb_device.o
LOAD USB_DEVICE/App/usbd_cdc_if.o
LOAD USB_DEVICE/App/usbd_desc.o
LOAD USB_DEVICE/Target/usbd_conf.o
START GROUP
LOAD c:/st/stm32cubeide_1.3.0/stm32cubeide/plugins/com.st.stm32cube.ide.mcu.externaltools.gnu-tools-for-stm32.7-2018-q2-update.win32_1.0.0.201904181610/tools/bin/../lib/gcc/arm-none-eabi/7.3.1/../../../../arm-none-eabi/lib/thumb/v7-m\libstdc++_nano.a
LOAD c:/st/stm32cubeide_1.3.0/stm32cubeide/plugins/com.st.stm32cube.ide.mcu.externaltools.gnu-tools-for-stm32.7-2018-q2-update.win32_1.0.0.201904181610/tools/bin/../lib/gcc/arm-none-eabi/7.3.1/../../../../arm-none-eabi/lib/thumb/v7-m\libsupc++_nano.a
END GROUP
LOAD c:/st/stm32cubeide_1.3.0/stm32cubeide/plugins/com.st.stm32cube.ide.mcu.externaltools.gnu-tools-for-stm32.7-2018-q2-update.win32_1.0.0.201904181610/tools/bin/../lib/gcc/arm-none-eabi/7.3.1/../../../../arm-none-eabi/lib/thumb/v7-m\libstdc++_nano.a
LOAD c:/st/stm32cubeide_1.3.0/stm32cubeide/plugins/com.st.stm32cube.ide.mcu.externaltools.gnu-tools-for-stm32.7-2018-q2-update.win32_1.0.0.201904181610/tools/bin/../lib/gcc/arm-none-eabi/7.3.1/../../../../arm-none-eabi/lib/thumb/v7-m\libm.a
LOAD c:/st/stm32cubeide_1.3.0/stm32cubeide/plugins/com.st.stm32cube.ide.mcu.externaltools.gnu-tools-for-stm32.7-2018-q2-update.win32_1.0.0.201904181610/tools/bin/../lib/gcc/arm-none-eabi/7.3.1/../../../../arm-none-eabi/lib/thumb/v7-m\libc_nano.a
START GROUP
LOAD c:/st/stm32cubeide_1.3.0/stm32cubeide/plugins/com.st.stm32cube.ide.mcu.externaltools.gnu-tools-for-stm32.7-2018-q2-update.win32_1.0.0.201904181610/tools/bin/../lib/gcc/arm-none-eabi/7.3.1/thumb/v7-m\libgcc.a
LOAD c:/st/stm32cubeide_1.3.0/stm32cubeide/plugins/com.st.stm32cube.ide.mcu.externaltools.gnu-tools-for-stm32.7-2018-q2-update.win32_1.0.0.201904181610/tools/bin/../lib/gcc/arm-none-eabi/7.3.1/../../../../arm-none-eabi/lib/thumb/v7-m\libc_nano.a
END GROUP
START GROUP
LOAD c:/st/stm32cubeide_1.3.0/stm32cubeide/plugins/com.st.stm32cube.ide.mcu.externaltools.gnu-tools-for-stm32.7-2018-q2-update.win32_1.0.0.201904181610/tools/bin/../lib/gcc/arm-none-eabi/7.3.1/thumb/v7-m\libgcc.a
LOAD c:/st/stm32cubeide_1.3.0/stm32cubeide/plugins/com.st.stm32cube.ide.mcu.externaltools.gnu-tools-for-stm32.7-2018-q2-update.win32_1.0.0.201904181610/tools/bin/../lib/gcc/arm-none-eabi/7.3.1/../../../../arm-none-eabi/lib/thumb/v7-m\libc_nano.a
LOAD c:/st/stm32cubeide_1.3.0/stm32cubeide/plugins/com.st.stm32cube.ide.mcu.externaltools.gnu-tools-for-stm32.7-2018-q2-update.win32_1.0.0.201904181610/tools/bin/../lib/gcc/arm-none-eabi/7.3.1/../../../../arm-none-eabi/lib/thumb/v7-m\libnosys.a
END GROUP
START GROUP
LOAD c:/st/stm32cubeide_1.3.0/stm32cubeide/plugins/com.st.stm32cube.ide.mcu.externaltools.gnu-tools-for-stm32.7-2018-q2-update.win32_1.0.0.201904181610/tools/bin/../lib/gcc/arm-none-eabi/7.3.1/thumb/v7-m\libgcc.a
LOAD c:/st/stm32cubeide_1.3.0/stm32cubeide/plugins/com.st.stm32cube.ide.mcu.externaltools.gnu-tools-for-stm32.7-2018-q2-update.win32_1.0.0.201904181610/tools/bin/../lib/gcc/arm-none-eabi/7.3.1/../../../../arm-none-eabi/lib/thumb/v7-m\libc_nano.a
LOAD c:/st/stm32cubeide_1.3.0/stm32cubeide/plugins/com.st.stm32cube.ide.mcu.externaltools.gnu-tools-for-stm32.7-2018-q2-update.win32_1.0.0.201904181610/tools/bin/../lib/gcc/arm-none-eabi/7.3.1/../../../../arm-none-eabi/lib/thumb/v7-m\libnosys.a
END GROUP
LOAD c:/st/stm32cubeide_1.3.0/stm32cubeide/plugins/com.st.stm32cube.ide.mcu.externaltools.gnu-tools-for-stm32.7-2018-q2-update.win32_1.0.0.201904181610/tools/bin/../lib/gcc/arm-none-eabi/7.3.1/thumb/v7-m/crtend.o
LOAD c:/st/stm32cubeide_1.3.0/stm32cubeide/plugins/com.st.stm32cube.ide.mcu.externaltools.gnu-tools-for-stm32.7-2018-q2-update.win32_1.0.0.201904181610/tools/bin/../lib/gcc/arm-none-eabi/7.3.1/thumb/v7-m/crtn.o
                0x0000000020002800                _estack = (ORIGIN (RAM) + LENGTH (RAM))
                0x0000000000000200                _Min_Heap_Size = 0x200
                0x0000000000000400                _Min_Stack_Size = 0x400

.isr_vector     0x0000000008000000      0x10c
                0x0000000008000000                . = ALIGN (0x4)
 *(.isr_vector)
 .isr_vector    0x0000000008000000      0x10c Core/Startup/startup_stm32f103c6tx.o
                0x0000000008000000                g_pfnVectors
                0x000000000800010c                . = ALIGN (0x4)

.text           0x000000000800010c     0x5adc
                0x000000000800010c                . = ALIGN (0x4)
 *(.text)
 .text          0x000000000800010c       0x40 c:/st/stm32cubeide_1.3.0/stm32cubeide/plugins/com.st.stm32cube.ide.mcu.externaltools.gnu-tools-for-stm32.7-2018-q2-update.win32_1.0.0.201904181610/tools/bin/../lib/gcc/arm-none-eabi/7.3.1/thumb/v7-m/crtbegin.o
 *(.text*)
 .text.TransferComplete
                0x000000000800014c       0x20 Core/Src/main.o
 .text.TransferError
                0x000000000800016c       0x12 Core/Src/main.o
 *fill*         0x000000000800017e        0x2 
 .text.main     0x0000000008000180      0x2b4 Core/Src/main.o
                0x0000000008000180                main
 .text.SystemClock_Config
                0x0000000008000434       0xb4 Core/Src/main.o
                0x0000000008000434                SystemClock_Config
 .text.MX_DMA_Init
                0x00000000080004e8       0xe0 Core/Src/main.o
 .text.MX_GPIO_Init
                0x00000000080005c8       0xc0 Core/Src/main.o
 .text.Error_Handler
                0x0000000008000688       0x18 Core/Src/main.o
                0x0000000008000688                Error_Handler
 .text.HAL_MspInit
                0x00000000080006a0       0x64 Core/Src/stm32f1xx_hal_msp.o
                0x00000000080006a0                HAL_MspInit
 .text.NMI_Handler
                0x0000000008000704        0xc Core/Src/stm32f1xx_it.o
                0x0000000008000704                NMI_Handler
 .text.HardFault_Handler
                0x0000000008000710        0x6 Core/Src/stm32f1xx_it.o
                0x0000000008000710                HardFault_Handler
 .text.MemManage_Handler
                0x0000000008000716        0x6 Core/Src/stm32f1xx_it.o
                0x0000000008000716                MemManage_Handler
 .text.BusFault_Handler
                0x000000000800071c        0x6 Core/Src/stm32f1xx_it.o
                0x000000000800071c                BusFault_Handler
 .text.UsageFault_Handler
                0x0000000008000722        0x6 Core/Src/stm32f1xx_it.o
                0x0000000008000722                UsageFault_Handler
 .text.SVC_Handler
                0x0000000008000728        0xc Core/Src/stm32f1xx_it.o
                0x0000000008000728                SVC_Handler
 .text.DebugMon_Handler
                0x0000000008000734        0xc Core/Src/stm32f1xx_it.o
                0x0000000008000734                DebugMon_Handler
 .text.PendSV_Handler
                0x0000000008000740        0xc Core/Src/stm32f1xx_it.o
                0x0000000008000740                PendSV_Handler
 .text.SysTick_Handler
                0x000000000800074c        0xc Core/Src/stm32f1xx_it.o
                0x000000000800074c                SysTick_Handler
 .text.DMA1_Channel1_IRQHandler
                0x0000000008000758       0x14 Core/Src/stm32f1xx_it.o
                0x0000000008000758                DMA1_Channel1_IRQHandler
 .text.DMA1_Channel2_IRQHandler
                0x000000000800076c       0x14 Core/Src/stm32f1xx_it.o
                0x000000000800076c                DMA1_Channel2_IRQHandler
 .text.USB_LP_CAN1_RX0_IRQHandler
                0x0000000008000780       0x14 Core/Src/stm32f1xx_it.o
                0x0000000008000780                USB_LP_CAN1_RX0_IRQHandler
 .text.SystemInit
                0x0000000008000794       0x68 Core/Src/system_stm32f1xx.o
                0x0000000008000794                SystemInit
 .text.Reset_Handler
                0x00000000080007fc       0x48 Core/Startup/startup_stm32f103c6tx.o
                0x00000000080007fc                Reset_Handler
 .text.Default_Handler
                0x0000000008000844        0x2 Core/Startup/startup_stm32f103c6tx.o
                0x0000000008000844                RTC_Alarm_IRQHandler
                0x0000000008000844                EXTI2_IRQHandler
                0x0000000008000844                TIM1_CC_IRQHandler
                0x0000000008000844                PVD_IRQHandler
                0x0000000008000844                EXTI3_IRQHandler
                0x0000000008000844                EXTI0_IRQHandler
                0x0000000008000844                ADC1_2_IRQHandler
                0x0000000008000844                SPI1_IRQHandler
                0x0000000008000844                TAMPER_IRQHandler
                0x0000000008000844                DMA1_Channel4_IRQHandler
                0x0000000008000844                RTC_IRQHandler
                0x0000000008000844                DMA1_Channel7_IRQHandler
                0x0000000008000844                CAN1_RX1_IRQHandler
                0x0000000008000844                I2C1_EV_IRQHandler
                0x0000000008000844                DMA1_Channel6_IRQHandler
                0x0000000008000844                TIM3_IRQHandler
                0x0000000008000844                RCC_IRQHandler
                0x0000000008000844                TIM1_TRG_COM_IRQHandler
                0x0000000008000844                Default_Handler
                0x0000000008000844                EXTI15_10_IRQHandler
                0x0000000008000844                EXTI9_5_IRQHandler
                0x0000000008000844                DMA1_Channel5_IRQHandler
                0x0000000008000844                EXTI4_IRQHandler
                0x0000000008000844                USB_HP_CAN1_TX_IRQHandler
                0x0000000008000844                DMA1_Channel3_IRQHandler
                0x0000000008000844                TIM1_UP_IRQHandler
                0x0000000008000844                WWDG_IRQHandler
                0x0000000008000844                TIM2_IRQHandler
                0x0000000008000844                TIM1_BRK_IRQHandler
                0x0000000008000844                EXTI1_IRQHandler
                0x0000000008000844                USART2_IRQHandler
                0x0000000008000844                CAN1_SCE_IRQHandler
                0x0000000008000844                FLASH_IRQHandler
                0x0000000008000844                USART1_IRQHandler
                0x0000000008000844                I2C1_ER_IRQHandler
                0x0000000008000844                USBWakeUp_IRQHandler
 *fill*         0x0000000008000846        0x2 
 .text.HAL_Init
                0x0000000008000848       0x2c Drivers/STM32F1xx_HAL_Driver/Src/stm32f1xx_hal.o
                0x0000000008000848                HAL_Init
 .text.HAL_InitTick
                0x0000000008000874       0x60 Drivers/STM32F1xx_HAL_Driver/Src/stm32f1xx_hal.o
                0x0000000008000874                HAL_InitTick
 .text.HAL_IncTick
                0x00000000080008d4       0x24 Drivers/STM32F1xx_HAL_Driver/Src/stm32f1xx_hal.o
                0x00000000080008d4                HAL_IncTick
 .text.HAL_GetTick
                0x00000000080008f8       0x14 Drivers/STM32F1xx_HAL_Driver/Src/stm32f1xx_hal.o
                0x00000000080008f8                HAL_GetTick
 .text.__NVIC_SetPriorityGrouping
                0x000000000800090c       0x48 Drivers/STM32F1xx_HAL_Driver/Src/stm32f1xx_hal_cortex.o
 .text.__NVIC_GetPriorityGrouping
                0x0000000008000954       0x1c Drivers/STM32F1xx_HAL_Driver/Src/stm32f1xx_hal_cortex.o
 .text.__NVIC_EnableIRQ
                0x0000000008000970       0x38 Drivers/STM32F1xx_HAL_Driver/Src/stm32f1xx_hal_cortex.o
 .text.__NVIC_SetPriority
                0x00000000080009a8       0x54 Drivers/STM32F1xx_HAL_Driver/Src/stm32f1xx_hal_cortex.o
 .text.NVIC_EncodePriority
                0x00000000080009fc       0x64 Drivers/STM32F1xx_HAL_Driver/Src/stm32f1xx_hal_cortex.o
 .text.SysTick_Config
                0x0000000008000a60       0x44 Drivers/STM32F1xx_HAL_Driver/Src/stm32f1xx_hal_cortex.o
 .text.HAL_NVIC_SetPriorityGrouping
                0x0000000008000aa4       0x16 Drivers/STM32F1xx_HAL_Driver/Src/stm32f1xx_hal_cortex.o
                0x0000000008000aa4                HAL_NVIC_SetPriorityGrouping
 .text.HAL_NVIC_SetPriority
                0x0000000008000aba       0x38 Drivers/STM32F1xx_HAL_Driver/Src/stm32f1xx_hal_cortex.o
                0x0000000008000aba                HAL_NVIC_SetPriority
 .text.HAL_NVIC_EnableIRQ
                0x0000000008000af2       0x1c Drivers/STM32F1xx_HAL_Driver/Src/stm32f1xx_hal_cortex.o
                0x0000000008000af2                HAL_NVIC_EnableIRQ
 .text.HAL_SYSTICK_Config
                0x0000000008000b0e       0x18 Drivers/STM32F1xx_HAL_Driver/Src/stm32f1xx_hal_cortex.o
                0x0000000008000b0e                HAL_SYSTICK_Config
 *fill*         0x0000000008000b26        0x2 
 .text.HAL_DMA_Init
                0x0000000008000b28       0xb4 Drivers/STM32F1xx_HAL_Driver/Src/stm32f1xx_hal_dma.o
                0x0000000008000b28                HAL_DMA_Init
 .text.HAL_DMA_Start_IT
                0x0000000008000bdc       0xbe Drivers/STM32F1xx_HAL_Driver/Src/stm32f1xx_hal_dma.o
                0x0000000008000bdc                HAL_DMA_Start_IT
 *fill*         0x0000000008000c9a        0x2 
 .text.HAL_DMA_IRQHandler
                0x0000000008000c9c      0x20c Drivers/STM32F1xx_HAL_Driver/Src/stm32f1xx_hal_dma.o
                0x0000000008000c9c                HAL_DMA_IRQHandler
 .text.HAL_DMA_RegisterCallback
                0x0000000008000ea8       0x90 Drivers/STM32F1xx_HAL_Driver/Src/stm32f1xx_hal_dma.o
                0x0000000008000ea8                HAL_DMA_RegisterCallback
 .text.DMA_SetConfig
                0x0000000008000f38       0x5a Drivers/STM32F1xx_HAL_Driver/Src/stm32f1xx_hal_dma.o
 *fill*         0x0000000008000f92        0x2 
 .text.HAL_GPIO_Init
                0x0000000008000f94      0x2a4 Drivers/STM32F1xx_HAL_Driver/Src/stm32f1xx_hal_gpio.o
                0x0000000008000f94                HAL_GPIO_Init
 .text.HAL_GPIO_WritePin
                0x0000000008001238       0x30 Drivers/STM32F1xx_HAL_Driver/Src/stm32f1xx_hal_gpio.o
                0x0000000008001238                HAL_GPIO_WritePin
 .text.HAL_PCD_Init
                0x0000000008001268      0x1c2 Drivers/STM32F1xx_HAL_Driver/Src/stm32f1xx_hal_pcd.o
                0x0000000008001268                HAL_PCD_Init
 .text.HAL_PCD_Start
                0x000000000800142a       0x4c Drivers/STM32F1xx_HAL_Driver/Src/stm32f1xx_hal_pcd.o
                0x000000000800142a                HAL_PCD_Start
 .text.HAL_PCD_IRQHandler
                0x0000000008001476      0x21c Drivers/STM32F1xx_HAL_Driver/Src/stm32f1xx_hal_pcd.o
                0x0000000008001476                HAL_PCD_IRQHandler
 .text.HAL_PCD_SetAddress
                0x0000000008001692       0x4a Drivers/STM32F1xx_HAL_Driver/Src/stm32f1xx_hal_pcd.o
                0x0000000008001692                HAL_PCD_SetAddress
 .text.HAL_PCD_EP_Open
                0x00000000080016dc       0xc0 Drivers/STM32F1xx_HAL_Driver/Src/stm32f1xx_hal_pcd.o
                0x00000000080016dc                HAL_PCD_EP_Open
 .text.HAL_PCD_EP_Close
                0x000000000800179c       0x84 Drivers/STM32F1xx_HAL_Driver/Src/stm32f1xx_hal_pcd.o
                0x000000000800179c                HAL_PCD_EP_Close
 .text.HAL_PCD_EP_Receive
                0x0000000008001820       0x74 Drivers/STM32F1xx_HAL_Driver/Src/stm32f1xx_hal_pcd.o
                0x0000000008001820                HAL_PCD_EP_Receive
 .text.HAL_PCD_EP_GetRxCount
                0x0000000008001894       0x28 Drivers/STM32F1xx_HAL_Driver/Src/stm32f1xx_hal_pcd.o
                0x0000000008001894                HAL_PCD_EP_GetRxCount
 .text.HAL_PCD_EP_Transmit
                0x00000000080018bc       0x72 Drivers/STM32F1xx_HAL_Driver/Src/stm32f1xx_hal_pcd.o
                0x00000000080018bc                HAL_PCD_EP_Transmit
 .text.HAL_PCD_EP_SetStall
                0x000000000800192e       0xb4 Drivers/STM32F1xx_HAL_Driver/Src/stm32f1xx_hal_pcd.o
                0x000000000800192e                HAL_PCD_EP_SetStall
 .text.HAL_PCD_EP_ClrStall
                0x00000000080019e2       0x9c Drivers/STM32F1xx_HAL_Driver/Src/stm32f1xx_hal_pcd.o
                0x00000000080019e2                HAL_PCD_EP_ClrStall
 *fill*         0x0000000008001a7e        0x2 
 .text.PCD_EP_ISR_Handler
                0x0000000008001a80      0x534 Drivers/STM32F1xx_HAL_Driver/Src/stm32f1xx_hal_pcd.o
 .text.HAL_PCDEx_PMAConfig
                0x0000000008001fb4       0x78 Drivers/STM32F1xx_HAL_Driver/Src/stm32f1xx_hal_pcd_ex.o
                0x0000000008001fb4                HAL_PCDEx_PMAConfig
 .text.HAL_RCC_OscConfig
                0x000000000800202c      0x500 Drivers/STM32F1xx_HAL_Driver/Src/stm32f1xx_hal_rcc.o
                0x000000000800202c                HAL_RCC_OscConfig
 .text.HAL_RCC_ClockConfig
                0x000000000800252c      0x1d4 Drivers/STM32F1xx_HAL_Driver/Src/stm32f1xx_hal_rcc.o
                0x000000000800252c                HAL_RCC_ClockConfig
 .text.HAL_RCC_GetSysClockFreq
                0x0000000008002700       0xc4 Drivers/STM32F1xx_HAL_Driver/Src/stm32f1xx_hal_rcc.o
                0x0000000008002700                HAL_RCC_GetSysClockFreq
 .text.RCC_Delay
                0x00000000080027c4       0x3c Drivers/STM32F1xx_HAL_Driver/Src/stm32f1xx_hal_rcc.o
 .text.HAL_RCCEx_PeriphCLKConfig
                0x0000000008002800      0x16c Drivers/STM32F1xx_HAL_Driver/Src/stm32f1xx_hal_rcc_ex.o
                0x0000000008002800                HAL_RCCEx_PeriphCLKConfig
 .text.USB_CoreInit
                0x000000000800296c       0x20 Drivers/STM32F1xx_HAL_Driver/Src/stm32f1xx_ll_usb.o
                0x000000000800296c                USB_CoreInit
 .text.USB_EnableGlobalInt
                0x000000000800298c       0x2e Drivers/STM32F1xx_HAL_Driver/Src/stm32f1xx_ll_usb.o
                0x000000000800298c                USB_EnableGlobalInt
 .text.USB_DisableGlobalInt
                0x00000000080029ba       0x38 Drivers/STM32F1xx_HAL_Driver/Src/stm32f1xx_ll_usb.o
                0x00000000080029ba                USB_DisableGlobalInt
 .text.USB_SetCurrentMode
                0x00000000080029f2       0x18 Drivers/STM32F1xx_HAL_Driver/Src/stm32f1xx_ll_usb.o
                0x00000000080029f2                USB_SetCurrentMode
 .text.USB_DevInit
                0x0000000008002a0a       0x48 Drivers/STM32F1xx_HAL_Driver/Src/stm32f1xx_ll_usb.o
                0x0000000008002a0a                USB_DevInit
 *fill*         0x0000000008002a52        0x2 
 .text.USB_ActivateEndpoint
                0x0000000008002a54      0x5dc Drivers/STM32F1xx_HAL_Driver/Src/stm32f1xx_ll_usb.o
                0x0000000008002a54                USB_ActivateEndpoint
 .text.USB_DeactivateEndpoint
                0x0000000008003030      0x32c Drivers/STM32F1xx_HAL_Driver/Src/stm32f1xx_ll_usb.o
                0x0000000008003030                USB_DeactivateEndpoint
 .text.USB_EPStartXfer
                0x000000000800335c      0x570 Drivers/STM32F1xx_HAL_Driver/Src/stm32f1xx_ll_usb.o
                0x000000000800335c                USB_EPStartXfer
 .text.USB_EPSetStall
                0x00000000080038cc       0x84 Drivers/STM32F1xx_HAL_Driver/Src/stm32f1xx_ll_usb.o
                0x00000000080038cc                USB_EPSetStall
 .text.USB_EPClearStall
                0x0000000008003950      0x128 Drivers/STM32F1xx_HAL_Driver/Src/stm32f1xx_ll_usb.o
                0x0000000008003950                USB_EPClearStall
 .text.USB_SetDevAddress
                0x0000000008003a78       0x26 Drivers/STM32F1xx_HAL_Driver/Src/stm32f1xx_ll_usb.o
                0x0000000008003a78                USB_SetDevAddress
 .text.USB_DevConnect
                0x0000000008003a9e       0x14 Drivers/STM32F1xx_HAL_Driver/Src/stm32f1xx_ll_usb.o
                0x0000000008003a9e                USB_DevConnect
 .text.USB_DevDisconnect
                0x0000000008003ab2       0x14 Drivers/STM32F1xx_HAL_Driver/Src/stm32f1xx_ll_usb.o
                0x0000000008003ab2                USB_DevDisconnect
 .text.USB_ReadInterrupts
                0x0000000008003ac6       0x1e Drivers/STM32F1xx_HAL_Driver/Src/stm32f1xx_ll_usb.o
                0x0000000008003ac6                USB_ReadInterrupts
 .text.USB_EP0_OutStart
                0x0000000008003ae4       0x16 Drivers/STM32F1xx_HAL_Driver/Src/stm32f1xx_ll_usb.o
                0x0000000008003ae4                USB_EP0_OutStart
 .text.USB_WritePMA
                0x0000000008003afa       0x88 Drivers/STM32F1xx_HAL_Driver/Src/stm32f1xx_ll_usb.o
                0x0000000008003afa                USB_WritePMA
 .text.USB_ReadPMA
                0x0000000008003b82       0x9e Drivers/STM32F1xx_HAL_Driver/Src/stm32f1xx_ll_usb.o
                0x0000000008003b82                USB_ReadPMA
 .text.USBD_CDC_Init
                0x0000000008003c20       0xf4 Middlewares/ST/STM32_USB_Device_Library/Class/CDC/Src/usbd_cdc.o
 .text.USBD_CDC_DeInit
                0x0000000008003d14       0x6e Middlewares/ST/STM32_USB_Device_Library/Class/CDC/Src/usbd_cdc.o
 .text.USBD_CDC_Setup
                0x0000000008003d82      0x140 Middlewares/ST/STM32_USB_Device_Library/Class/CDC/Src/usbd_cdc.o
 .text.USBD_CDC_DataIn
                0x0000000008003ec2       0xa0 Middlewares/ST/STM32_USB_Device_Library/Class/CDC/Src/usbd_cdc.o
 .text.USBD_CDC_DataOut
                0x0000000008003f62       0x56 Middlewares/ST/STM32_USB_Device_Library/Class/CDC/Src/usbd_cdc.o
 .text.USBD_CDC_EP0_RxReady
                0x0000000008003fb8       0x50 Middlewares/ST/STM32_USB_Device_Library/Class/CDC/Src/usbd_cdc.o
 .text.USBD_CDC_GetFSCfgDesc
                0x0000000008004008       0x20 Middlewares/ST/STM32_USB_Device_Library/Class/CDC/Src/usbd_cdc.o
 .text.USBD_CDC_GetHSCfgDesc
                0x0000000008004028       0x20 Middlewares/ST/STM32_USB_Device_Library/Class/CDC/Src/usbd_cdc.o
 .text.USBD_CDC_GetOtherSpeedCfgDesc
                0x0000000008004048       0x20 Middlewares/ST/STM32_USB_Device_Library/Class/CDC/Src/usbd_cdc.o
 .text.USBD_CDC_GetDeviceQualifierDescriptor
                0x0000000008004068       0x20 Middlewares/ST/STM32_USB_Device_Library/Class/CDC/Src/usbd_cdc.o
                0x0000000008004068                USBD_CDC_GetDeviceQualifierDescriptor
 .text.USBD_CDC_RegisterInterface
                0x0000000008004088       0x2c Middlewares/ST/STM32_USB_Device_Library/Class/CDC/Src/usbd_cdc.o
                0x0000000008004088                USBD_CDC_RegisterInterface
 .text.USBD_CDC_SetTxBuffer
                0x00000000080040b4       0x32 Middlewares/ST/STM32_USB_Device_Library/Class/CDC/Src/usbd_cdc.o
                0x00000000080040b4                USBD_CDC_SetTxBuffer
 .text.USBD_CDC_SetRxBuffer
                0x00000000080040e6       0x26 Middlewares/ST/STM32_USB_Device_Library/Class/CDC/Src/usbd_cdc.o
                0x00000000080040e6                USBD_CDC_SetRxBuffer
 .text.USBD_CDC_ReceivePacket
                0x000000000800410c       0x54 Middlewares/ST/STM32_USB_Device_Library/Class/CDC/Src/usbd_cdc.o
                0x000000000800410c                USBD_CDC_ReceivePacket
 .text.USBD_Init
                0x0000000008004160       0x56 Middlewares/ST/STM32_USB_Device_Library/Core/Src/usbd_core.o
                0x0000000008004160                USBD_Init
 .text.USBD_RegisterClass
                0x00000000080041b6       0x32 Middlewares/ST/STM32_USB_Device_Library/Core/Src/usbd_core.o
                0x00000000080041b6                USBD_RegisterClass
 .text.USBD_Start
                0x00000000080041e8       0x18 Middlewares/ST/STM32_USB_Device_Library/Core/Src/usbd_core.o
                0x00000000080041e8                USBD_Start
 .text.USBD_RunTestMode
                0x0000000008004200       0x14 Middlewares/ST/STM32_USB_Device_Library/Core/Src/usbd_core.o
                0x0000000008004200                USBD_RunTestMode
 .text.USBD_SetClassConfig
                0x0000000008004214       0x3e Middlewares/ST/STM32_USB_Device_Library/Core/Src/usbd_core.o
                0x0000000008004214                USBD_SetClassConfig
 .text.USBD_ClrClassConfig
                0x0000000008004252       0x26 Middlewares/ST/STM32_USB_Device_Library/Core/Src/usbd_core.o
                0x0000000008004252                USBD_ClrClassConfig
 .text.USBD_LL_SetupStage
                0x0000000008004278       0x96 Middlewares/ST/STM32_USB_Device_Library/Core/Src/usbd_core.o
                0x0000000008004278                USBD_LL_SetupStage
 .text.USBD_LL_DataOutStage
                0x000000000800430e       0xe2 Middlewares/ST/STM32_USB_Device_Library/Core/Src/usbd_core.o
                0x000000000800430e                USBD_LL_DataOutStage
 .text.USBD_LL_DataInStage
                0x00000000080043f0      0x14a Middlewares/ST/STM32_USB_Device_Library/Core/Src/usbd_core.o
                0x00000000080043f0                USBD_LL_DataInStage
 .text.USBD_LL_Reset
                0x000000000800453a       0x82 Middlewares/ST/STM32_USB_Device_Library/Core/Src/usbd_core.o
                0x000000000800453a                USBD_LL_Reset
 .text.USBD_LL_SetSpeed
                0x00000000080045bc       0x1e Middlewares/ST/STM32_USB_Device_Library/Core/Src/usbd_core.o
                0x00000000080045bc                USBD_LL_SetSpeed
 .text.USBD_LL_Suspend
                0x00000000080045da       0x28 Middlewares/ST/STM32_USB_Device_Library/Core/Src/usbd_core.o
                0x00000000080045da                USBD_LL_Suspend
 .text.USBD_LL_Resume
                0x0000000008004602       0x2a Middlewares/ST/STM32_USB_Device_Library/Core/Src/usbd_core.o
                0x0000000008004602                USBD_LL_Resume
 .text.USBD_LL_SOF
                0x000000000800462c       0x34 Middlewares/ST/STM32_USB_Device_Library/Core/Src/usbd_core.o
                0x000000000800462c                USBD_LL_SOF
 .text.USBD_StdDevReq
                0x0000000008004660       0xd4 Middlewares/ST/STM32_USB_Device_Library/Core/Src/usbd_ctlreq.o
                0x0000000008004660                USBD_StdDevReq
 .text.USBD_StdItfReq
                0x0000000008004734       0x8c Middlewares/ST/STM32_USB_Device_Library/Core/Src/usbd_ctlreq.o
                0x0000000008004734                USBD_StdItfReq
 .text.USBD_StdEPReq
                0x00000000080047c0      0x2ba Middlewares/ST/STM32_USB_Device_Library/Core/Src/usbd_ctlreq.o
                0x00000000080047c0                USBD_StdEPReq
 *fill*         0x0000000008004a7a        0x2 
 .text.USBD_GetDescriptor
                0x0000000008004a7c      0x2d0 Middlewares/ST/STM32_USB_Device_Library/Core/Src/usbd_ctlreq.o
 .text.USBD_SetAddress
                0x0000000008004d4c       0x84 Middlewares/ST/STM32_USB_Device_Library/Core/Src/usbd_ctlreq.o
 .text.USBD_SetConfig
                0x0000000008004dd0      0x11c Middlewares/ST/STM32_USB_Device_Library/Core/Src/usbd_ctlreq.o
 .text.USBD_GetConfig
                0x0000000008004eec       0x68 Middlewares/ST/STM32_USB_Device_Library/Core/Src/usbd_ctlreq.o
 .text.USBD_GetStatus
                0x0000000008004f54       0x66 Middlewares/ST/STM32_USB_Device_Library/Core/Src/usbd_ctlreq.o
 .text.USBD_SetFeature
                0x0000000008004fba       0x28 Middlewares/ST/STM32_USB_Device_Library/Core/Src/usbd_ctlreq.o
 .text.USBD_ClrFeature
                0x0000000008004fe2       0x42 Middlewares/ST/STM32_USB_Device_Library/Core/Src/usbd_ctlreq.o
 .text.USBD_ParseSetupRequest
                0x0000000008005024       0x78 Middlewares/ST/STM32_USB_Device_Library/Core/Src/usbd_ctlreq.o
                0x0000000008005024                USBD_ParseSetupRequest
 .text.USBD_CtlError
                0x000000000800509c       0x22 Middlewares/ST/STM32_USB_Device_Library/Core/Src/usbd_ctlreq.o
                0x000000000800509c                USBD_CtlError
 .text.USBD_GetString
                0x00000000080050be       0x84 Middlewares/ST/STM32_USB_Device_Library/Core/Src/usbd_ctlreq.o
                0x00000000080050be                USBD_GetString
 .text.USBD_GetLen
                0x0000000008005142       0x2e Middlewares/ST/STM32_USB_Device_Library/Core/Src/usbd_ctlreq.o
 .text.USBD_CtlSendData
                0x0000000008005170       0x38 Middlewares/ST/STM32_USB_Device_Library/Core/Src/usbd_ioreq.o
                0x0000000008005170                USBD_CtlSendData
 .text.USBD_CtlContinueSendData
                0x00000000080051a8       0x24 Middlewares/ST/STM32_USB_Device_Library/Core/Src/usbd_ioreq.o
                0x00000000080051a8                USBD_CtlContinueSendData
 .text.USBD_CtlPrepareRx
                0x00000000080051cc       0x3c Middlewares/ST/STM32_USB_Device_Library/Core/Src/usbd_ioreq.o
                0x00000000080051cc                USBD_CtlPrepareRx
 .text.USBD_CtlContinueRx
                0x0000000008005208       0x24 Middlewares/ST/STM32_USB_Device_Library/Core/Src/usbd_ioreq.o
                0x0000000008005208                USBD_CtlContinueRx
 .text.USBD_CtlSendStatus
                0x000000000800522c       0x26 Middlewares/ST/STM32_USB_Device_Library/Core/Src/usbd_ioreq.o
                0x000000000800522c                USBD_CtlSendStatus
 .text.USBD_CtlReceiveStatus
                0x0000000008005252       0x26 Middlewares/ST/STM32_USB_Device_Library/Core/Src/usbd_ioreq.o
                0x0000000008005252                USBD_CtlReceiveStatus
 .text.MX_USB_DEVICE_Init
                0x0000000008005278       0x60 USB_DEVICE/App/usb_device.o
                0x0000000008005278                MX_USB_DEVICE_Init
 .text.CDC_Init_FS
                0x00000000080052d8       0x28 USB_DEVICE/App/usbd_cdc_if.o
 .text.CDC_DeInit_FS
                0x0000000008005300        0xe USB_DEVICE/App/usbd_cdc_if.o
 *fill*         0x000000000800530e        0x2 
 .text.CDC_Control_FS
                0x0000000008005310       0xbc USB_DEVICE/App/usbd_cdc_if.o
 .text.CDC_Receive_FS
                0x00000000080053cc       0x54 USB_DEVICE/App/usbd_cdc_if.o
 .text.USBD_FS_DeviceDescriptor
                0x0000000008005420       0x24 USB_DEVICE/App/usbd_desc.o
                0x0000000008005420                USBD_FS_DeviceDescriptor
 .text.USBD_FS_LangIDStrDescriptor
                0x0000000008005444       0x24 USB_DEVICE/App/usbd_desc.o
                0x0000000008005444                USBD_FS_LangIDStrDescriptor
 .text.USBD_FS_ProductStrDescriptor
                0x0000000008005468       0x3c USB_DEVICE/App/usbd_desc.o
                0x0000000008005468                USBD_FS_ProductStrDescriptor
 .text.USBD_FS_ManufacturerStrDescriptor
                0x00000000080054a4       0x28 USB_DEVICE/App/usbd_desc.o
                0x00000000080054a4                USBD_FS_ManufacturerStrDescriptor
 .text.USBD_FS_SerialStrDescriptor
                0x00000000080054cc       0x24 USB_DEVICE/App/usbd_desc.o
                0x00000000080054cc                USBD_FS_SerialStrDescriptor
 .text.USBD_FS_ConfigStrDescriptor
                0x00000000080054f0       0x3c USB_DEVICE/App/usbd_desc.o
                0x00000000080054f0                USBD_FS_ConfigStrDescriptor
 .text.USBD_FS_InterfaceStrDescriptor
                0x000000000800552c       0x3c USB_DEVICE/App/usbd_desc.o
                0x000000000800552c                USBD_FS_InterfaceStrDescriptor
 .text.Get_SerialNum
                0x0000000008005568       0x58 USB_DEVICE/App/usbd_desc.o
 .text.IntToUnicode
                0x00000000080055c0       0x7a USB_DEVICE/App/usbd_desc.o
 *fill*         0x000000000800563a        0x2 
 .text.HAL_PCD_MspInit
                0x000000000800563c       0x4c USB_DEVICE/Target/usbd_conf.o
                0x000000000800563c                HAL_PCD_MspInit
 .text.HAL_PCD_SetupStageCallback
                0x0000000008005688       0x24 USB_DEVICE/Target/usbd_conf.o
                0x0000000008005688                HAL_PCD_SetupStageCallback
 .text.HAL_PCD_DataOutStageCallback
                0x00000000080056ac       0x30 USB_DEVICE/Target/usbd_conf.o
                0x00000000080056ac                HAL_PCD_DataOutStageCallback
 .text.HAL_PCD_DataInStageCallback
                0x00000000080056dc       0x2e USB_DEVICE/Target/usbd_conf.o
                0x00000000080056dc                HAL_PCD_DataInStageCallback
 .text.HAL_PCD_SOFCallback
                0x000000000800570a       0x1c USB_DEVICE/Target/usbd_conf.o
                0x000000000800570a                HAL_PCD_SOFCallback
 .text.HAL_PCD_ResetCallback
                0x0000000008005726       0x3c USB_DEVICE/Target/usbd_conf.o
                0x0000000008005726                HAL_PCD_ResetCallback
 *fill*         0x0000000008005762        0x2 
 .text.HAL_PCD_SuspendCallback
                0x0000000008005764       0x34 USB_DEVICE/Target/usbd_conf.o
                0x0000000008005764                HAL_PCD_SuspendCallback
 .text.HAL_PCD_ResumeCallback
                0x0000000008005798       0x1c USB_DEVICE/Target/usbd_conf.o
                0x0000000008005798                HAL_PCD_ResumeCallback
 .text.USBD_LL_Init
                0x00000000080057b4       0xb4 USB_DEVICE/Target/usbd_conf.o
                0x00000000080057b4                USBD_LL_Init
 .text.USBD_LL_Start
                0x0000000008005868       0x36 USB_DEVICE/Target/usbd_conf.o
                0x0000000008005868                USBD_LL_Start
 .text.USBD_LL_OpenEP
                0x000000000800589e       0x4c USB_DEVICE/Target/usbd_conf.o
                0x000000000800589e                USBD_LL_OpenEP
 .text.USBD_LL_CloseEP
                0x00000000080058ea       0x3e USB_DEVICE/Target/usbd_conf.o
                0x00000000080058ea                USBD_LL_CloseEP
 .text.USBD_LL_StallEP
                0x0000000008005928       0x3e USB_DEVICE/Target/usbd_conf.o
                0x0000000008005928                USBD_LL_StallEP
 .text.USBD_LL_ClearStallEP
                0x0000000008005966       0x3e USB_DEVICE/Target/usbd_conf.o
                0x0000000008005966                USBD_LL_ClearStallEP
 .text.USBD_LL_IsStallEP
                0x00000000080059a4       0x4a USB_DEVICE/Target/usbd_conf.o
                0x00000000080059a4                USBD_LL_IsStallEP
 .text.USBD_LL_SetUSBAddress
                0x00000000080059ee       0x3e USB_DEVICE/Target/usbd_conf.o
                0x00000000080059ee                USBD_LL_SetUSBAddress
 .text.USBD_LL_Transmit
                0x0000000008005a2c       0x46 USB_DEVICE/Target/usbd_conf.o
                0x0000000008005a2c                USBD_LL_Transmit
 .text.USBD_LL_PrepareReceive
                0x0000000008005a72       0x46 USB_DEVICE/Target/usbd_conf.o
                0x0000000008005a72                USBD_LL_PrepareReceive
 .text.USBD_LL_GetRxDataSize
                0x0000000008005ab8       0x26 USB_DEVICE/Target/usbd_conf.o
                0x0000000008005ab8                USBD_LL_GetRxDataSize
 *fill*         0x0000000008005ade        0x2 
 .text.USBD_static_malloc
                0x0000000008005ae0       0x18 USB_DEVICE/Target/usbd_conf.o
                0x0000000008005ae0                USBD_static_malloc
 .text.USBD_static_free
                0x0000000008005af8       0x12 USB_DEVICE/Target/usbd_conf.o
                0x0000000008005af8                USBD_static_free
 .text.HAL_PCDEx_SetConnectionState
                0x0000000008005b0a       0x16 USB_DEVICE/Target/usbd_conf.o
                0x0000000008005b0a                HAL_PCDEx_SetConnectionState
 .text.USBD_Get_USB_Status
                0x0000000008005b20       0x58 USB_DEVICE/Target/usbd_conf.o
 .text.__libc_init_array
                0x0000000008005b78       0x48 c:/st/stm32cubeide_1.3.0/stm32cubeide/plugins/com.st.stm32cube.ide.mcu.externaltools.gnu-tools-for-stm32.7-2018-q2-update.win32_1.0.0.201904181610/tools/bin/../lib/gcc/arm-none-eabi/7.3.1/../../../../arm-none-eabi/lib/thumb/v7-m\libc_nano.a(lib_a-init.o)
                0x0000000008005b78                __libc_init_array
 .text.memset   0x0000000008005bc0       0x10 c:/st/stm32cubeide_1.3.0/stm32cubeide/plugins/com.st.stm32cube.ide.mcu.externaltools.gnu-tools-for-stm32.7-2018-q2-update.win32_1.0.0.201904181610/tools/bin/../lib/gcc/arm-none-eabi/7.3.1/../../../../arm-none-eabi/lib/thumb/v7-m\libc_nano.a(lib_a-memset.o)
                0x0000000008005bc0                memset
 *(.glue_7)
 .glue_7        0x0000000008005bd0        0x0 linker stubs
 *(.glue_7t)
 .glue_7t       0x0000000008005bd0        0x0 linker stubs
 *(.eh_frame)
 .eh_frame      0x0000000008005bd0        0x0 c:/st/stm32cubeide_1.3.0/stm32cubeide/plugins/com.st.stm32cube.ide.mcu.externaltools.gnu-tools-for-stm32.7-2018-q2-update.win32_1.0.0.201904181610/tools/bin/../lib/gcc/arm-none-eabi/7.3.1/thumb/v7-m/crtbegin.o
 *(.init)
 .init          0x0000000008005bd0        0x4 c:/st/stm32cubeide_1.3.0/stm32cubeide/plugins/com.st.stm32cube.ide.mcu.externaltools.gnu-tools-for-stm32.7-2018-q2-update.win32_1.0.0.201904181610/tools/bin/../lib/gcc/arm-none-eabi/7.3.1/thumb/v7-m/crti.o
                0x0000000008005bd0                _init
 .init          0x0000000008005bd4        0x8 c:/st/stm32cubeide_1.3.0/stm32cubeide/plugins/com.st.stm32cube.ide.mcu.externaltools.gnu-tools-for-stm32.7-2018-q2-update.win32_1.0.0.201904181610/tools/bin/../lib/gcc/arm-none-eabi/7.3.1/thumb/v7-m/crtn.o
 *(.fini)
 .fini          0x0000000008005bdc        0x4 c:/st/stm32cubeide_1.3.0/stm32cubeide/plugins/com.st.stm32cube.ide.mcu.externaltools.gnu-tools-for-stm32.7-2018-q2-update.win32_1.0.0.201904181610/tools/bin/../lib/gcc/arm-none-eabi/7.3.1/thumb/v7-m/crti.o
                0x0000000008005bdc                _fini
 .fini          0x0000000008005be0        0x8 c:/st/stm32cubeide_1.3.0/stm32cubeide/plugins/com.st.stm32cube.ide.mcu.externaltools.gnu-tools-for-stm32.7-2018-q2-update.win32_1.0.0.201904181610/tools/bin/../lib/gcc/arm-none-eabi/7.3.1/thumb/v7-m/crtn.o
                0x0000000008005be8                . = ALIGN (0x4)
                0x0000000008005be8                _etext = .

.vfp11_veneer   0x0000000008005be8        0x0
 .vfp11_veneer  0x0000000008005be8        0x0 linker stubs

.v4_bx          0x0000000008005be8        0x0
 .v4_bx         0x0000000008005be8        0x0 linker stubs

.iplt           0x0000000008005be8        0x0
 .iplt          0x0000000008005be8        0x0 c:/st/stm32cubeide_1.3.0/stm32cubeide/plugins/com.st.stm32cube.ide.mcu.externaltools.gnu-tools-for-stm32.7-2018-q2-update.win32_1.0.0.201904181610/tools/bin/../lib/gcc/arm-none-eabi/7.3.1/thumb/v7-m/crtbegin.o

.rodata         0x0000000008005be8       0x6c
                0x0000000008005be8                . = ALIGN (0x4)
 *(.rodata)
 .rodata        0x0000000008005be8       0x12 Drivers/STM32F1xx_HAL_Driver/Src/stm32f1xx_hal_rcc.o
 *fill*         0x0000000008005bfa        0x2 
 .rodata        0x0000000008005bfc       0x46 USB_DEVICE/App/usbd_desc.o
 *(.rodata*)
 *fill*         0x0000000008005c42        0x2 
 .rodata.AHBPrescTable
                0x0000000008005c44       0x10 Core/Src/system_stm32f1xx.o
                0x0000000008005c44                AHBPrescTable
                0x0000000008005c54                . = ALIGN (0x4)

.rel.dyn        0x0000000008005c54        0x0
 .rel.iplt      0x0000000008005c54        0x0 c:/st/stm32cubeide_1.3.0/stm32cubeide/plugins/com.st.stm32cube.ide.mcu.externaltools.gnu-tools-for-stm32.7-2018-q2-update.win32_1.0.0.201904181610/tools/bin/../lib/gcc/arm-none-eabi/7.3.1/thumb/v7-m/crtbegin.o

.ARM.extab      0x0000000008005c54        0x0
                0x0000000008005c54                . = ALIGN (0x4)
 *(.ARM.extab* .gnu.linkonce.armextab.*)
                0x0000000008005c54                . = ALIGN (0x4)

.ARM            0x0000000008005c54        0x0
                0x0000000008005c54                . = ALIGN (0x4)
                0x0000000008005c54                __exidx_start = .
 *(.ARM.exidx*)
                0x0000000008005c54                __exidx_end = .
                0x0000000008005c54                . = ALIGN (0x4)

.preinit_array  0x0000000008005c54        0x0
                0x0000000008005c54                . = ALIGN (0x4)
                0x0000000008005c54                PROVIDE (__preinit_array_start = .)
 *(.preinit_array*)
                0x0000000008005c54                PROVIDE (__preinit_array_end = .)
                0x0000000008005c54                . = ALIGN (0x4)

.init_array     0x0000000008005c54        0x4
                0x0000000008005c54                . = ALIGN (0x4)
                0x0000000008005c54                PROVIDE (__init_array_start = .)
 *(SORT_BY_NAME(.init_array.*))
 *(.init_array*)
 .init_array    0x0000000008005c54        0x4 c:/st/stm32cubeide_1.3.0/stm32cubeide/plugins/com.st.stm32cube.ide.mcu.externaltools.gnu-tools-for-stm32.7-2018-q2-update.win32_1.0.0.201904181610/tools/bin/../lib/gcc/arm-none-eabi/7.3.1/thumb/v7-m/crtbegin.o
                0x0000000008005c58                PROVIDE (__init_array_end = .)
                0x0000000008005c58                . = ALIGN (0x4)

.fini_array     0x0000000008005c58        0x4
                0x0000000008005c58                . = ALIGN (0x4)
                [!provide]                        PROVIDE (__fini_array_start = .)
 *(SORT_BY_NAME(.fini_array.*))
 *(.fini_array*)
 .fini_array    0x0000000008005c58        0x4 c:/st/stm32cubeide_1.3.0/stm32cubeide/plugins/com.st.stm32cube.ide.mcu.externaltools.gnu-tools-for-stm32.7-2018-q2-update.win32_1.0.0.201904181610/tools/bin/../lib/gcc/arm-none-eabi/7.3.1/thumb/v7-m/crtbegin.o
                [!provide]                        PROVIDE (__fini_array_end = .)
                0x0000000008005c5c                . = ALIGN (0x4)
                0x0000000008005c5c                _sidata = LOADADDR (.data)

.data           0x0000000020000000      0x188 load address 0x0000000008005c5c
                0x0000000020000000                . = ALIGN (0x4)
                0x0000000020000000                _sdata = .
 *(.data)
 *(.data*)
 .data.colors   0x0000000020000000        0x9 Core/Src/main.o
                0x0000000020000000                colors
 *fill*         0x0000000020000009        0x3 
 .data.SystemCoreClock
                0x000000002000000c        0x4 Core/Src/system_stm32f1xx.o
                0x000000002000000c                SystemCoreClock
 .data.uwTickPrio
                0x0000000020000010        0x4 Drivers/STM32F1xx_HAL_Driver/Src/stm32f1xx_hal.o
                0x0000000020000010                uwTickPrio
 .data.uwTickFreq
                0x0000000020000014        0x1 Drivers/STM32F1xx_HAL_Driver/Src/stm32f1xx_hal.o
                0x0000000020000014                uwTickFreq
 *fill*         0x0000000020000015        0x3 
 .data.USBD_CDC_DeviceQualifierDesc
                0x0000000020000018        0xa Middlewares/ST/STM32_USB_Device_Library/Class/CDC/Src/usbd_cdc.o
 *fill*         0x0000000020000022        0x2 
 .data.USBD_CDC
                0x0000000020000024       0x38 Middlewares/ST/STM32_USB_Device_Library/Class/CDC/Src/usbd_cdc.o
                0x0000000020000024                USBD_CDC
 .data.USBD_CDC_CfgHSDesc
                0x000000002000005c       0x43 Middlewares/ST/STM32_USB_Device_Library/Class/CDC/Src/usbd_cdc.o
                0x000000002000005c                USBD_CDC_CfgHSDesc
 *fill*         0x000000002000009f        0x1 
 .data.USBD_CDC_CfgFSDesc
                0x00000000200000a0       0x43 Middlewares/ST/STM32_USB_Device_Library/Class/CDC/Src/usbd_cdc.o
                0x00000000200000a0                USBD_CDC_CfgFSDesc
 *fill*         0x00000000200000e3        0x1 
 .data.USBD_CDC_OtherSpeedCfgDesc
                0x00000000200000e4       0x43 Middlewares/ST/STM32_USB_Device_Library/Class/CDC/Src/usbd_cdc.o
                0x00000000200000e4                USBD_CDC_OtherSpeedCfgDesc
 *fill*         0x0000000020000127        0x1 
 .data.USBD_Interface_fops_FS
                0x0000000020000128       0x10 USB_DEVICE/App/usbd_cdc_if.o
                0x0000000020000128                USBD_Interface_fops_FS
 .data.FS_Desc  0x0000000020000138       0x1c USB_DEVICE/App/usbd_desc.o
                0x0000000020000138                FS_Desc
 .data.USBD_FS_DeviceDesc
                0x0000000020000154       0x12 USB_DEVICE/App/usbd_desc.o
                0x0000000020000154                USBD_FS_DeviceDesc
 *fill*         0x0000000020000166        0x2 
 .data.USBD_LangIDDesc
                0x0000000020000168        0x4 USB_DEVICE/App/usbd_desc.o
                0x0000000020000168                USBD_LangIDDesc
 .data.USBD_StringSerial
                0x000000002000016c       0x1a USB_DEVICE/App/usbd_desc.o
                0x000000002000016c                USBD_StringSerial
                0x0000000020000188                . = ALIGN (0x4)
 *fill*         0x0000000020000186        0x2 
                0x0000000020000188                _edata = .

.igot.plt       0x0000000020000188        0x0 load address 0x0000000008005de4
 .igot.plt      0x0000000020000188        0x0 c:/st/stm32cubeide_1.3.0/stm32cubeide/plugins/com.st.stm32cube.ide.mcu.externaltools.gnu-tools-for-stm32.7-2018-q2-update.win32_1.0.0.201904181610/tools/bin/../lib/gcc/arm-none-eabi/7.3.1/thumb/v7-m/crtbegin.o
                0x0000000020000188                . = ALIGN (0x4)

.bss            0x0000000020000188     0x1d00 load address 0x0000000008005de4
                0x0000000020000188                _sbss = .
                0x0000000020000188                __bss_start__ = _sbss
 *(.bss)
 .bss           0x0000000020000188       0x1c c:/st/stm32cubeide_1.3.0/stm32cubeide/plugins/com.st.stm32cube.ide.mcu.externaltools.gnu-tools-for-stm32.7-2018-q2-update.win32_1.0.0.201904181610/tools/bin/../lib/gcc/arm-none-eabi/7.3.1/thumb/v7-m/crtbegin.o
 *(.bss*)
 .bss.test_src_buffer
                0x00000000200001a4     0x1200 Core/Src/main.o
                0x00000000200001a4                test_src_buffer
 .bss.test_counter
                0x00000000200013a4        0x4 Core/Src/main.o
                0x00000000200013a4                test_counter
 .bss.cfgidx.7619
                0x00000000200013a8        0x1 Middlewares/ST/STM32_USB_Device_Library/Core/Src/usbd_ctlreq.o
 *fill*         0x00000000200013a9        0x3 
 .bss.mem.7684  0x00000000200013ac      0x220 USB_DEVICE/Target/usbd_conf.o
 *(COMMON)
 COMMON         0x00000000200015cc       0x88 Core/Src/main.o
                0x00000000200015cc                hdma_memtomem_dma1_channel2
                0x0000000020001610                hdma_memtomem_dma1_channel1
 COMMON         0x0000000020001654        0x4 Drivers/STM32F1xx_HAL_Driver/Src/stm32f1xx_hal.o
                0x0000000020001654                uwTick
 COMMON         0x0000000020001658      0x2c4 USB_DEVICE/App/usb_device.o
                0x0000000020001658                hUsbDeviceFS
 COMMON         0x000000002000191c      0x100 USB_DEVICE/App/usbd_cdc_if.o
                0x000000002000191c                UserRxBufferFS
                0x000000002000199c                UserTxBufferFS
 COMMON         0x0000000020001a1c      0x200 USB_DEVICE/App/usbd_desc.o
                0x0000000020001a1c                USBD_StrDesc
 COMMON         0x0000000020001c1c      0x26c USB_DEVICE/Target/usbd_conf.o
                0x0000000020001c1c                hpcd_USB_FS
                0x0000000020001e88                . = ALIGN (0x4)
                0x0000000020001e88                _ebss = .
                0x0000000020001e88                __bss_end__ = _ebss

._user_heap_stack
                0x0000000020001e88      0x600 load address 0x0000000008005de4
                0x0000000020001e88                . = ALIGN (0x8)
                0x0000000020001e88                PROVIDE (end = .)
                [!provide]                        PROVIDE (_end = .)
                0x0000000020002088                . = (. + _Min_Heap_Size)
 *fill*         0x0000000020001e88      0x200 
                0x0000000020002488                . = (. + _Min_Stack_Size)
 *fill*         0x0000000020002088      0x400 
                0x0000000020002488                . = ALIGN (0x8)

/DISCARD/
 libc.a(*)
 libm.a(*)
 libgcc.a(*)

.ARM.attributes
                0x0000000000000000       0x29
 *(.ARM.attributes)
 .ARM.attributes
                0x0000000000000000       0x1d c:/st/stm32cubeide_1.3.0/stm32cubeide/plugins/com.st.stm32cube.ide.mcu.externaltools.gnu-tools-for-stm32.7-2018-q2-update.win32_1.0.0.201904181610/tools/bin/../lib/gcc/arm-none-eabi/7.3.1/thumb/v7-m/crti.o
 .ARM.attributes
                0x000000000000001d       0x2d c:/st/stm32cubeide_1.3.0/stm32cubeide/plugins/com.st.stm32cube.ide.mcu.externaltools.gnu-tools-for-stm32.7-2018-q2-update.win32_1.0.0.201904181610/tools/bin/../lib/gcc/arm-none-eabi/7.3.1/thumb/v7-m/crtbegin.o
 .ARM.attributes
                0x000000000000004a       0x33 Core/Src/main.o
 .ARM.attributes
                0x000000000000007d       0x33 Core/Src/stm32f1xx_hal_msp.o
 .ARM.attributes
                0x00000000000000b0       0x33 Core/Src/stm32f1xx_it.o
 .ARM.attributes
                0x00000000000000e3       0x33 Core/Src/system_stm32f1xx.o
 .ARM.attributes
                0x0000000000000116       0x21 Core/Startup/startup_stm32f103c6tx.o
 .ARM.attributes
                0x0000000000000137       0x33 Drivers/STM32F1xx_HAL_Driver/Src/stm32f1xx_hal.o
 .ARM.attributes
                0x000000000000016a       0x33 Drivers/STM32F1xx_HAL_Driver/Src/stm32f1xx_hal_cortex.o
 .ARM.attributes
                0x000000000000019d       0x33 Drivers/STM32F1xx_HAL_Driver/Src/stm32f1xx_hal_dma.o
 .ARM.attributes
                0x00000000000001d0       0x33 Drivers/STM32F1xx_HAL_Driver/Src/stm32f1xx_hal_gpio.o
 .ARM.attributes
                0x0000000000000203       0x33 Drivers/STM32F1xx_HAL_Driver/Src/stm32f1xx_hal_pcd.o
 .ARM.attributes
                0x0000000000000236       0x33 Drivers/STM32F1xx_HAL_Driver/Src/stm32f1xx_hal_pcd_ex.o
 .ARM.attributes
                0x0000000000000269       0x33 Drivers/STM32F1xx_HAL_Driver/Src/stm32f1xx_hal_rcc.o
 .ARM.attributes
                0x000000000000029c       0x33 Drivers/STM32F1xx_HAL_Driver/Src/stm32f1xx_hal_rcc_ex.o
 .ARM.attributes
                0x00000000000002cf       0x33 Drivers/STM32F1xx_HAL_Driver/Src/stm32f1xx_ll_usb.o
 .ARM.attributes
                0x0000000000000302       0x33 Middlewares/ST/STM32_USB_Device_Library/Class/CDC/Src/usbd_cdc.o
 .ARM.attributes
                0x0000000000000335       0x33 Middlewares/ST/STM32_USB_Device_Library/Core/Src/usbd_core.o
 .ARM.attributes
                0x0000000000000368       0x33 Middlewares/ST/STM32_USB_Device_Library/Core/Src/usbd_ctlreq.o
 .ARM.attributes
                0x000000000000039b       0x33 Middlewares/ST/STM32_USB_Device_Library/Core/Src/usbd_ioreq.o
 .ARM.attributes
                0x00000000000003ce       0x33 USB_DEVICE/App/usb_device.o
 .ARM.attributes
                0x0000000000000401       0x33 USB_DEVICE/App/usbd_cdc_if.o
 .ARM.attributes
                0x0000000000000434       0x33 USB_DEVICE/App/usbd_desc.o
 .ARM.attributes
                0x0000000000000467       0x33 USB_DEVICE/Target/usbd_conf.o
 .ARM.attributes
                0x000000000000049a       0x2d c:/st/stm32cubeide_1.3.0/stm32cubeide/plugins/com.st.stm32cube.ide.mcu.externaltools.gnu-tools-for-stm32.7-2018-q2-update.win32_1.0.0.201904181610/tools/bin/../lib/gcc/arm-none-eabi/7.3.1/../../../../arm-none-eabi/lib/thumb/v7-m\libc_nano.a(lib_a-init.o)
 .ARM.attributes
                0x00000000000004c7       0x2d c:/st/stm32cubeide_1.3.0/stm32cubeide/plugins/com.st.stm32cube.ide.mcu.externaltools.gnu-tools-for-stm32.7-2018-q2-update.win32_1.0.0.201904181610/tools/bin/../lib/gcc/arm-none-eabi/7.3.1/../../../../arm-none-eabi/lib/thumb/v7-m\libc_nano.a(lib_a-memset.o)
 .ARM.attributes
                0x00000000000004f4       0x1d c:/st/stm32cubeide_1.3.0/stm32cubeide/plugins/com.st.stm32cube.ide.mcu.externaltools.gnu-tools-for-stm32.7-2018-q2-update.win32_1.0.0.201904181610/tools/bin/../lib/gcc/arm-none-eabi/7.3.1/thumb/v7-m/crtn.o
OUTPUT(test-stm32f103c6tx.elf elf32-littlearm)

.debug_info     0x0000000000000000    0x11097
 .debug_info    0x0000000000000000     0x16b7 Core/Src/main.o
 .debug_info    0x00000000000016b7      0x2cb Core/Src/stm32f1xx_hal_msp.o
 .debug_info    0x0000000000001982      0x897 Core/Src/stm32f1xx_it.o
 .debug_info    0x0000000000002219      0x433 Core/Src/system_stm32f1xx.o
 .debug_info    0x000000000000264c       0x22 Core/Startup/startup_stm32f103c6tx.o
 .debug_info    0x000000000000266e      0x6e0 Drivers/STM32F1xx_HAL_Driver/Src/stm32f1xx_hal.o
 .debug_info    0x0000000000002d4e      0xb28 Drivers/STM32F1xx_HAL_Driver/Src/stm32f1xx_hal_cortex.o
 .debug_info    0x0000000000003876      0x7a6 Drivers/STM32F1xx_HAL_Driver/Src/stm32f1xx_hal_dma.o
 .debug_info    0x000000000000401c      0x681 Drivers/STM32F1xx_HAL_Driver/Src/stm32f1xx_hal_gpio.o
 .debug_info    0x000000000000469d      0xe38 Drivers/STM32F1xx_HAL_Driver/Src/stm32f1xx_hal_pcd.o
 .debug_info    0x00000000000054d5      0x760 Drivers/STM32F1xx_HAL_Driver/Src/stm32f1xx_hal_pcd_ex.o
 .debug_info    0x0000000000005c35      0x804 Drivers/STM32F1xx_HAL_Driver/Src/stm32f1xx_hal_rcc.o
 .debug_info    0x0000000000006439      0x439 Drivers/STM32F1xx_HAL_Driver/Src/stm32f1xx_hal_rcc_ex.o
 .debug_info    0x0000000000006872     0x14f9 Drivers/STM32F1xx_HAL_Driver/Src/stm32f1xx_ll_usb.o
 .debug_info    0x0000000000007d6b     0x1791 Middlewares/ST/STM32_USB_Device_Library/Class/CDC/Src/usbd_cdc.o
 .debug_info    0x00000000000094fc     0x11c2 Middlewares/ST/STM32_USB_Device_Library/Core/Src/usbd_core.o
 .debug_info    0x000000000000a6be     0x1132 Middlewares/ST/STM32_USB_Device_Library/Core/Src/usbd_ctlreq.o
 .debug_info    0x000000000000b7f0      0xf23 Middlewares/ST/STM32_USB_Device_Library/Core/Src/usbd_ioreq.o
 .debug_info    0x000000000000c713      0xe6b USB_DEVICE/App/usb_device.o
 .debug_info    0x000000000000d57e     0x109b USB_DEVICE/App/usbd_cdc_if.o
 .debug_info    0x000000000000e619      0xd07 USB_DEVICE/App/usbd_desc.o
 .debug_info    0x000000000000f320     0x1d77 USB_DEVICE/Target/usbd_conf.o

.debug_abbrev   0x0000000000000000     0x2baf
 .debug_abbrev  0x0000000000000000      0x2c1 Core/Src/main.o
 .debug_abbrev  0x00000000000002c1      0x109 Core/Src/stm32f1xx_hal_msp.o
 .debug_abbrev  0x00000000000003ca      0x174 Core/Src/stm32f1xx_it.o
 .debug_abbrev  0x000000000000053e      0x134 Core/Src/system_stm32f1xx.o
 .debug_abbrev  0x0000000000000672       0x12 Core/Startup/startup_stm32f103c6tx.o
 .debug_abbrev  0x0000000000000684      0x1d8 Drivers/STM32F1xx_HAL_Driver/Src/stm32f1xx_hal.o
 .debug_abbrev  0x000000000000085c      0x2d5 Drivers/STM32F1xx_HAL_Driver/Src/stm32f1xx_hal_cortex.o
 .debug_abbrev  0x0000000000000b31      0x1fe Drivers/STM32F1xx_HAL_Driver/Src/stm32f1xx_hal_dma.o
 .debug_abbrev  0x0000000000000d2f      0x1c0 Drivers/STM32F1xx_HAL_Driver/Src/stm32f1xx_hal_gpio.o
 .debug_abbrev  0x0000000000000eef      0x263 Drivers/STM32F1xx_HAL_Driver/Src/stm32f1xx_hal_pcd.o
 .debug_abbrev  0x0000000000001152      0x188 Drivers/STM32F1xx_HAL_Driver/Src/stm32f1xx_hal_pcd_ex.o
 .debug_abbrev  0x00000000000012da      0x243 Drivers/STM32F1xx_HAL_Driver/Src/stm32f1xx_hal_rcc.o
 .debug_abbrev  0x000000000000151d      0x175 Drivers/STM32F1xx_HAL_Driver/Src/stm32f1xx_hal_rcc_ex.o
 .debug_abbrev  0x0000000000001692      0x1c5 Drivers/STM32F1xx_HAL_Driver/Src/stm32f1xx_ll_usb.o
 .debug_abbrev  0x0000000000001857      0x2b6 Middlewares/ST/STM32_USB_Device_Library/Class/CDC/Src/usbd_cdc.o
 .debug_abbrev  0x0000000000001b0d      0x270 Middlewares/ST/STM32_USB_Device_Library/Core/Src/usbd_core.o
 .debug_abbrev  0x0000000000001d7d      0x2a0 Middlewares/ST/STM32_USB_Device_Library/Core/Src/usbd_ctlreq.o
 .debug_abbrev  0x000000000000201d      0x1e0 Middlewares/ST/STM32_USB_Device_Library/Core/Src/usbd_ioreq.o
 .debug_abbrev  0x00000000000021fd      0x1be USB_DEVICE/App/usb_device.o
 .debug_abbrev  0x00000000000023bb      0x289 USB_DEVICE/App/usbd_cdc_if.o
 .debug_abbrev  0x0000000000002644      0x290 USB_DEVICE/App/usbd_desc.o
 .debug_abbrev  0x00000000000028d4      0x2db USB_DEVICE/Target/usbd_conf.o

.debug_aranges  0x0000000000000000      0xb08
 .debug_aranges
                0x0000000000000000       0x50 Core/Src/main.o
 .debug_aranges
                0x0000000000000050       0x20 Core/Src/stm32f1xx_hal_msp.o
 .debug_aranges
                0x0000000000000070       0x78 Core/Src/stm32f1xx_it.o
 .debug_aranges
                0x00000000000000e8       0x28 Core/Src/system_stm32f1xx.o
 .debug_aranges
                0x0000000000000110       0x28 Core/Startup/startup_stm32f103c6tx.o
 .debug_aranges
                0x0000000000000138       0xe0 Drivers/STM32F1xx_HAL_Driver/Src/stm32f1xx_hal.o
 .debug_aranges
                0x0000000000000218      0x100 Drivers/STM32F1xx_HAL_Driver/Src/stm32f1xx_hal_cortex.o
 .debug_aranges
                0x0000000000000318       0x80 Drivers/STM32F1xx_HAL_Driver/Src/stm32f1xx_hal_dma.o
 .debug_aranges
                0x0000000000000398       0x58 Drivers/STM32F1xx_HAL_Driver/Src/stm32f1xx_hal_gpio.o
 .debug_aranges
                0x00000000000003f0      0x120 Drivers/STM32F1xx_HAL_Driver/Src/stm32f1xx_hal_pcd.o
 .debug_aranges
                0x0000000000000510       0x38 Drivers/STM32F1xx_HAL_Driver/Src/stm32f1xx_hal_pcd_ex.o
 .debug_aranges
                0x0000000000000548       0x90 Drivers/STM32F1xx_HAL_Driver/Src/stm32f1xx_hal_rcc.o
 .debug_aranges
                0x00000000000005d8       0x30 Drivers/STM32F1xx_HAL_Driver/Src/stm32f1xx_hal_rcc_ex.o
 .debug_aranges
                0x0000000000000608      0x108 Drivers/STM32F1xx_HAL_Driver/Src/stm32f1xx_ll_usb.o
 .debug_aranges
                0x0000000000000710       0x90 Middlewares/ST/STM32_USB_Device_Library/Class/CDC/Src/usbd_cdc.o
 .debug_aranges
                0x00000000000007a0       0xb8 Middlewares/ST/STM32_USB_Device_Library/Core/Src/usbd_core.o
 .debug_aranges
                0x0000000000000858       0x88 Middlewares/ST/STM32_USB_Device_Library/Core/Src/usbd_ctlreq.o
 .debug_aranges
                0x00000000000008e0       0x50 Middlewares/ST/STM32_USB_Device_Library/Core/Src/usbd_ioreq.o
 .debug_aranges
                0x0000000000000930       0x20 USB_DEVICE/App/usb_device.o
 .debug_aranges
                0x0000000000000950       0x40 USB_DEVICE/App/usbd_cdc_if.o
 .debug_aranges
                0x0000000000000990       0x60 USB_DEVICE/App/usbd_desc.o
 .debug_aranges
                0x00000000000009f0      0x118 USB_DEVICE/Target/usbd_conf.o

.debug_ranges   0x0000000000000000      0x9b0
 .debug_ranges  0x0000000000000000       0x40 Core/Src/main.o
 .debug_ranges  0x0000000000000040       0x10 Core/Src/stm32f1xx_hal_msp.o
 .debug_ranges  0x0000000000000050       0x68 Core/Src/stm32f1xx_it.o
 .debug_ranges  0x00000000000000b8       0x18 Core/Src/system_stm32f1xx.o
 .debug_ranges  0x00000000000000d0       0x20 Core/Startup/startup_stm32f103c6tx.o
 .debug_ranges  0x00000000000000f0       0xd0 Drivers/STM32F1xx_HAL_Driver/Src/stm32f1xx_hal.o
 .debug_ranges  0x00000000000001c0       0xf0 Drivers/STM32F1xx_HAL_Driver/Src/stm32f1xx_hal_cortex.o
 .debug_ranges  0x00000000000002b0       0x70 Drivers/STM32F1xx_HAL_Driver/Src/stm32f1xx_hal_dma.o
 .debug_ranges  0x0000000000000320       0x48 Drivers/STM32F1xx_HAL_Driver/Src/stm32f1xx_hal_gpio.o
 .debug_ranges  0x0000000000000368      0x110 Drivers/STM32F1xx_HAL_Driver/Src/stm32f1xx_hal_pcd.o
 .debug_ranges  0x0000000000000478       0x28 Drivers/STM32F1xx_HAL_Driver/Src/stm32f1xx_hal_pcd_ex.o
 .debug_ranges  0x00000000000004a0       0x80 Drivers/STM32F1xx_HAL_Driver/Src/stm32f1xx_hal_rcc.o
 .debug_ranges  0x0000000000000520       0x20 Drivers/STM32F1xx_HAL_Driver/Src/stm32f1xx_hal_rcc_ex.o
 .debug_ranges  0x0000000000000540       0xf8 Drivers/STM32F1xx_HAL_Driver/Src/stm32f1xx_ll_usb.o
 .debug_ranges  0x0000000000000638       0x80 Middlewares/ST/STM32_USB_Device_Library/Class/CDC/Src/usbd_cdc.o
 .debug_ranges  0x00000000000006b8       0xa8 Middlewares/ST/STM32_USB_Device_Library/Core/Src/usbd_core.o
 .debug_ranges  0x0000000000000760       0x78 Middlewares/ST/STM32_USB_Device_Library/Core/Src/usbd_ctlreq.o
 .debug_ranges  0x00000000000007d8       0x40 Middlewares/ST/STM32_USB_Device_Library/Core/Src/usbd_ioreq.o
 .debug_ranges  0x0000000000000818       0x10 USB_DEVICE/App/usb_device.o
 .debug_ranges  0x0000000000000828       0x30 USB_DEVICE/App/usbd_cdc_if.o
 .debug_ranges  0x0000000000000858       0x50 USB_DEVICE/App/usbd_desc.o
 .debug_ranges  0x00000000000008a8      0x108 USB_DEVICE/Target/usbd_conf.o

.debug_macro    0x0000000000000000    0x15e28
 .debug_macro   0x0000000000000000      0x3db Core/Src/main.o
 .debug_macro   0x00000000000003db      0xa5a Core/Src/main.o
 .debug_macro   0x0000000000000e35      0x21b Core/Src/main.o
 .debug_macro   0x0000000000001050       0x2e Core/Src/main.o
 .debug_macro   0x000000000000107e       0x22 Core/Src/main.o
 .debug_macro   0x00000000000010a0       0x22 Core/Src/main.o
 .debug_macro   0x00000000000010c2       0x8e Core/Src/main.o
 .debug_macro   0x0000000000001150       0x51 Core/Src/main.o
 .debug_macro   0x00000000000011a1       0xef Core/Src/main.o
 .debug_macro   0x0000000000001290       0x6a Core/Src/main.o
 .debug_macro   0x00000000000012fa      0x1df Core/Src/main.o
 .debug_macro   0x00000000000014d9       0x1c Core/Src/main.o
 .debug_macro   0x00000000000014f5       0x22 Core/Src/main.o
 .debug_macro   0x0000000000001517       0xc3 Core/Src/main.o
 .debug_macro   0x00000000000015da      0xd23 Core/Src/main.o
 .debug_macro   0x00000000000022fd     0xde75 Core/Src/main.o
 .debug_macro   0x0000000000010172       0x43 Core/Src/main.o
 .debug_macro   0x00000000000101b5      0x174 Core/Src/main.o
 .debug_macro   0x0000000000010329       0x5a Core/Src/main.o
 .debug_macro   0x0000000000010383      0x5be Core/Src/main.o
 .debug_macro   0x0000000000010941      0x1b7 Core/Src/main.o
 .debug_macro   0x0000000000010af8      0x1cb Core/Src/main.o
 .debug_macro   0x0000000000010cc3      0x114 Core/Src/main.o
 .debug_macro   0x0000000000010dd7      0x1b2 Core/Src/main.o
 .debug_macro   0x0000000000010f89       0x27 Core/Src/main.o
 .debug_macro   0x0000000000010fb0      0x12f Core/Src/main.o
 .debug_macro   0x00000000000110df      0x1bc Core/Src/main.o
 .debug_macro   0x000000000001129b       0x34 Core/Src/main.o
 .debug_macro   0x00000000000112cf       0x3c Core/Src/main.o
 .debug_macro   0x000000000001130b       0x57 Core/Src/main.o
 .debug_macro   0x0000000000011362       0x88 Core/Src/main.o
 .debug_macro   0x00000000000113ea      0x183 Core/Src/main.o
 .debug_macro   0x000000000001156d      0x141 Core/Src/main.o
 .debug_macro   0x00000000000116ae       0x65 Core/Src/main.o
 .debug_macro   0x0000000000011713      0x249 Core/Src/main.o
 .debug_macro   0x000000000001195c       0x69 Core/Src/main.o
 .debug_macro   0x00000000000119c5       0x46 Core/Src/main.o
 .debug_macro   0x0000000000011a0b       0x18 Core/Src/main.o
 .debug_macro   0x0000000000011a23       0x3c Core/Src/main.o
 .debug_macro   0x0000000000011a5f       0x34 Core/Src/main.o
 .debug_macro   0x0000000000011a93       0x16 Core/Src/main.o
 .debug_macro   0x0000000000011aa9       0x35 Core/Src/main.o
 .debug_macro   0x0000000000011ade      0x32a Core/Src/main.o
 .debug_macro   0x0000000000011e08       0x10 Core/Src/main.o
 .debug_macro   0x0000000000011e18       0x52 Core/Src/main.o
 .debug_macro   0x0000000000011e6a       0x1f Core/Src/main.o
 .debug_macro   0x0000000000011e89       0x43 Core/Src/main.o
 .debug_macro   0x0000000000011ecc       0x20 Core/Src/main.o
 .debug_macro   0x0000000000011eec      0x1a3 Core/Src/main.o
 .debug_macro   0x000000000001208f       0x10 Core/Src/main.o
 .debug_macro   0x000000000001209f       0x1c Core/Src/main.o
 .debug_macro   0x00000000000120bb       0x52 Core/Src/main.o
 .debug_macro   0x000000000001210d       0x40 Core/Src/main.o
 .debug_macro   0x000000000001214d       0x10 Core/Src/main.o
 .debug_macro   0x000000000001215d       0x40 Core/Src/main.o
 .debug_macro   0x000000000001219d       0xd7 Core/Src/main.o
 .debug_macro   0x0000000000012274       0x1c Core/Src/main.o
 .debug_macro   0x0000000000012290       0x3d Core/Src/main.o
 .debug_macro   0x00000000000122cd       0x16 Core/Src/main.o
 .debug_macro   0x00000000000122e3      0x145 Core/Src/main.o
 .debug_macro   0x0000000000012428       0x16 Core/Src/main.o
 .debug_macro   0x000000000001243e       0x16 Core/Src/main.o
 .debug_macro   0x0000000000012454       0x29 Core/Src/main.o
 .debug_macro   0x000000000001247d       0x16 Core/Src/main.o
 .debug_macro   0x0000000000012493       0x20 Core/Src/main.o
 .debug_macro   0x00000000000124b3       0x60 Core/Src/main.o
 .debug_macro   0x0000000000012513      0x1c8 Core/Src/main.o
 .debug_macro   0x00000000000126db       0x8f Core/Src/main.o
 .debug_macro   0x000000000001276a      0x1a8 Core/Src/stm32f1xx_hal_msp.o
 .debug_macro   0x0000000000012912      0x1b2 Core/Src/stm32f1xx_it.o
 .debug_macro   0x0000000000012ac4      0x1a4 Core/Src/system_stm32f1xx.o
 .debug_macro   0x0000000000012c68      0x1c2 Drivers/STM32F1xx_HAL_Driver/Src/stm32f1xx_hal.o
 .debug_macro   0x0000000000012e2a      0x19e Drivers/STM32F1xx_HAL_Driver/Src/stm32f1xx_hal_cortex.o
 .debug_macro   0x0000000000012fc8      0x19e Drivers/STM32F1xx_HAL_Driver/Src/stm32f1xx_hal_dma.o
 .debug_macro   0x0000000000013166      0x209 Drivers/STM32F1xx_HAL_Driver/Src/stm32f1xx_hal_gpio.o
 .debug_macro   0x000000000001336f      0x1aa Drivers/STM32F1xx_HAL_Driver/Src/stm32f1xx_hal_pcd.o
 .debug_macro   0x0000000000013519      0x19e Drivers/STM32F1xx_HAL_Driver/Src/stm32f1xx_hal_pcd_ex.o
 .debug_macro   0x00000000000136b7      0x1b0 Drivers/STM32F1xx_HAL_Driver/Src/stm32f1xx_hal_rcc.o
 .debug_macro   0x0000000000013867      0x19e Drivers/STM32F1xx_HAL_Driver/Src/stm32f1xx_hal_rcc_ex.o
 .debug_macro   0x0000000000013a05      0x19e Drivers/STM32F1xx_HAL_Driver/Src/stm32f1xx_ll_usb.o
 .debug_macro   0x0000000000013ba3      0x3b5 Middlewares/ST/STM32_USB_Device_Library/Class/CDC/Src/usbd_cdc.o
 .debug_macro   0x0000000000013f58       0x97 Middlewares/ST/STM32_USB_Device_Library/Class/CDC/Src/usbd_cdc.o
 .debug_macro   0x0000000000013fef       0xfd Middlewares/ST/STM32_USB_Device_Library/Class/CDC/Src/usbd_cdc.o
 .debug_macro   0x00000000000140ec       0xbd Middlewares/ST/STM32_USB_Device_Library/Class/CDC/Src/usbd_cdc.o
 .debug_macro   0x00000000000141a9       0x54 Middlewares/ST/STM32_USB_Device_Library/Class/CDC/Src/usbd_cdc.o
 .debug_macro   0x00000000000141fd      0x39c Middlewares/ST/STM32_USB_Device_Library/Core/Src/usbd_core.o
 .debug_macro   0x0000000000014599      0x1ce Middlewares/ST/STM32_USB_Device_Library/Core/Src/usbd_core.o
 .debug_macro   0x0000000000014767      0x3a6 Middlewares/ST/STM32_USB_Device_Library/Core/Src/usbd_ctlreq.o
 .debug_macro   0x0000000000014b0d      0x3a2 Middlewares/ST/STM32_USB_Device_Library/Core/Src/usbd_ioreq.o
 .debug_macro   0x0000000000014eaf      0x3dc USB_DEVICE/App/usb_device.o
 .debug_macro   0x000000000001528b       0x22 USB_DEVICE/App/usb_device.o
 .debug_macro   0x00000000000152ad      0x3c7 USB_DEVICE/App/usbd_cdc_if.o
 .debug_macro   0x0000000000015674      0x3d9 USB_DEVICE/App/usbd_desc.o
 .debug_macro   0x0000000000015a4d       0x1c USB_DEVICE/App/usbd_desc.o
 .debug_macro   0x0000000000015a69      0x3bf USB_DEVICE/Target/usbd_conf.o

.debug_line     0x0000000000000000     0xc212
 .debug_line    0x0000000000000000      0xa5a Core/Src/main.o
 .debug_line    0x0000000000000a5a      0x635 Core/Src/stm32f1xx_hal_msp.o
 .debug_line    0x000000000000108f      0x70e Core/Src/stm32f1xx_it.o
 .debug_line    0x000000000000179d      0x665 Core/Src/system_stm32f1xx.o
 .debug_line    0x0000000000001e02       0x84 Core/Startup/startup_stm32f103c6tx.o
 .debug_line    0x0000000000001e86      0x80d Drivers/STM32F1xx_HAL_Driver/Src/stm32f1xx_hal.o
 .debug_line    0x0000000000002693      0x8e6 Drivers/STM32F1xx_HAL_Driver/Src/stm32f1xx_hal_cortex.o
 .debug_line    0x0000000000002f79      0xa74 Drivers/STM32F1xx_HAL_Driver/Src/stm32f1xx_hal_dma.o
 .debug_line    0x00000000000039ed      0x7f9 Drivers/STM32F1xx_HAL_Driver/Src/stm32f1xx_hal_gpio.o
 .debug_line    0x00000000000041e6      0xb00 Drivers/STM32F1xx_HAL_Driver/Src/stm32f1xx_hal_pcd.o
 .debug_line    0x0000000000004ce6      0x680 Drivers/STM32F1xx_HAL_Driver/Src/stm32f1xx_hal_pcd_ex.o
 .debug_line    0x0000000000005366      0x8cf Drivers/STM32F1xx_HAL_Driver/Src/stm32f1xx_hal_rcc.o
 .debug_line    0x0000000000005c35      0x6ed Drivers/STM32F1xx_HAL_Driver/Src/stm32f1xx_hal_rcc_ex.o
 .debug_line    0x0000000000006322      0xb19 Drivers/STM32F1xx_HAL_Driver/Src/stm32f1xx_ll_usb.o
 .debug_line    0x0000000000006e3b      0xaeb Middlewares/ST/STM32_USB_Device_Library/Class/CDC/Src/usbd_cdc.o
 .debug_line    0x0000000000007926      0xb26 Middlewares/ST/STM32_USB_Device_Library/Core/Src/usbd_core.o
 .debug_line    0x000000000000844c      0xbaf Middlewares/ST/STM32_USB_Device_Library/Core/Src/usbd_ctlreq.o
 .debug_line    0x0000000000008ffb      0x98f Middlewares/ST/STM32_USB_Device_Library/Core/Src/usbd_ioreq.o
 .debug_line    0x000000000000998a      0x971 USB_DEVICE/App/usb_device.o
 .debug_line    0x000000000000a2fb      0x9a8 USB_DEVICE/App/usbd_cdc_if.o
 .debug_line    0x000000000000aca3      0x9c3 USB_DEVICE/App/usbd_desc.o
 .debug_line    0x000000000000b666      0xbac USB_DEVICE/Target/usbd_conf.o

.debug_str      0x0000000000000000    0x6b061
 .debug_str     0x0000000000000000    0x68950 Core/Src/main.o
                                      0x68de4 (size before relaxing)
 .debug_str     0x0000000000068950       0x5a Core/Src/stm32f1xx_hal_msp.o
                                      0x6336b (size before relaxing)
 .debug_str     0x00000000000689aa      0x3b7 Core/Src/stm32f1xx_it.o
                                      0x638eb (size before relaxing)
 .debug_str     0x0000000000068d61       0xc2 Core/Src/system_stm32f1xx.o
                                      0x633d2 (size before relaxing)
 .debug_str     0x0000000000068e23       0x36 Core/Startup/startup_stm32f103c6tx.o
                                         0xa5 (size before relaxing)
 .debug_str     0x0000000000068e59      0x3bb Drivers/STM32F1xx_HAL_Driver/Src/stm32f1xx_hal.o
                                      0x639a9 (size before relaxing)
 .debug_str     0x0000000000069214      0x2a0 Drivers/STM32F1xx_HAL_Driver/Src/stm32f1xx_hal_cortex.o
                                      0x639b7 (size before relaxing)
 .debug_str     0x00000000000694b4      0x1cf Drivers/STM32F1xx_HAL_Driver/Src/stm32f1xx_hal_dma.o
                                      0x63733 (size before relaxing)
 .debug_str     0x0000000000069683      0x31f Drivers/STM32F1xx_HAL_Driver/Src/stm32f1xx_hal_gpio.o
                                      0x6371c (size before relaxing)
 .debug_str     0x00000000000699a2      0x3af Drivers/STM32F1xx_HAL_Driver/Src/stm32f1xx_hal_pcd.o
                                      0x63a03 (size before relaxing)
 .debug_str     0x0000000000069d51      0x18d Drivers/STM32F1xx_HAL_Driver/Src/stm32f1xx_hal_pcd_ex.o
                                      0x637df (size before relaxing)
 .debug_str     0x0000000000069ede      0x263 Drivers/STM32F1xx_HAL_Driver/Src/stm32f1xx_hal_rcc.o
                                      0x63755 (size before relaxing)
 .debug_str     0x000000000006a141       0xb9 Drivers/STM32F1xx_HAL_Driver/Src/stm32f1xx_hal_rcc_ex.o
                                      0x634e2 (size before relaxing)
 .debug_str     0x000000000006a1fa      0x304 Drivers/STM32F1xx_HAL_Driver/Src/stm32f1xx_ll_usb.o
                                      0x63849 (size before relaxing)
 .debug_str     0x000000000006a4fe      0x293 Middlewares/ST/STM32_USB_Device_Library/Class/CDC/Src/usbd_cdc.o
                                      0x68b4b (size before relaxing)
 .debug_str     0x000000000006a791      0x1b5 Middlewares/ST/STM32_USB_Device_Library/Core/Src/usbd_core.o
                                      0x6845f (size before relaxing)
 .debug_str     0x000000000006a946      0x134 Middlewares/ST/STM32_USB_Device_Library/Core/Src/usbd_ctlreq.o
                                      0x683e5 (size before relaxing)
 .debug_str     0x000000000006aa7a       0xc9 Middlewares/ST/STM32_USB_Device_Library/Core/Src/usbd_ioreq.o
                                      0x6836d (size before relaxing)
 .debug_str     0x000000000006ab43       0xc2 USB_DEVICE/App/usb_device.o
                                      0x686a8 (size before relaxing)
 .debug_str     0x000000000006ac05       0xb0 USB_DEVICE/App/usbd_cdc_if.o
                                      0x68721 (size before relaxing)
 .debug_str     0x000000000006acb5      0x258 USB_DEVICE/App/usbd_desc.o
                                      0x682d8 (size before relaxing)
 .debug_str     0x000000000006af0d      0x154 USB_DEVICE/Target/usbd_conf.o
                                      0x68f37 (size before relaxing)

.comment        0x0000000000000000       0x7b
 .comment       0x0000000000000000       0x7b Core/Src/main.o
                                         0x7c (size before relaxing)
 .comment       0x000000000000007b       0x7c Core/Src/stm32f1xx_hal_msp.o
 .comment       0x000000000000007b       0x7c Core/Src/stm32f1xx_it.o
 .comment       0x000000000000007b       0x7c Core/Src/system_stm32f1xx.o
 .comment       0x000000000000007b       0x7c Drivers/STM32F1xx_HAL_Driver/Src/stm32f1xx_hal.o
 .comment       0x000000000000007b       0x7c Drivers/STM32F1xx_HAL_Driver/Src/stm32f1xx_hal_cortex.o
 .comment       0x000000000000007b       0x7c Drivers/STM32F1xx_HAL_Driver/Src/stm32f1xx_hal_dma.o
 .comment       0x000000000000007b       0x7c Drivers/STM32F1xx_HAL_Driver/Src/stm32f1xx_hal_gpio.o
 .comment       0x000000000000007b       0x7c Drivers/STM32F1xx_HAL_Driver/Src/stm32f1xx_hal_pcd.o
 .comment       0x000000000000007b       0x7c Drivers/STM32F1xx_HAL_Driver/Src/stm32f1xx_hal_pcd_ex.o
 .comment       0x000000000000007b       0x7c Drivers/STM32F1xx_HAL_Driver/Src/stm32f1xx_hal_rcc.o
 .comment       0x000000000000007b       0x7c Drivers/STM32F1xx_HAL_Driver/Src/stm32f1xx_hal_rcc_ex.o
 .comment       0x000000000000007b       0x7c Drivers/STM32F1xx_HAL_Driver/Src/stm32f1xx_ll_usb.o
 .comment       0x000000000000007b       0x7c Middlewares/ST/STM32_USB_Device_Library/Class/CDC/Src/usbd_cdc.o
 .comment       0x000000000000007b       0x7c Middlewares/ST/STM32_USB_Device_Library/Core/Src/usbd_core.o
 .comment       0x000000000000007b       0x7c Middlewares/ST/STM32_USB_Device_Library/Core/Src/usbd_ctlreq.o
 .comment       0x000000000000007b       0x7c Middlewares/ST/STM32_USB_Device_Library/Core/Src/usbd_ioreq.o
 .comment       0x000000000000007b       0x7c USB_DEVICE/App/usb_device.o
 .comment       0x000000000000007b       0x7c USB_DEVICE/App/usbd_cdc_if.o
 .comment       0x000000000000007b       0x7c USB_DEVICE/App/usbd_desc.o
 .comment       0x000000000000007b       0x7c USB_DEVICE/Target/usbd_conf.o

.debug_frame    0x0000000000000000     0x2a78
 .debug_frame   0x0000000000000000      0x10c Core/Src/main.o
 .debug_frame   0x000000000000010c       0x38 Core/Src/stm32f1xx_hal_msp.o
 .debug_frame   0x0000000000000144      0x160 Core/Src/stm32f1xx_it.o
 .debug_frame   0x00000000000002a4       0x58 Core/Src/system_stm32f1xx.o
 .debug_frame   0x00000000000002fc      0x334 Drivers/STM32F1xx_HAL_Driver/Src/stm32f1xx_hal.o
 .debug_frame   0x0000000000000630      0x428 Drivers/STM32F1xx_HAL_Driver/Src/stm32f1xx_hal_cortex.o
 .debug_frame   0x0000000000000a58      0x208 Drivers/STM32F1xx_HAL_Driver/Src/stm32f1xx_hal_dma.o
 .debug_frame   0x0000000000000c60      0x14c Drivers/STM32F1xx_HAL_Driver/Src/stm32f1xx_hal_gpio.o
 .debug_frame   0x0000000000000dac      0x500 Drivers/STM32F1xx_HAL_Driver/Src/stm32f1xx_hal_pcd.o
 .debug_frame   0x00000000000012ac       0xb0 Drivers/STM32F1xx_HAL_Driver/Src/stm32f1xx_hal_pcd_ex.o
 .debug_frame   0x000000000000135c      0x21c Drivers/STM32F1xx_HAL_Driver/Src/stm32f1xx_hal_rcc.o
 .debug_frame   0x0000000000001578       0x84 Drivers/STM32F1xx_HAL_Driver/Src/stm32f1xx_hal_rcc_ex.o
 .debug_frame   0x00000000000015fc      0x4d8 Drivers/STM32F1xx_HAL_Driver/Src/stm32f1xx_ll_usb.o
 .debug_frame   0x0000000000001ad4      0x248 Middlewares/ST/STM32_USB_Device_Library/Class/CDC/Src/usbd_cdc.o
 .debug_frame   0x0000000000001d1c      0x300 Middlewares/ST/STM32_USB_Device_Library/Core/Src/usbd_core.o
 .debug_frame   0x000000000000201c      0x218 Middlewares/ST/STM32_USB_Device_Library/Core/Src/usbd_ctlreq.o
 .debug_frame   0x0000000000002234      0x10c Middlewares/ST/STM32_USB_Device_Library/Core/Src/usbd_ioreq.o
 .debug_frame   0x0000000000002340       0x2c USB_DEVICE/App/usb_device.o
 .debug_frame   0x000000000000236c       0xbc USB_DEVICE/App/usbd_cdc_if.o
 .debug_frame   0x0000000000002428      0x160 USB_DEVICE/App/usbd_desc.o
 .debug_frame   0x0000000000002588      0x4a4 USB_DEVICE/Target/usbd_conf.o
 .debug_frame   0x0000000000002a2c       0x2c c:/st/stm32cubeide_1.3.0/stm32cubeide/plugins/com.st.stm32cube.ide.mcu.externaltools.gnu-tools-for-stm32.7-2018-q2-update.win32_1.0.0.201904181610/tools/bin/../lib/gcc/arm-none-eabi/7.3.1/../../../../arm-none-eabi/lib/thumb/v7-m\libc_nano.a(lib_a-init.o)
 .debug_frame   0x0000000000002a58       0x20 c:/st/stm32cubeide_1.3.0/stm32cubeide/plugins/com.st.stm32cube.ide.mcu.externaltools.gnu-tools-for-stm32.7-2018-q2-update.win32_1.0.0.201904181610/tools/bin/../lib/gcc/arm-none-eabi/7.3.1/../../../../arm-none-eabi/lib/thumb/v7-m\libc_nano.a(lib_a-memset.o)
