11:14:57 **** Incremental Build of configuration Debug for project test2-stm32 ****
make -j12 all 
arm-none-eabi-gcc "../USB_DEVICE/App/usbd_cdc_if.c" -mcpu=cortex-m3 -std=gnu11 -g3 -DUSE_HAL_DRIVER -DSTM32F103xB -DDEBUG -c -I../USB_DEVICE/Target -I../Drivers/CMSIS/Device/ST/STM32F1xx/Include -I../Drivers/CMSIS/Include -I../Core/Inc -I../Middlewares/ST/STM32_USB_Device_Library/Class/CDC/Inc -I../USB_DEVICE/App -I../Drivers/STM32F1xx_HAL_Driver/Inc/Legacy -I../Drivers/STM32F1xx_HAL_Driver/Inc -I../Middlewares/ST/STM32_USB_Device_Library/Core/Inc -O0 -ffunction-sections -fdata-sections -Wall -fstack-usage -MMD -MP -MF"USB_DEVICE/App/usbd_cdc_if.d" -MT"USB_DEVICE/App/usbd_cdc_if.o" --specs=nano.specs -mfloat-abi=soft -mthumb -o "USB_DEVICE/App/usbd_cdc_if.o"
arm-none-eabi-g++ -o "test2-stm32.elf" @"objects.list"   -mcpu=cortex-m3 -T"C:\Users\Nicolas\Documents\my_documents\tb\tb_nm\tests_technologiques\stm32_workspace\test2-stm32\STM32F103C8TX_FLASH.ld" --specs=nosys.specs -Wl,-Map="test2-stm32.map" -Wl,--gc-sections -static --specs=nano.specs -mfloat-abi=soft -mthumb -Wl,--start-group -lc -lm -lstdc++ -lsupc++ -Wl,--end-group
Finished building target: test2-stm32.elf
 
arm-none-eabi-objdump -h -S  test2-stm32.elf  > "test2-stm32.list"
arm-none-eabi-objcopy  -O binary  test2-stm32.elf  "test2-stm32.bin"
arm-none-eabi-size   test2-stm32.elf 
   text	   data	    bss	    dec	    hex	filename
  23856	    388	   9636	  33880	   8458	test2-stm32.elf
Finished building: default.size.stdout
 
Finished building: test2-stm32.bin
 
Finished building: test2-stm32.list
 

11:14:59 Build Finished. 0 errors, 0 warnings. (took 2s.302ms)

