16:06:41 **** Incremental Build of configuration Debug for project test-stm32f103c6tx ****
make -j12 all 
arm-none-eabi-gcc "../Core/Src/main.c" -mcpu=cortex-m3 -std=gnu11 -g3 -DUSE_HAL_DRIVER -DSTM32F103x6 -DDEBUG -c -I../USB_DEVICE/Target -I../Drivers/CMSIS/Device/ST/STM32F1xx/Include -I../Drivers/CMSIS/Include -I../Core/Inc -I../Middlewares/ST/STM32_USB_Device_Library/Class/CDC/Inc -I../USB_DEVICE/App -I../Drivers/STM32F1xx_HAL_Driver/Inc/Legacy -I../Drivers/STM32F1xx_HAL_Driver/Inc -I../Middlewares/ST/STM32_USB_Device_Library/Core/Inc -O0 -ffunction-sections -fdata-sections -Wall -fstack-usage -MMD -MP -MF"Core/Src/main.d" -MT"Core/Src/main.o" --specs=nano.specs -mfloat-abi=soft -mthumb -o "Core/Src/main.o"
../Core/Src/main.c: In function 'main':
../Core/Src/main.c:198:13: warning: unused variable 't2' [-Wunused-variable]
    uint32_t t2 = t1;
             ^~
arm-none-eabi-g++ -o "test-stm32f103c6tx.elf" @"objects.list"   -mcpu=cortex-m3 -T"C:\Users\Nicolas\Documents\my_documents\tb\tb_nm\tests_technologiques\stm32_workspace\test-stm32f103c6tx\STM32F103C6TX_FLASH.ld" --specs=nosys.specs -Wl,-Map="test-stm32f103c6tx.map" -Wl,--gc-sections -static --specs=nano.specs -mfloat-abi=soft -mthumb -Wl,--start-group -lc -lm -lstdc++ -lsupc++ -Wl,--end-group
Finished building target: test-stm32f103c6tx.elf
 
arm-none-eabi-objdump -h -S  test-stm32f103c6tx.elf  > "test-stm32f103c6tx.list"
arm-none-eabi-objcopy  -O binary  test-stm32f103c6tx.elf  "test-stm32f103c6tx.bin"
arm-none-eabi-size   test-stm32f103c6tx.elf 
   text	   data	    bss	    dec	    hex	filename
  23636	    400	   8960	  32996	   80e4	test-stm32f103c6tx.elf
Finished building: default.size.stdout
 
Finished building: test-stm32f103c6tx.bin
 
Finished building: test-stm32f103c6tx.list
 

16:06:43 Build Finished. 0 errors, 1 warnings. (took 2s.303ms)

